Archive member included because of file (symbol)

../Libraries/string.a(conversions.o)
                              timer.o (string_to_uint32)
../Libraries/string.a(format.o)
                              main.o (string_print)
../Libraries/string.a(general-inlines.o)
                              ../Libraries/string.a(format.o) (string_scn)
../Libraries/string.a(character.o)
                              ../Libraries/string.a(general-inlines.o) (char_to_lower_case)
../Libraries/list.a(list.o)   timer.o (list_create)
../Libraries/pool_of_integers.a(pool_of_integers.o)
                              internal_memory.o (pool_of_integers_init)
../Libraries/pool_of_ranges.a(id_pool.o)
                              allocate.o (pool_allocate)
../Libraries/avl_tree.a(avl.o)
                              ../Libraries/pool_of_ranges.a(id_pool.o) (avl_tree_add_node)
../Libraries/avl_tree.a(avl_util.o)
                              ../Libraries/avl_tree.a(avl.o) (exchange)

Allocating common symbols
Common symbol       size              file

global_page_directory
                    0x4               virtual_memory.o
process_kernel      0x17c             thread.o
timers              0x1c              timer.o
registers           0x40              gdb.o
___strtok           0x4               ../Libraries/string.a(general-inlines.o)
multiboot_info      0x34              multiboot.o
pit_divisor         0x6               pit.o
irq_handlers        0x40              irq.o
pit_mode            0x3               pit.o
dma_channels        0x54              dma.o
multiboot_memory_map
                    0xc000            multiboot.o
sleep_timer         0x1c              timer_util.o
block_pool          0x4c              physical_memory_init.o
parsed              0xc               process.o
multiboot_module_info
                    0x200             multiboot.o
system_timer        0x1c              timer_util.o
thread_timer        0x1c              thread.o
remcomStack         0x2710            gdb.o
tss_kernel          0x6c              thread.o
irq_handlers_data   0x40              irq.o
thread_main         0x180             thread.o
gdb_i386errcode     0x4               gdb.o
kernel_stack        0x1000            init.o
current_stack_pointer
                    0x4               irq.o

Memory Configuration

Name             Origin             Length             Attributes
*default*        0x00000000         0xffffffff

Linker script and memory map

LOAD main.o
LOAD init.o
LOAD multiboot.o
LOAD parse.o
LOAD debug.o
LOAD gdb.o
LOAD cpu.o
LOAD cpu_bugs.o
LOAD cpu_id.o
LOAD halt.o
LOAD lock.o
LOAD irq.o
LOAD pic.o
LOAD exception.o
LOAD hardware.o
LOAD software.o
LOAD time.o
LOAD dma.o
LOAD dma_controller.o
LOAD pit.o
LOAD timer.o
LOAD timer_util.o
LOAD port.o
LOAD thread.o
LOAD elf.o
LOAD process.o
LOAD tss.o
LOAD allocate.o
LOAD deallocate.o
LOAD internal_memory.o
LOAD physical_memory_init.o
LOAD reserve.o
LOAD page.o
LOAD virtual_memory.o
LOAD memory.o
LOAD slab.o
LOAD system_call.o
LOAD irq_handlers.o
LOAD exception_lowlevel.o
LOAD thread_state.o
LOAD process_state.o
LOAD system_call_lowlevel.o
LOAD ../Libraries/string.a
LOAD ../Libraries/list.a
LOAD ../Libraries/pool_of_integers.a
LOAD ../Libraries/pool_of_ranges.a
LOAD ../Libraries/avl_tree.a
                0x00100074                . = (0x100000 + SIZEOF_HEADERS)

.interp
 *(.interp)

.hash
 *(.hash)

.dynsym
 *(.dynsym)

.dynstr
 *(.dynstr)

.gnu.version
 *(.gnu.version)

.gnu.version_d
 *(.gnu.version_d)

.gnu.version_r
 *(.gnu.version_r)

.rel.init
 *(.rel.init)

.rela.init
 *(.rela.init)

.rel.text
 *(.rel.text)
 *(.rel.text.*)
 *(.rel.gnu.linkonce.t.*)

.rela.text
 *(.rela.text)
 *(.rela.text.*)
 *(.rela.gnu.linkonce.t.*)

.rel.fini
 *(.rel.fini)

.rela.fini
 *(.rela.fini)

.rel.rodata
 *(.rel.rodata)
 *(.rel.rodata.*)
 *(.rel.gnu.linkonce.r.*)

.rela.rodata
 *(.rela.rodata)
 *(.rela.rodata.*)
 *(.rela.gnu.linkonce.r.*)

.rel.data
 *(.rel.data)
 *(.rel.data.*)
 *(.rel.gnu.linkonce.d.*)

.rela.data
 *(.rela.data)
 *(.rela.data.*)
 *(.rela.gnu.linkonce.d.*)

.rel.ctors
 *(.rel.ctors)

.rela.ctors
 *(.rela.ctors)

.rel.dtors
 *(.rel.dtors)

.rela.dtors
 *(.rela.dtors)

.rel.got
 *(.rel.got)

.rela.got
 *(.rela.got)

.rel.sdata
 *(.rel.sdata)
 *(.rel.sdata.*)
 *(.rel.gnu.linkonce.s.*)

.rela.sdata
 *(.rela.sdata)
 *(.rela.sdata.*)
 *(.rela.gnu.linkonce.s.*)

.rel.sbss
 *(.rel.sbss)
 *(.rel.sbss.*)
 *(.rel.gnu.linkonce.sb.*)

.rela.sbss
 *(.rela.sbss)
 *(.rela.sbss.*)
 *(.rel.gnu.linkonce.sb.*)

.rel.sdata2
 *(.rel.sdata2)
 *(.rel.sdata2.*)
 *(.rel.gnu.linkonce.s2.*)

.rela.sdata2
 *(.rela.sdata2)
 *(.rela.sdata2.*)
 *(.rela.gnu.linkonce.s2.*)

.rel.sbss2
 *(.rel.sbss2)
 *(.rel.sbss2.*)
 *(.rel.gnu.linkonce.sb2.*)

.rela.sbss2
 *(.rela.sbss2)
 *(.rela.sbss2.*)
 *(.rela.gnu.linkonce.sb2.*)

.rel.bss
 *(.rel.bss)
 *(.rel.bss.*)
 *(.rel.gnu.linkonce.b.*)

.rela.bss
 *(.rela.bss)
 *(.rela.bss.*)
 *(.rela.gnu.linkonce.b.*)

.rel.plt
 *(.rel.plt)

.rela.plt
 *(.rela.plt)

.init.pre       0x00100074        0xc
 *(.init.pre)
 .init.pre      0x00100074        0xc multiboot.o

.init
 *(.text.init)
 *(.data.init)
                0x00101000                . = ALIGN (0x1000)

.special        0x00101000     0x1000
 *(.gdt)
 .gdt           0x00101000      0x800 init.o
                0x00101000                gdt
 *(.idt)
 .idt           0x00101800      0x800 init.o
                0x00101800                idt
                0x00102000                . = ALIGN (0x1000)
                0x00102000                _init_end = .

.text           0x00102000     0xda62
 *(.text)
 .text          0x00102000      0x813 main.o
                0x00102480                main_bootup
 *fill*         0x00102813        0xd 9090
 .text          0x00102820       0xe3 init.o
                0x00102870                _start
 *fill*         0x00102903        0xd 9090
 .text          0x00102910      0x1f7 multiboot.o
                0x00102910                multiboot_init
 *fill*         0x00102b07        0x9 9090
 .text          0x00102b10      0x10f parse.o
                0x00102b10                arguments_parse
 *fill*         0x00102c1f        0x1 9090
 .text          0x00102c20      0x371 debug.o
                0x00102d40                system_debug_print
                0x00102c20                system_debug_init
 *fill*         0x00102f91        0xf 9090
 .text          0x00102fa0     0x18e2 gdb.o
                0x001038f8                catchException16
                0x001034c9                catchException5
                0x0010398e                catchException13
                0x001031ee                return_to_prog
                0x00103ae2                catchException14
                0x00103a38                catchException11
                0x00103433                catchException4
                0x00103271                catchException3
                0x00103e30                get_char
                0x0010368b                catchException8
                0x00104630                gdb_set_debug_traps
                0x0010339d                catchException0
                0x0010385b                catchException12
                0x00103250                gdb_i386vector
                0x001037be                catchException10
                0x00103307                catchException1
                0x001035f5                catchException7
                0x00104170                handle_exception
                0x00103e40                set_char
                0x00103728                catchException9
                0x0010355f                catchException6
                0x00102fa0                gdb_serial_init
 *fill*         0x00104882        0xe 9090
 .text          0x00104890       0xe4 cpu.o
                0x001048c0                cpu_init
                0x00104890                cpu_get_info
 *fill*         0x00104974        0xc 9090
 .text          0x00104980       0x8a cpu_bugs.o
                0x00104980                cpu_bugs_search
 *fill*         0x00104a0a        0x6 9090
 .text          0x00104a10      0xda7 cpu_id.o
                0x001050e0                response_cpu_sub_type
                0x00104b90                process_cpu_id
                0x001051d0                process_features
                0x00104e30                cpuid_get_cpu_speed
                0x00104a10                cpu_id_detect
                0x00104e80                process_vendor
                0x00104f10                response_cpu
                0x001054b0                process_amd_features
 *fill*         0x001057b7        0x9 9090
 .text          0x001057c0       0x66 halt.o
                0x001057c0                cpu_halt
 *fill*         0x00105826        0xa 9090
 .text          0x00105830       0x56 lock.o
                0x00105830                cpu_lock
                0x00105850                cpu_unlock
 *fill*         0x00105886        0xa 9090
 .text          0x00105890      0x433 irq.o
                0x00105a00                irq_register
                0x00105b40                irq_unregister
                0x00105890                irq_init
 *fill*         0x00105cc3        0xd 9090
 .text          0x00105cd0      0x474 pic.o
                0x00105ff0                pic_enable_all_irq
                0x00105dd0                pic_enable_irq
                0x00106070                pic_acknowledge
                0x00105cd0                pic_remap_irq
                0x00106060                pic_init
                0x00105ee0                pic_disable_irq
                0x00106020                pic_disable_all_irq
 *fill*         0x00106144        0xc 9090
 .text          0x00106150       0xb4 exception.o
                0x00106150                exception_init
 *fill*         0x00106204        0xc 9090
 .text          0x00106210      0xc2a hardware.o
                0x001062f0                EXCEPTION_HANDLER_DEVICE_NOT_AVAILABLE
                0x00106270                EXCEPTION_HANDLER_BREAKPOINT
                0x00106210                EXCEPTION_HANDLER_DIVIDE_ERROR
                0x00106250                EXCEPTION_HANDLER_NONMASKABLE_INTERRUPT
                0x00106290                EXCEPTION_HANDLER_OVERFLOW
                0x00106410                EXCEPTION_HANDLER_FLOATING_POINT_ERROR
                0x00106230                EXCEPTION_HANDLER_DEBUG
                0x00106330                EXCEPTION_HANDLER_COPROCESSOR_SEGMENT_OVERRUN
                0x00106450                EXCEPTION_HANDLER_MACHINE_CHECK
                0x00106390                EXCEPTION_HANDLER_STACK_FAULT
                0x001063d0                EXCEPTION_HANDLER_PAGE_FAULT
                0x001063f0                EXCEPTION_HANDLER_DUMMY
                0x00106e30                exception_hardware_init
                0x00106470                EXCEPTION_HANDLER_STREAMING_SIMD_EXTENSIONS
                0x00106370                EXCEPTION_HANDLER_SEGMENT_NOT_PRESENT
                0x00106350                EXCEPTION_HANDLER_INVALID_TSS
                0x00106430                EXCEPTION_HANDLER_ALIGNMENT_CHECK
                0x00106310                EXCEPTION_HANDLER_DOUBLE_FAULT
                0x00106be0                exception_print_screen
                0x001063b0                EXCEPTION_HANDLER_GENERAL_PROTECTION
                0x001062d0                EXCEPTION_HANDLER_INVALID_OPCODE
                0x001062b0                EXCEPTION_HANDLER_BOUND_RANGE_EXCEEDED
 *fill*         0x00106e3a        0x6 9090
 .text          0x00106e40      0x41a software.o
                0x00106e40                exception_add_handler
                0x00106f50                exception_invoke_handler
                0x00106eb0                exception_remove_handler
                0x00107250                exception_software_init
 *fill*         0x0010725a        0x6 9090
 .text          0x00107260      0x748 time.o
                0x00107830                clock_init
 *fill*         0x001079a8        0x8 9090
 .text          0x001079b0      0x1c5 dma.o
                0x00107a80                dma_unregister
                0x00107ab0                dma_transfer
                0x00107a40                dma_register
                0x001079b0                dma_init
 *fill*         0x00107b75        0xb 9090
 .text          0x00107b80      0x8e0 dma_controller.o
                0x00107d50                dma_contoller_disable_channel
                0x00107c50                dma_contoller_enable_channel
                0x00108350                dma_controller_transfer_cancel
                0x00107b80                dma_controller_init
                0x00107e50                dma_controller_transfer_start
 .text          0x00108460      0x388 pit.o
                0x00108460                pit_init
                0x00108520                pit_frequency_set
                0x00108750                pit_counter_read
                0x00108490                pit_mode_set
 *fill*         0x001087e8        0x8 9090
 .text          0x001087f0      0x4b4 timer.o
                0x00108b80                timer_write
                0x00108950                timer_create
                0x00108ab0                timer_set_period
                0x001089f0                timer_destroy
                0x00108bb0                timer_init
                0x00108a20                timer_start
                0x00108b20                timer_read
                0x00108a70                timer_stop
 *fill*         0x00108ca4        0xc 9090
 .text          0x00108cb0      0x126 timer_util.o
                0x00108d60                timer_system_read
                0x00108cc0                timer_sleep_milli
                0x00108d80                timer_system_init
                0x00108d20                timer_sleep_micro
                0x00108d30                timer_sleep_init
 *fill*         0x00108dd6        0xa 9090
 .text          0x00108de0       0x2a port.o
                0x00108df0                io_port_register
                0x00108de0                io_port_init
                0x00108e00                io_port_unregister
 *fill*         0x00108e0a        0x6 9090
 .text          0x00108e10      0x94f thread.o
                0x00109070                thread_exit
                0x001093c0                thread_init
                0x001090f0                thread_switch_to_next
                0x00108e30                thread_lock
                0x00108ec0                thread_unlock
                0x00109090                thread_name_set
                0x00109050                thread_destroy
                0x001090c0                thread_name_get
                0x00108e10                thread_get_current
                0x00108f20                thread_create
                0x001092d0                thread_print_list
 *fill*         0x0010975f        0x1 9090
 .text          0x00109760      0xef4 elf.o
                0x0010a100                elf_load_program
                0x00109e90                elf_symbol_find_by_name
                0x001099b0                elf_resolve
                0x00109760                elf_identify
                0x0010a0c0                elf_parse_program
                0x00109e30                elf_symbol_find_by_index
                0x00109b60                elf_relocate
                0x00109870                elf_parse
                0x00109f40                elf_load_module
 *fill*         0x0010a654        0xc 9090
 .text          0x0010a660      0x7ef process.o
                0x0010ab10                process_print_list
                0x0010a6d0                dump_stack
                0x0010a980                process_create
                0x0010abd0                process_init
                0x0010aae0                process_name_get
                0x0010aab0                process_name_set
                0x0010a6f0                process_thread_create
                0x0010a660                process_get_current
 *fill*         0x0010ae4f        0x1 9090
 .text          0x0010ae50       0xf4 tss.o
                0x0010ae50                tss_create
 *fill*         0x0010af44        0xc 9090
 .text          0x0010af50       0x8d allocate.o
                0x0010af50                physical_memory_allocate
 *fill*         0x0010afdd        0x3 9090
 .text          0x0010afe0       0x43 deallocate.o
                0x0010afe0                physical_memory_deallocate
 *fill*         0x0010b023        0xd 9090
 .text          0x0010b030       0xa8 internal_memory.o
                0x0010b030                internal_memory_init
                0x0010b050                internal_memory_deinit
 *fill*         0x0010b0d8        0x8 9090
 .text          0x0010b0e0      0x465 physical_memory_init.o
                0x0010b350                physical_memory_init
                0x0010b340                physical_memory_get_free_pages
                0x0010b330                physical_memory_get_total_pages
 *fill*         0x0010b545        0xb 9090
 .text          0x0010b550       0x4a reserve.o
                0x0010b550                physical_memory_reserve
 *fill*         0x0010b59a        0x6 9090
 .text          0x0010b5a0      0x2a3 page.o
                0x0010b5a0                page_lookup
                0x0010b760                page_system_init
                0x0010b680                page_map
                0x0010b7a0                page_enable
 *fill*         0x0010b843        0xd 9090
 .text          0x0010b850      0x563 virtual_memory.o
                0x0010ba10                virtual_memory_destroy
                0x0010bb10                virtual_memory_map
                0x0010ba90                virtual_memory_deallocate
                0x0010b8d0                virtual_memory_create
                0x0010bb40                virtual_memory_lookup
                0x0010ba50                virtual_memory_allocate
                0x0010bb70                virtual_memory_init
                0x0010bad0                virtual_memory_reserve
 *fill*         0x0010bdb3        0xd 9090
 .text          0x0010bdc0       0xaa memory.o
                0x0010be10                global_memory_allocate
                0x0010be60                global_memory_deallocate
                0x0010bdc0                global_memory_init
 *fill*         0x0010be6a        0x6 9090
 .text          0x0010be70      0x23c slab.o
                0x0010bf00                slab_superblock_init
                0x0010be70                slab_heap_index
                0x0010beb0                slab_heap_init
 *fill*         0x0010c0ac        0x4 9090
 .text          0x0010c0b0      0x183 system_call.o
                0x0010c0b0                system_call_init
                0x0010c120                system_call
 *fill*         0x0010c233        0x1 9090
 .text          0x0010c234      0x348 irq_handlers.o
                0x0010c2dc                irq4_handler
                0x0010c384                irq7_handler
                0x0010c464                irq11_handler
                0x0010c544                irq15_handler
                0x0010c4d4                irq13_handler
                0x0010c50c                irq14_handler
                0x0010c49c                irq12_handler
                0x0010c2a4                irq3_handler
                0x0010c26c                irq1_handler
                0x0010c34c                irq6_handler
                0x0010c42c                irq10_handler
                0x0010c234                irq0_handler
                0x0010c3f4                irq9_handler
                0x0010c3bc                irq8_handler
                0x0010c314                irq5_handler
 .text          0x0010c57c      0x32b exception_lowlevel.o
                0x0010c734                EXCEPTION_HANDLER_SEGMENT_NOT_PRESENT_LOWLEVEL
                0x0010c66c                EXCEPTION_HANDLER_INVALID_OPCODE_LOWLEVEL
                0x0010c857                EXCEPTION_HANDLER_MACHINE_CHECK_LOWLEVEL
                0x0010c75c                EXCEPTION_HANDLER_STACK_FAULT_LOWLEVEL
                0x0010c807                EXCEPTION_HANDLER_FLOATING_POINT_ERROR_LOWLEVEL
                0x0010c70c                EXCEPTION_HANDLER_INVALID_TSS_LOWLEVEL
                0x0010c694                EXCEPTION_HANDLER_DEVICE_NOT_AVAILABLE_LOWLEVEL
                0x0010c7df                EXCEPTION_HANDLER_DUMMY_LOWLEVEL
                0x0010c87f                EXCEPTION_HANDLER_STREAMING_SIMD_EXTENSIONS_LOWLEVEL
                0x0010c57c                EXCEPTION_HANDLER_DIVIDE_ERROR_LOWLEVEL
                0x0010c644                EXCEPTION_HANDLER_BOUND_RANGE_EXCEEDED_LOWLEVEL
                0x0010c6e4                EXCEPTION_HANDLER_COPROCESSOR_SEGMENT_OVERRUN_LOWLEVEL
                0x0010c5cc                EXCEPTION_HANDLER_NONMASKABLE_INTERRUPT_LOWLEVEL
                0x0010c61c                EXCEPTION_HANDLER_OVERFLOW_LOWLEVEL
                0x0010c5a4                EXCEPTION_HANDLER_DEBUG_LOWLEVEL
                0x0010c784                EXCEPTION_HANDLER_GENERAL_PROTECTION_LOWLEVEL
                0x0010c82f                EXCEPTION_HANDLER_ALIGNMENT_CHECK_LOWLEVEL
                0x0010c6bc                EXCEPTION_HANDLER_DOUBLE_FAULT_LOWLEVEL
                0x0010c5f4                EXCEPTION_HANDLER_BREAKPOINT_LOWLEVEL
                0x0010c7ac                EXCEPTION_HANDLER_PAGE_FAULT_LOWLEVEL
 *fill*         0x0010c8a7        0x1 9090
 .text          0x0010c8a8       0x49 thread_state.o
                0x0010c8da                thread_exit_lowlevel
                0x0010c8e6                thread_load_state
                0x0010c8a8                thread_yield
                0x0010c8e0                thread_load_state2
 *fill*         0x0010c8f1        0x3 9090
 .text          0x0010c8f4       0x15 process_state.o
                0x0010c8f4                process_load_state
 *fill*         0x0010c909        0x3 9090
 .text          0x0010c90c       0x1a system_call_lowlevel.o
                0x0010c90c                system_call_lowlevel
 *fill*         0x0010c926        0xa 9090
 .text          0x0010c930      0x83e ../Libraries/string.a(conversions.o)
                0x0010d090                string_to_uint32
                0x0010cb50                string_to_int32_with_base_autodetect
                0x0010cfa0                string_to_int32
                0x0010c930                string_to_double
                0x0010cd10                uint32_to_string
 *fill*         0x0010d16e        0x2 9090
 .text          0x0010d170      0x9a2 ../Libraries/string.a(format.o)
                0x0010d170                string_print
                0x0010d730                string_scan_va
                0x0010d190                string_print_va
                0x0010d710                string_scan
 *fill*         0x0010db12        0xe 9090
 .text          0x0010db20      0x318 ../Libraries/string.a(general-inlines.o)
                0x0010dc60                string_sep
                0x0010dd70                string_scn
                0x0010db70                string_tok
                0x0010ddc0                string_i_compare_max
                0x0010db20                string_pbrk
                0x0010dd30                string_spn
 *fill*         0x0010de38        0x8 9090
 .text          0x0010de40      0x1f4 ../Libraries/string.a(character.o)
                0x0010dfc0                char_is_upper
                0x0010df60                char_is_digit
                0x0010df80                char_is_lower
                0x0010dfe0                char_is_heximal_digit
                0x0010de60                char_to_lower_case
                0x0010dec0                int_to_char
                0x0010de80                char_to_int
                0x0010dfa0                char_is_space
                0x0010df50                char_is_control
                0x0010e010                char_is_number
                0x0010df30                char_is_alpha
                0x0010de40                char_to_upper_case
                0x0010def0                char_is_alpha_or_number
 *fill*         0x0010e034        0xc 9090
 .text          0x0010e040      0x1b4 ../Libraries/list.a(list.o)
                0x0010e090                list_node_insert
                0x0010e140                list_node_remove_last
                0x0010e100                list_node_remove
                0x0010e040                list_create
                0x0010e180                list_get_iterator
                0x0010e1a0                list_get_reverse_iterator
 *fill*         0x0010e1f4        0xc 9090
 .text          0x0010e200      0x417 ../Libraries/pool_of_integers.a(pool_of_integers.o)
                0x0010e200                pool_of_integers_init
                0x0010e3b0                pool_of_integers_allocate
                0x0010e4b0                pool_of_integers_deallocate
                0x0010e290                pool_of_integers_reserve
 *fill*         0x0010e617        0x9 9090
 .text          0x0010e620      0x684 ../Libraries/pool_of_ranges.a(id_pool.o)
                0x0010ec40                pool_is_empty
                0x0010eb20                pool_init
                0x0010e620                pool_allocate
                0x0010ec10                pool_is_full
                0x0010ec00                pool_get_iterator
                0x0010e920                pool_deallocate
                0x0010e700                pool_reserve
 *fill*         0x0010eca4        0xc 9090
 .text          0x0010ecb0      0x4ff ../Libraries/avl_tree.a(avl.o)
                0x0010f090                avl_tree_destroy
                0x0010ef10                avl_tree_search_node
                0x0010f0d0                avl_tree_get_smallest_node
                0x0010f160                avl_tree_get_reverse_iterator
                0x0010f100                avl_tree_get_largest_node
                0x0010f050                avl_tree_create
                0x0010ed40                avl_tree_add_node
                0x0010efc0                avl_tree_search_nearest_node
                0x0010f130                avl_tree_get_iterator
                0x0010edd0                avl_tree_delete_node
                0x0010f0a0                avl_tree_update_node
 *fill*         0x0010f1af        0x1 9090
 .text          0x0010f1b0      0x8b2 ../Libraries/avl_tree.a(avl_util.o)
                0x0010fa30                get_most_left_node
                0x0010fa10                get_right_level
                0x0010fa50                get_most_right_node
                0x0010f9f0                get_left_level
                0x0010f1b0                exchange
                0x0010f800                update
                0x0010f9c0                get_pointer_from_parent
                0x0010f8c0                update2
 *(.text.*)
 *(.stub)
 *(.gnu.warning)
 *(.gnu.linkonce.t.*)

.fini
 *(.fini)
                0x0010fa62                PROVIDE (__etext, .)
                0x0010fa62                PROVIDE (_etext, .)
                0x0010fa62                PROVIDE (etext, .)

.rodata         0x0010fa80     0x1d4d
 *(.rodata)
 .rodata        0x0010fa80      0x1a5 main.o
 *fill*         0x0010fc25       0x1b 00
 .rodata        0x0010fc40       0x68 debug.o
 *fill*         0x0010fca8        0x8 00
 .rodata        0x0010fcb0      0x154 gdb.o
 *fill*         0x0010fe04        0xc 00
 .rodata        0x0010fe10       0xd8 cpu_id.o
 .rodata        0x0010fee8       0x65 irq.o
 *fill*         0x0010ff4d       0x13 00
 .rodata        0x0010ff60       0xf3 pic.o
 .rodata        0x00110053       0x11 exception.o
 *fill*         0x00110064       0x1c 00
 .rodata        0x00110080      0x80b hardware.o
 *fill*         0x0011088b       0x15 00
 .rodata        0x001108a0      0x180 software.o
 .rodata        0x00110a20       0x35 time.o
 *fill*         0x00110a55        0xb 00
 .rodata        0x00110a60      0x2df dma_controller.o
 *fill*         0x00110d3f        0x1 00
 .rodata        0x00110d40      0x162 pit.o
 .rodata        0x00110ea2        0x5 timer.o
 .rodata        0x00110ea7        0xa thread.o
 *fill*         0x00110eb1        0xf 00
 .rodata        0x00110ec0      0x163 elf.o
 *fill*         0x00111023       0x1d 00
 .rodata        0x00111040      0x139 process.o
 .rodata        0x00111179       0x2c allocate.o
 *fill*         0x001111a5       0x1b 00
 .rodata        0x001111c0      0x108 physical_memory_init.o
 *fill*         0x001112c8       0x18 00
 .rodata        0x001112e0       0xad virtual_memory.o
 *fill*         0x0011138d       0x13 00
 .rodata        0x001113a0       0x20 slab.o
                0x001113a0                slab_block_size
 .rodata        0x001113c0       0x40 system_call.o
 .rodata        0x00111400       0x85 ../Libraries/string.a(conversions.o)
 *fill*         0x00111485        0xb 00
 .rodata        0x00111490      0x32c ../Libraries/string.a(format.o)
 .rodata        0x001117bc       0x11 ../Libraries/string.a(character.o)
 *(.rodata.*)
 *(.gnu.linkonce.r.*)

.rodata1
 *(.rodata1)

.sdata2
 *(.sdata2)
 *(.sdata2.*)
 *(.gnu.linkonce.s2.*)

.sbss2
 *(.sbss2)
 *(.sbss2.*)
 *(.gnu.linkonce.sb2.*)
                0x001127cd                . = (ALIGN (0x1000) + (. & 0xfff))

.data           0x001127e0     0x20f4
 *(.data)
 .data          0x001127e0     0x1aac main.o
                0x00114275                parse_parameters
                0x00114288                storm_environ
                0x00114248                storm_info
                0x0011426a                parse_disable
                0x00114260                parse_enable
                0x001127e0                subsystem_built_in
 *fill*         0x0011428c       0x14 00
 .data          0x001142a0       0x34 init.o
 .data          0x001142d4       0x19 debug.o
 *fill*         0x001142ed        0x3 00
 .data          0x001142f0       0x24 gdb.o
                0x00114304                remote_debug
                0x001142f0                i386at_serial_basetable
                0x00114300                i386at_serial_iobase
 *fill*         0x00114314        0xc 00
 .data          0x00114320      0x288 cpu_id.o
                0x00114320                Vendor_records
                0x0011446a                family7
                0x00114440                family6
                0x00114374                family2
                0x0011436e                family1
                0x001143e0                family5
                0x00114368                family0
                0x00114480                CPU_families
                0x0011437a                family3
                0x001144c0                CPU_sub_records
                0x00114380                family4
 .data          0x001145a8        0x4 exception.o
                0x001145a8                output_enabled
 *fill*         0x001145ac       0x14 00
 .data          0x001145c0      0x1a4 hardware.o
                0x001145c0                exception_hardware_descriptions
 .data          0x00114764       0x30 time.o
 .data          0x00114794       0x1d timer.o
                0x00114794                hz
                0x00114798                ticks
 *fill*         0x001147b1        0x3 00
 .data          0x001147b4        0x4 timer_util.o
 *fill*         0x001147b8        0x8 00
 .data          0x001147c0       0x80 thread.o
                0x001147e0                waiting_threads
                0x001147c0                current_thread
                0x001147c4                running_threads
                0x00114830                jump_data
                0x001147fc                threads_lock
 .data          0x00114840       0x6c process.o
                0x0011485c                processes_lock
                0x00114840                processes
                0x00114860                current_process
 .data          0x001148ac        0xc internal_memory.o
                0x001148b0                imemory
 .data          0x001148b8        0xc virtual_memory.o
                0x001148bc                rmi
 .data          0x001148c4        0xc memory.o
                0x001148c4                memory_structure
 .data          0x001148d0        0x4 ../Libraries/string.a(character.o)
 *(.data.*)
 *(.gnu.linkonce.d.*)

.data1
 *(.data1)

.eh_frame
 *(.eh_frame)

.gcc_except_table
 *(.gcc_except_table)

.ctors
 *crtbegin.o(.ctors)
 *(EXCLUDE_FILE(*crtend.o) .ctors)
 *(SORT(.ctors.*))
 *(.ctors)

.dtors
 *crtbegin.o(.dtors)
 *(EXCLUDE_FILE(*crtend.o) .dtors)
 *(SORT(.dtors.*))
 *(.dtors)

.got
 *(.got.plt)
 *(.got)

.dynamic
 *(.dynamic)

.sdata
 *(.sdata)
 *(.sdata.*)
 *(.gnu.linkonce.s.*)
                0x001148d4                _edata = .
                0x001148d4                PROVIDE (edata, .)
                0x001148d4                __bss_start = .

.sbss           0x001148d4        0x0
                0x001148d4                PROVIDE (__sbss_start, .)
                0x001148d4                PROVIDE (___sbss_start, .)
 *(.dynsbss)
 *(.sbss)
 *(.sbss.*)
 *(.gnu.linkonce.sb.*)
 *(.scommon)
                0x001148d4                PROVIDE (__sbss_end, .)
                0x001148d4                PROVIDE (___sbss_end, .)

.bss            0x001148e0    0x21014
 *(.dynbss)
 *(.bss)
 .bss           0x001148e0      0x404 init.o
 *fill*         0x00114ce4       0x1c 00
 .bss           0x00114d00      0x900 multiboot.o
 .bss           0x00115600      0x350 gdb.o
 *fill*         0x00115950       0x10 00
 .bss           0x00115960      0x108 cpu.o
 .bss           0x00115a68        0x8 software.o
 .bss           0x00115a70        0x8 time.o
 *fill*         0x00115a78        0x8 00
 .bss           0x00115a80      0x180 thread.o
 .bss           0x00115c00      0x37c process.o
 *fill*         0x00115f7c        0x4 00
 .bss           0x00115f80     0x7d14 internal_memory.o
 *fill*         0x0011dc94        0xc 00
 .bss           0x0011dca0     0x7d34 virtual_memory.o
 *(.bss.*)
 *(.gnu.linkonce.b.*)
 *(COMMON)
 *fill*         0x001259d4        0xc 00
 COMMON         0x001259e0     0x1000 init.o
                                  0x0 (size before relaxing)
                0x001259e0                kernel_stack
 COMMON         0x001269e0     0xc240 multiboot.o
                                  0x0 (size before relaxing)
                0x001269e0                multiboot_info
                0x00126a20                multiboot_memory_map
                0x00132a20                multiboot_module_info
 COMMON         0x00132c20     0x2754 gdb.o
                                  0x0 (size before relaxing)
                0x00132c20                registers
                0x00132c60                remcomStack
                0x00135370                gdb_i386errcode
 *fill*         0x00135374        0xc 00
 COMMON         0x00135380       0x84 irq.o
                                  0x0 (size before relaxing)
                0x00135380                irq_handlers
                0x001353c0                irq_handlers_data
                0x00135400                current_stack_pointer
 *fill*         0x00135404       0x1c 00
 COMMON         0x00135420       0x54 dma.o
                                  0x0 (size before relaxing)
                0x00135420                dma_channels
 COMMON         0x00135474        0x9 pit.o
                                  0x0 (size before relaxing)
                0x00135474                pit_divisor
                0x0013547a                pit_mode
 *fill*         0x0013547d        0x3 00
 COMMON         0x00135480       0x1c timer.o
                                  0x0 (size before relaxing)
                0x00135480                timers
 COMMON         0x0013549c       0x38 timer_util.o
                                  0x0 (size before relaxing)
                0x0013549c                sleep_timer
                0x001354b8                system_timer
 *fill*         0x001354d4        0xc 00
 COMMON         0x001354e0      0x3a0 thread.o
                                  0x0 (size before relaxing)
                0x001354e0                process_kernel
                0x0013565c                thread_timer
                0x00135680                tss_kernel
                0x00135700                thread_main
 COMMON         0x00135880        0xc process.o
                                  0x0 (size before relaxing)
                0x00135880                parsed
 *fill*         0x0013588c       0x14 00
 COMMON         0x001358a0       0x4c physical_memory_init.o
                                  0x0 (size before relaxing)
                0x001358a0                block_pool
 COMMON         0x001358ec        0x4 virtual_memory.o
                                  0x0 (size before relaxing)
                0x001358ec                global_page_directory
 COMMON         0x001358f0        0x4 ../Libraries/string.a(general-inlines.o)
                                  0x0 (size before relaxing)
                0x001358f0                ___strtok
                0x001358f4                . = ALIGN (0x4)
                0x001358f4                . = ALIGN (0x4)
                0x001358f4                _end = .
                0x001358f4                PROVIDE (end, .)

.stab           0x00000000     0xa47c
 *(.stab)
 .stab          0x00000000     0x18b4 ../Libraries/string.a(conversions.o)
                               0x18c0 (size before relaxing)
 .stab          0x000018b4     0x1320 ../Libraries/string.a(format.o)
                               0x1728 (size before relaxing)
 .stab          0x00002bd4      0xd98 ../Libraries/string.a(general-inlines.o)
                               0x11a0 (size before relaxing)
 .stab          0x0000396c      0x864 ../Libraries/string.a(character.o)
                                0xc6c (size before relaxing)
 .stab          0x000041d0      0x8f4 ../Libraries/list.a(list.o)
                                0xc24 (size before relaxing)
 .stab          0x00004ac4      0xd38 ../Libraries/pool_of_integers.a(pool_of_integers.o)
                               0x10ec (size before relaxing)
 .stab          0x000057fc     0x1da0 ../Libraries/pool_of_ranges.a(id_pool.o)
                               0x1e6c (size before relaxing)
 .stab          0x0000759c     0x138c ../Libraries/avl_tree.a(avl.o)
                               0x19f8 (size before relaxing)
 .stab          0x00008928     0x1b54 ../Libraries/avl_tree.a(avl_util.o)
                               0x2220 (size before relaxing)

.stabstr        0x00000000     0x9343
 *(.stabstr)
 .stabstr       0x00000000     0x9343 ../Libraries/string.a(conversions.o)
                                  0x0 (size before relaxing)

.stab.excl
 *(.stab.excl)

.stab.exclstr
 *(.stab.exclstr)

.stab.index
 *(.stab.index)

.stab.indexstr
 *(.stab.indexstr)

.comment        0x00000000      0x33c
 *(.comment)
 .comment       0x00000000       0x12 main.o
 .comment       0x00000012       0x12 init.o
 .comment       0x00000024       0x12 multiboot.o
 .comment       0x00000036       0x12 parse.o
 .comment       0x00000048       0x12 debug.o
 .comment       0x0000005a       0x12 gdb.o
 .comment       0x0000006c       0x12 cpu.o
 .comment       0x0000007e       0x12 cpu_bugs.o
 .comment       0x00000090       0x12 cpu_id.o
 .comment       0x000000a2       0x12 halt.o
 .comment       0x000000b4       0x12 lock.o
 .comment       0x000000c6       0x12 irq.o
 .comment       0x000000d8       0x12 pic.o
 .comment       0x000000ea       0x12 exception.o
 .comment       0x000000fc       0x12 hardware.o
 .comment       0x0000010e       0x12 software.o
 .comment       0x00000120       0x12 time.o
 .comment       0x00000132       0x12 dma.o
 .comment       0x00000144       0x12 dma_controller.o
 .comment       0x00000156       0x12 pit.o
 .comment       0x00000168       0x12 timer.o
 .comment       0x0000017a       0x12 timer_util.o
 .comment       0x0000018c       0x12 port.o
 .comment       0x0000019e       0x12 thread.o
 .comment       0x000001b0       0x12 elf.o
 .comment       0x000001c2       0x12 process.o
 .comment       0x000001d4       0x12 tss.o
 .comment       0x000001e6       0x12 allocate.o
 .comment       0x000001f8       0x12 deallocate.o
 .comment       0x0000020a       0x12 internal_memory.o
 .comment       0x0000021c       0x12 physical_memory_init.o
 .comment       0x0000022e       0x12 reserve.o
 .comment       0x00000240       0x12 page.o
 .comment       0x00000252       0x12 virtual_memory.o
 .comment       0x00000264       0x12 memory.o
 .comment       0x00000276       0x12 slab.o
 .comment       0x00000288       0x12 system_call.o
 .comment       0x0000029a       0x12 ../Libraries/string.a(conversions.o)
 .comment       0x000002ac       0x12 ../Libraries/string.a(format.o)
 .comment       0x000002be       0x12 ../Libraries/string.a(general-inlines.o)
 .comment       0x000002d0       0x12 ../Libraries/string.a(character.o)
 .comment       0x000002e2       0x12 ../Libraries/list.a(list.o)
 .comment       0x000002f4       0x12 ../Libraries/pool_of_integers.a(pool_of_integers.o)
 .comment       0x00000306       0x12 ../Libraries/pool_of_ranges.a(id_pool.o)
 .comment       0x00000318       0x12 ../Libraries/avl_tree.a(avl.o)
 .comment       0x0000032a       0x12 ../Libraries/avl_tree.a(avl_util.o)

.debug
 *(.debug)

.line
 *(.line)

.debug_srcinfo
 *(.debug_srcinfo)

.debug_sfnames
 *(.debug_sfnames)

.debug_aranges  0x00000000      0x4a0
 *(.debug_aranges)
 .debug_aranges
                0x00000000       0x20 main.o
 .debug_aranges
                0x00000020       0x20 init.o
 .debug_aranges
                0x00000040       0x20 multiboot.o
 .debug_aranges
                0x00000060       0x20 parse.o
 .debug_aranges
                0x00000080       0x20 debug.o
 .debug_aranges
                0x000000a0       0x20 gdb.o
 .debug_aranges
                0x000000c0       0x20 cpu.o
 .debug_aranges
                0x000000e0       0x20 cpu_bugs.o
 .debug_aranges
                0x00000100       0x20 cpu_id.o
 .debug_aranges
                0x00000120       0x20 halt.o
 .debug_aranges
                0x00000140       0x20 lock.o
 .debug_aranges
                0x00000160       0x20 irq.o
 .debug_aranges
                0x00000180       0x20 pic.o
 .debug_aranges
                0x000001a0       0x20 exception.o
 .debug_aranges
                0x000001c0       0x20 hardware.o
 .debug_aranges
                0x000001e0       0x20 software.o
 .debug_aranges
                0x00000200       0x20 time.o
 .debug_aranges
                0x00000220       0x20 dma.o
 .debug_aranges
                0x00000240       0x20 dma_controller.o
 .debug_aranges
                0x00000260       0x20 pit.o
 .debug_aranges
                0x00000280       0x20 timer.o
 .debug_aranges
                0x000002a0       0x20 timer_util.o
 .debug_aranges
                0x000002c0       0x20 port.o
 .debug_aranges
                0x000002e0       0x20 thread.o
 .debug_aranges
                0x00000300       0x20 elf.o
 .debug_aranges
                0x00000320       0x20 process.o
 .debug_aranges
                0x00000340       0x20 tss.o
 .debug_aranges
                0x00000360       0x20 allocate.o
 .debug_aranges
                0x00000380       0x20 deallocate.o
 .debug_aranges
                0x000003a0       0x20 internal_memory.o
 .debug_aranges
                0x000003c0       0x20 physical_memory_init.o
 .debug_aranges
                0x000003e0       0x20 reserve.o
 .debug_aranges
                0x00000400       0x20 page.o
 .debug_aranges
                0x00000420       0x20 virtual_memory.o
 .debug_aranges
                0x00000440       0x20 memory.o
 .debug_aranges
                0x00000460       0x20 slab.o
 .debug_aranges
                0x00000480       0x20 system_call.o

.debug_pubnames
                0x00000000     0x1451
 *(.debug_pubnames)
 .debug_pubnames
                0x00000000       0x92 main.o
 .debug_pubnames
                0x00000092       0x3e init.o
 .debug_pubnames
                0x000000d0       0x6b multiboot.o
 .debug_pubnames
                0x0000013b       0x26 parse.o
 .debug_pubnames
                0x00000161       0x3f debug.o
 .debug_pubnames
                0x000001a0       0xf8 gdb.o
 .debug_pubnames
                0x00000298       0x30 cpu.o
 .debug_pubnames
                0x000002c8       0x26 cpu_bugs.o
 .debug_pubnames
                0x000002ee      0x153 cpu_id.o
 .debug_pubnames
                0x00000441       0x1f halt.o
 .debug_pubnames
                0x00000460       0x2e lock.o
 .debug_pubnames
                0x0000048e       0x84 irq.o
 .debug_pubnames
                0x00000512       0x9b pic.o
 .debug_pubnames
                0x000005ad       0x38 exception.o
 .debug_pubnames
                0x000005e5      0x361 hardware.o
 .debug_pubnames
                0x00000946       0x82 software.o
 .debug_pubnames
                0x000009c8       0x21 time.o
 .debug_pubnames
                0x000009e9       0x65 dma.o
 .debug_pubnames
                0x00000a4e       0xb2 dma_controller.o
 .debug_pubnames
                0x00000b00       0x78 pit.o
 .debug_pubnames
                0x00000b78       0xb3 timer.o
 .debug_pubnames
                0x00000c2b       0xa0 timer_util.o
 .debug_pubnames
                0x00000ccb       0x4f port.o
 .debug_pubnames
                0x00000d1a      0x185 thread.o
 .debug_pubnames
                0x00000e9f       0xca elf.o
 .debug_pubnames
                0x00000f69       0xf8 process.o
 .debug_pubnames
                0x00001061       0x21 tss.o
 .debug_pubnames
                0x00001082       0x2f allocate.o
 .debug_pubnames
                0x000010b1       0x31 deallocate.o
 .debug_pubnames
                0x000010e2       0x52 internal_memory.o
 .debug_pubnames
                0x00001134       0x81 physical_memory_init.o
 .debug_pubnames
                0x000011b5       0x2e reserve.o
 .debug_pubnames
                0x000011e3       0x54 page.o
 .debug_pubnames
                0x00001237      0x107 virtual_memory.o
 .debug_pubnames
                0x0000133e       0x76 memory.o
 .debug_pubnames
                0x000013b4       0x66 slab.o
 .debug_pubnames
                0x0000141a       0x37 system_call.o

.debug_info     0x00000000    0x8fc7c
 *(.debug_info)
 .debug_info    0x00000000     0x4534 main.o
 .debug_info    0x00004534     0x3cf7 init.o
 .debug_info    0x0000822b     0x409c multiboot.o
 .debug_info    0x0000c2c7     0x3881 parse.o
 .debug_info    0x0000fb48     0x3d6c debug.o
 .debug_info    0x000138b4     0x42ba gdb.o
 .debug_info    0x00017b6e     0x3a7d cpu.o
 .debug_info    0x0001b5eb     0x394d cpu_bugs.o
 .debug_info    0x0001ef38     0x4622 cpu_id.o
 .debug_info    0x0002355a     0x3903 halt.o
 .debug_info    0x00026e5d     0x3918 lock.o
 .debug_info    0x0002a775     0x3c4a irq.o
 .debug_info    0x0002e3bf     0x3b6f pic.o
 .debug_info    0x00031f2e     0x3ab2 exception.o
 .debug_info    0x000359e0     0x4597 hardware.o
 .debug_info    0x00039f77     0x3cc6 software.o
 .debug_info    0x0003dc3d     0x3cb9 time.o
 .debug_info    0x000418f6     0x3abb dma.o
 .debug_info    0x000453b1     0x406e dma_controller.o
 .debug_info    0x0004941f     0x3cfb pit.o
 .debug_info    0x0004d11a     0x3d98 timer.o
 .debug_info    0x00050eb2     0x3b65 timer_util.o
 .debug_info    0x00054a17     0x38c9 port.o
 .debug_info    0x000582e0     0x43e7 thread.o
 .debug_info    0x0005c6c7     0x509f elf.o
 .debug_info    0x00061766     0x52e8 process.o
 .debug_info    0x00066a4e     0x39c3 tss.o
 .debug_info    0x0006a411     0x3959 allocate.o
 .debug_info    0x0006dd6a     0x393f deallocate.o
 .debug_info    0x000716a9     0x3bb1 internal_memory.o
 .debug_info    0x0007525a     0x4024 physical_memory_init.o
 .debug_info    0x0007927e     0x392f reserve.o
 .debug_info    0x0007cbad     0x3cd0 page.o
 .debug_info    0x0008087d     0x41ff virtual_memory.o
 .debug_info    0x00084a7c     0x3c99 memory.o
 .debug_info    0x00088715     0x3b9c slab.o
 .debug_info    0x0008c2b1     0x39cb system_call.o
 *(.gnu.linkonce.wi.*)

.debug_abbrev   0x00000000     0x4d89
 *(.debug_abbrev)
 .debug_abbrev  0x00000000      0x26a main.o
 .debug_abbrev  0x0000026a      0x1c3 init.o
 .debug_abbrev  0x0000042d      0x239 multiboot.o
 .debug_abbrev  0x00000666      0x1ae parse.o
 .debug_abbrev  0x00000814      0x21b debug.o
 .debug_abbrev  0x00000a2f      0x317 gdb.o
 .debug_abbrev  0x00000d46      0x214 cpu.o
 .debug_abbrev  0x00000f5a      0x1e9 cpu_bugs.o
 .debug_abbrev  0x00001143      0x2d7 cpu_id.o
 .debug_abbrev  0x0000141a      0x1ca halt.o
 .debug_abbrev  0x000015e4      0x1aa lock.o
 .debug_abbrev  0x0000178e      0x22e irq.o
 .debug_abbrev  0x000019bc      0x230 pic.o
 .debug_abbrev  0x00001bec      0x214 exception.o
 .debug_abbrev  0x00001e00      0x218 hardware.o
 .debug_abbrev  0x00002018      0x1ee software.o
 .debug_abbrev  0x00002206      0x249 time.o
 .debug_abbrev  0x0000244f      0x1bf dma.o
 .debug_abbrev  0x0000260e      0x236 dma_controller.o
 .debug_abbrev  0x00002844      0x24c pit.o
 .debug_abbrev  0x00002a90      0x230 timer.o
 .debug_abbrev  0x00002cc0      0x20c timer_util.o
 .debug_abbrev  0x00002ecc      0x19f port.o
 .debug_abbrev  0x0000306b      0x310 thread.o
 .debug_abbrev  0x0000337b      0x266 elf.o
 .debug_abbrev  0x000035e1      0x278 process.o
 .debug_abbrev  0x00003859      0x1ff tss.o
 .debug_abbrev  0x00003a58      0x1b7 allocate.o
 .debug_abbrev  0x00003c0f      0x1ae deallocate.o
 .debug_abbrev  0x00003dbd      0x1f0 internal_memory.o
 .debug_abbrev  0x00003fad      0x1ff physical_memory_init.o
 .debug_abbrev  0x000041ac      0x1ae reserve.o
 .debug_abbrev  0x0000435a      0x23f page.o
 .debug_abbrev  0x00004599      0x279 virtual_memory.o
 .debug_abbrev  0x00004812      0x1c6 memory.o
 .debug_abbrev  0x000049d8      0x1c6 slab.o
 .debug_abbrev  0x00004b9e      0x1eb system_call.o

.debug_line     0x00000000     0xcf88
 *(.debug_line)
 .debug_line    0x00000000      0x6a7 main.o
 .debug_line    0x000006a7      0x3e9 init.o
 .debug_line    0x00000a90      0x4f8 multiboot.o
 .debug_line    0x00000f88      0x42f parse.o
 .debug_line    0x000013b7      0x5e3 debug.o
 .debug_line    0x0000199a      0xcf8 gdb.o
 .debug_line    0x00002692      0x464 cpu.o
 .debug_line    0x00002af6      0x418 cpu_bugs.o
 .debug_line    0x00002f0e      0x9e2 cpu_id.o
 .debug_line    0x000038f0      0x428 halt.o
 .debug_line    0x00003d18      0x42c lock.o
 .debug_line    0x00004144      0x5a9 irq.o
 .debug_line    0x000046ed      0x565 pic.o
 .debug_line    0x00004c52      0x448 exception.o
 .debug_line    0x0000509a      0x793 hardware.o
 .debug_line    0x0000582d      0x513 software.o
 .debug_line    0x00005d40      0x572 time.o
 .debug_line    0x000062b2      0x4d3 dma.o
 .debug_line    0x00006785      0x5e8 dma_controller.o
 .debug_line    0x00006d6d      0x4f0 pit.o
 .debug_line    0x0000725d      0x624 timer.o
 .debug_line    0x00007881      0x4c4 timer_util.o
 .debug_line    0x00007d45      0x39e port.o
 .debug_line    0x000080e3      0x94c thread.o
 .debug_line    0x00008a2f      0xa2c elf.o
 .debug_line    0x0000945b      0x7a5 process.o
 .debug_line    0x00009c00      0x478 tss.o
 .debug_line    0x0000a078      0x40a allocate.o
 .debug_line    0x0000a482      0x3e4 deallocate.o
 .debug_line    0x0000a866      0x475 internal_memory.o
 .debug_line    0x0000acdb      0x56c physical_memory_init.o
 .debug_line    0x0000b247      0x3e9 reserve.o
 .debug_line    0x0000b630      0x530 page.o
 .debug_line    0x0000bb60      0x6b8 virtual_memory.o
 .debug_line    0x0000c218      0x440 memory.o
 .debug_line    0x0000c658      0x516 slab.o
 .debug_line    0x0000cb6e      0x41a system_call.o

.debug_frame    0x00000000     0x2fb4
 *(.debug_frame)
 .debug_frame   0x00000000      0x1d8 main.o
 .debug_frame   0x000001d8       0x5c init.o
 .debug_frame   0x00000234       0xe8 multiboot.o
 .debug_frame   0x0000031c       0x34 parse.o
 .debug_frame   0x00000350      0x118 debug.o
 .debug_frame   0x00000468      0x378 gdb.o
 .debug_frame   0x000007e0       0xb8 cpu.o
 .debug_frame   0x00000898       0x64 cpu_bugs.o
 .debug_frame   0x000008fc      0x288 cpu_id.o
 .debug_frame   0x00000b84       0x54 halt.o
 .debug_frame   0x00000bd8       0x94 lock.o
 .debug_frame   0x00000c6c      0x160 irq.o
 .debug_frame   0x00000dcc      0x1b4 pic.o
 .debug_frame   0x00000f80       0x68 exception.o
 .debug_frame   0x00000fe8      0x624 hardware.o
 .debug_frame   0x0000160c      0x100 software.o
 .debug_frame   0x0000170c      0x1e4 time.o
 .debug_frame   0x000018f0       0x9c dma.o
 .debug_frame   0x0000198c      0x124 dma_controller.o
 .debug_frame   0x00001ab0      0x104 pit.o
 .debug_frame   0x00001bb4      0x1a8 timer.o
 .debug_frame   0x00001d5c      0x11c timer_util.o
 .debug_frame   0x00001e78       0x74 port.o
 .debug_frame   0x00001eec      0x384 thread.o
 .debug_frame   0x00002270      0x274 elf.o
 .debug_frame   0x000024e4      0x2a8 process.o
 .debug_frame   0x0000278c       0x6c tss.o
 .debug_frame   0x000027f8       0x44 allocate.o
 .debug_frame   0x0000283c       0x3c deallocate.o
 .debug_frame   0x00002878       0xac internal_memory.o
 .debug_frame   0x00002924      0x108 physical_memory_init.o
 .debug_frame   0x00002a2c       0x3c reserve.o
 .debug_frame   0x00002a68      0x13c page.o
 .debug_frame   0x00002ba4      0x270 virtual_memory.o
 .debug_frame   0x00002e14       0x84 memory.o
 .debug_frame   0x00002e98       0x7c slab.o
 .debug_frame   0x00002f14       0xa0 system_call.o

.debug_str
 *(.debug_str)

.debug_loc
 *(.debug_loc)

.debug_macinfo
 *(.debug_macinfo)

.debug_weaknames
 *(.debug_weaknames)

.debug_funcnames
 *(.debug_funcnames)

.debug_typenames
 *(.debug_typenames)

.debug_varnames
 *(.debug_varnames)
OUTPUT(storm elf32-i386)
