Archive member included because of file (symbol)

../Libraries/string.a(conversions.o)
                              timer.o (string_to_uint32)
../Libraries/string.a(format.o)
                              cpu_id.o (string_print)
../Libraries/string.a(general-inlines.o)
                              ../Libraries/string.a(format.o) (string_scn)
../Libraries/string.a(character.o)
                              ../Libraries/string.a(general-inlines.o) (char_to_lower_case)
../Libraries/list.a(list.o)   timer.o (list_create)
../Libraries/pool_of_integers.a(pool_of_integers.o)
                              internal_memory.o (pool_of_integers_init)
../Libraries/pool_of_ranges.a(id_pool.o)
                              allocate.o (pool_allocate)
../Libraries/avl_tree.a(avl.o)
                              ../Libraries/pool_of_ranges.a(id_pool.o) (avl_tree_add_node)
../Libraries/avl_tree.a(avl_util.o)
                              ../Libraries/avl_tree.a(avl.o) (exchange)

Allocating common symbols
Common symbol       size              file

global_page_directory
                    0x4               virtual_memory.o
process_kernel      0x17c             thread.o
timers              0x1c              timer.o
___strtok           0x4               ../Libraries/string.a(general-inlines.o)
multiboot_info      0x34              multiboot.o
pit_divisor         0x6               pit.o
irq_handlers        0x40              irq.o
pit_mode            0x3               pit.o
dma_channels        0x54              dma.o
multiboot_memory_map
                    0xc000            multiboot.o
sleep_timer         0x1c              timer_util.o
block_pool          0x4c              physical_memory_init.o
parsed              0xc               process.o
multiboot_module_info
                    0x200             multiboot.o
system_timer        0x1c              timer_util.o
thread_timer        0x1c              thread.o
tss_kernel          0x6c              thread.o
irq_handlers_data   0x40              irq.o
thread_main         0x180             thread.o
kernel_stack        0x1000            init.o
current_stack_pointer
                    0x4               irq.o

Memory Configuration

Name             Origin             Length             Attributes
*default*        0x00000000         0xffffffff

Linker script and memory map

LOAD init.o
LOAD multiboot.o
LOAD parse.o
LOAD cpu.o
LOAD cpu_bugs.o
LOAD cpu_id.o
LOAD cpu_speed.o
LOAD halt.o
LOAD lock.o
LOAD irq.o
LOAD pic.o
LOAD exception.o
LOAD hardware.o
LOAD software.o
LOAD time.o
LOAD dma.o
LOAD dma_controller.o
LOAD pit.o
LOAD timer.o
LOAD timer_util.o
LOAD port.o
LOAD allocate.o
LOAD deallocate.o
LOAD internal_memory.o
LOAD physical_memory_init.o
LOAD reserve.o
LOAD page.o
LOAD virtual_memory.o
LOAD main.o
LOAD debug.o
LOAD gdb.o
LOAD memory.o
LOAD slab.o
LOAD thread.o
LOAD elf.o
LOAD process.o
LOAD tss.o
LOAD system_call.o
LOAD repository.o
LOAD irq_handlers.o
LOAD exception_lowlevel.o
LOAD thread_state.o
LOAD process_state.o
LOAD system_call_lowlevel.o
LOAD ../Libraries/string.a
LOAD ../Libraries/list.a
LOAD ../Libraries/pool_of_integers.a
LOAD ../Libraries/pool_of_ranges.a
LOAD ../Libraries/avl_tree.a
LOAD ../Libraries/hash_table.a
                0x00100074                . = (0x100000 + SIZEOF_HEADERS)

.interp
 *(.interp)

.hash
 *(.hash)

.dynsym
 *(.dynsym)

.dynstr
 *(.dynstr)

.gnu.version
 *(.gnu.version)

.gnu.version_d
 *(.gnu.version_d)

.gnu.version_r
 *(.gnu.version_r)

.rel.init
 *(.rel.init)

.rela.init
 *(.rela.init)

.rel.text
 *(.rel.text)
 *(.rel.text.*)
 *(.rel.gnu.linkonce.t.*)

.rela.text
 *(.rela.text)
 *(.rela.text.*)
 *(.rela.gnu.linkonce.t.*)

.rel.fini
 *(.rel.fini)

.rela.fini
 *(.rela.fini)

.rel.rodata
 *(.rel.rodata)
 *(.rel.rodata.*)
 *(.rel.gnu.linkonce.r.*)

.rela.rodata
 *(.rela.rodata)
 *(.rela.rodata.*)
 *(.rela.gnu.linkonce.r.*)

.rel.data
 *(.rel.data)
 *(.rel.data.*)
 *(.rel.gnu.linkonce.d.*)

.rela.data
 *(.rela.data)
 *(.rela.data.*)
 *(.rela.gnu.linkonce.d.*)

.rel.ctors
 *(.rel.ctors)

.rela.ctors
 *(.rela.ctors)

.rel.dtors
 *(.rel.dtors)

.rela.dtors
 *(.rela.dtors)

.rel.got
 *(.rel.got)

.rela.got
 *(.rela.got)

.rel.sdata
 *(.rel.sdata)
 *(.rel.sdata.*)
 *(.rel.gnu.linkonce.s.*)

.rela.sdata
 *(.rela.sdata)
 *(.rela.sdata.*)
 *(.rela.gnu.linkonce.s.*)

.rel.sbss
 *(.rel.sbss)
 *(.rel.sbss.*)
 *(.rel.gnu.linkonce.sb.*)

.rela.sbss
 *(.rela.sbss)
 *(.rela.sbss.*)
 *(.rel.gnu.linkonce.sb.*)

.rel.sdata2
 *(.rel.sdata2)
 *(.rel.sdata2.*)
 *(.rel.gnu.linkonce.s2.*)

.rela.sdata2
 *(.rela.sdata2)
 *(.rela.sdata2.*)
 *(.rela.gnu.linkonce.s2.*)

.rel.sbss2
 *(.rel.sbss2)
 *(.rel.sbss2.*)
 *(.rel.gnu.linkonce.sb2.*)

.rela.sbss2
 *(.rela.sbss2)
 *(.rela.sbss2.*)
 *(.rela.gnu.linkonce.sb2.*)

.rel.bss
 *(.rel.bss)
 *(.rel.bss.*)
 *(.rel.gnu.linkonce.b.*)

.rela.bss
 *(.rela.bss)
 *(.rela.bss.*)
 *(.rela.gnu.linkonce.b.*)

.rel.plt
 *(.rel.plt)

.rela.plt
 *(.rela.plt)

.init.pre       0x00100074        0xc
 *(.init.pre)
 .init.pre      0x00100074        0xc multiboot.o

.init
 *(.text.init)
 *(.data.init)
                0x00101000                . = ALIGN (0x1000)

.special        0x00101000     0x1000
 *(.gdt)
 .gdt           0x00101000      0x800 init.o
                0x00101000                gdt
 *(.idt)
 .idt           0x00101800      0x800 init.o
                0x00101800                idt
                0x00102000                . = ALIGN (0x1000)
                0x00102000                _init_end = .

.text           0x00102000     0xa622
 *(.text)
 .text          0x00102000       0xc2 init.o
                0x00102000                _start
 *fill*         0x001020c2        0xe 9090
 .text          0x001020d0       0xfa multiboot.o
                0x001020d0                multiboot_init
 *fill*         0x001021ca        0x6 9090
 .text          0x001021d0       0x9e parse.o
                0x001021d0                arguments_parse
 *fill*         0x0010226e        0x2 9090
 .text          0x00102270       0x78 cpu.o
                0x00102270                cpu_init
                0x001022c0                cpu_get_info
 *fill*         0x001022e8        0x8 9090
 .text          0x001022f0       0x53 cpu_bugs.o
                0x001022f0                cpu_bugs_search
 *fill*         0x00102343        0xd 9090
 .text          0x00102350      0x8fc cpu_id.o
                0x00102b10                cpu_id_detect
 *fill*         0x00102c4c        0x4 9090
 .text          0x00102c50       0xb6 cpu_speed.o
                0x00102ce0                cpu_speed_get
 *fill*         0x00102d06        0xa 9090
 .text          0x00102d10       0x53 halt.o
                0x00102d10                cpu_halt
 *fill*         0x00102d63        0xd 9090
 .text          0x00102d70       0x14 lock.o
                0x00102d70                cpu_lock
                0x00102d80                cpu_unlock
 *fill*         0x00102d84        0xc 9090
 .text          0x00102d90      0x517 irq.o
                0x00103180                irq_register
                0x00103280                irq_unregister
                0x00102d90                irq_init
 *fill*         0x001032a7        0x9 9090
 .text          0x001032b0      0x29f pic.o
                0x001034b0                pic_enable_all_irq
                0x00103360                pic_enable_irq
                0x001034e0                pic_acknowledge
                0x001032b0                pic_remap_irq
                0x001034d0                pic_init
                0x00103410                pic_disable_irq
                0x001034c0                pic_disable_all_irq
 *fill*         0x0010354f        0x1 9090
 .text          0x00103550      0x180 exception.o
                0x00103550                exception_init
 .text          0x001036d0      0x9aa hardware.o
                0x00103ee0                EXCEPTION_HANDLER_DEVICE_NOT_AVAILABLE
                0x00103e60                EXCEPTION_HANDLER_BREAKPOINT
                0x00103e00                EXCEPTION_HANDLER_DIVIDE_ERROR
                0x00103e40                EXCEPTION_HANDLER_NONMASKABLE_INTERRUPT
                0x00103e80                EXCEPTION_HANDLER_OVERFLOW
                0x00104000                EXCEPTION_HANDLER_FLOATING_POINT_ERROR
                0x00103e20                EXCEPTION_HANDLER_DEBUG
                0x00103f20                EXCEPTION_HANDLER_COPROCESSOR_SEGMENT_OVERRUN
                0x00104040                EXCEPTION_HANDLER_MACHINE_CHECK
                0x00103f80                EXCEPTION_HANDLER_STACK_FAULT
                0x00103fc0                EXCEPTION_HANDLER_PAGE_FAULT
                0x00103fe0                EXCEPTION_HANDLER_DUMMY
                0x00103d80                exception_hardware_init
                0x00104060                EXCEPTION_HANDLER_STREAMING_SIMD_EXTENSIONS
                0x00103f60                EXCEPTION_HANDLER_SEGMENT_NOT_PRESENT
                0x00103f40                EXCEPTION_HANDLER_INVALID_TSS
                0x00104020                EXCEPTION_HANDLER_ALIGNMENT_CHECK
                0x00103f00                EXCEPTION_HANDLER_DOUBLE_FAULT
                0x00103bf0                exception_print_screen
                0x00103fa0                EXCEPTION_HANDLER_GENERAL_PROTECTION
                0x00103ec0                EXCEPTION_HANDLER_INVALID_OPCODE
                0x00103ea0                EXCEPTION_HANDLER_BOUND_RANGE_EXCEEDED
 *fill*         0x0010407a        0x6 9090
 .text          0x00104080      0x363 software.o
                0x00104310                exception_add_handler
                0x00104080                exception_invoke_handler
                0x00104380                exception_remove_handler
                0x001043e0                exception_software_init
 *fill*         0x001043e3        0xd 9090
 .text          0x001043f0      0x462 time.o
                0x00104670                clock_init
 *fill*         0x00104852        0xe 9090
 .text          0x00104860      0x1d5 dma.o
                0x00104970                dma_unregister
                0x001049a0                dma_transfer
                0x00104930                dma_register
                0x00104860                dma_init
 *fill*         0x00104a35        0xb 9090
 .text          0x00104a40      0x6c0 dma_controller.o
                0x00104f60                dma_contoller_disable_channel
                0x00104e90                dma_contoller_enable_channel
                0x00105030                dma_controller_transfer_cancel
                0x00104e50                dma_controller_init
                0x00104a40                dma_controller_transfer_start
 .text          0x00105100      0x2b4 pit.o
                0x001052d0                pit_init
                0x00105100                pit_frequency_set
                0x00105390                pit_counter_read
                0x00105300                pit_mode_set
 *fill*         0x001053b4        0xc 9090
 .text          0x001053c0      0x38a timer.o
                0x00105720                timer_write
                0x00105570                timer_create
                0x00105690                timer_set_period
                0x001055e0                timer_destroy
                0x001054c0                timer_init
                0x00105610                timer_start
                0x001056f0                timer_read
                0x00105650                timer_stop
 *fill*         0x0010574a        0x6 9090
 .text          0x00105750       0xd9 timer_util.o
                0x001057a0                timer_system_read
                0x00105750                timer_sleep_milli
                0x001057e0                timer_system_init
                0x00105790                timer_sleep_micro
                0x001057c0                timer_sleep_init
 *fill*         0x00105829        0x7 9090
 .text          0x00105830       0x23 port.o
                0x00105840                io_port_register
                0x00105830                io_port_init
                0x00105850                io_port_unregister
 *fill*         0x00105853        0xd 9090
 .text          0x00105860       0x84 allocate.o
                0x00105860                physical_memory_allocate
 *fill*         0x001058e4        0xc 9090
 .text          0x001058f0       0x29 deallocate.o
                0x001058f0                physical_memory_deallocate
 *fill*         0x00105919        0x7 9090
 .text          0x00105920       0xa2 internal_memory.o
                0x00105920                internal_memory_init
                0x00105940                internal_memory_deinit
 *fill*         0x001059c2        0xe 9090
 .text          0x001059d0      0x2d6 physical_memory_init.o
                0x00105b00                physical_memory_init
                0x00105ca0                physical_memory_get_free_pages
                0x00105c90                physical_memory_get_total_pages
 *fill*         0x00105ca6        0xa 9090
 .text          0x00105cb0       0x29 reserve.o
                0x00105cb0                physical_memory_reserve
 *fill*         0x00105cd9        0x7 9090
 .text          0x00105ce0      0x467 page.o
                0x001060f0                page_lookup
                0x00105ef0                page_system_init
                0x00105ce0                page_map
                0x001060d0                page_enable
 *fill*         0x00106147        0x9 9090
 .text          0x00106150      0x411 virtual_memory.o
                0x00106470                virtual_memory_destroy
                0x001063b0                virtual_memory_map
                0x001064f0                virtual_memory_deallocate
                0x00106150                virtual_memory_create
                0x00106370                virtual_memory_lookup
                0x001064a0                virtual_memory_allocate
                0x00106280                virtual_memory_init
                0x00106530                virtual_memory_reserve
 *fill*         0x00106561        0xf 9090
 .text          0x00106570      0x8e7 main.o
                0x00106b10                main_bootup
 *fill*         0x00106e57        0x9 9090
 .text          0x00106e60      0x363 debug.o
                0x00106e60                system_debug_print
                0x00106fd0                system_debug_init
 *fill*         0x001071c3        0x1 9090
 *fill*         0x001071c4        0xc 9090
 .text          0x001071d0       0x83 memory.o
                0x00107210                global_memory_allocate
                0x00107250                global_memory_deallocate
                0x001071d0                global_memory_init
 *fill*         0x00107253        0xd 9090
 .text          0x00107260      0x21c slab.o
                0x00107260                slab_superblock_init
                0x00107400                slab_heap_index
                0x00107360                slab_heap_init
 *fill*         0x0010747c        0x4 9090
 .text          0x00107480      0x6fd thread.o
                0x00107b50                thread_exit
                0x00107890                thread_init
                0x00107600                thread_switch_to_next
                0x00107480                thread_lock
                0x00107a70                thread_unlock
                0x00107ad0                thread_name_set
                0x00107b30                thread_destroy
                0x00107b00                thread_name_get
                0x00107a50                thread_get_current
                0x00107500                thread_create
                0x00107810                thread_print_list
 *fill*         0x00107b7d        0x3 9090
 .text          0x00107b80      0xc00 elf.o
                0x001082a0                elf_load_program
                0x001086e0                elf_symbol_find_by_name
                0x00107d30                elf_resolve
                0x001085d0                elf_identify
                0x001081c0                elf_parse_program
                0x00108690                elf_symbol_find_by_index
                0x00107e80                elf_relocate
                0x00107b80                elf_parse
                0x00108020                elf_load_module
 .text          0x00108780      0x4e0 process.o
                0x00108bc0                process_print_list
                0x00108bb0                dump_stack
                0x00108940                process_create
                0x00108a30                process_init
                0x00108b20                process_name_get
                0x00108af0                process_name_set
                0x00108780                process_thread_create
                0x00108b50                process_get_current
 .text          0x00108c60       0xa2 tss.o
                0x00108c60                tss_create
 *fill*         0x00108d02        0xe 9090
 .text          0x00108d10       0xd9 system_call.o
                0x00108d10                system_call_init
                0x00108da0                system_call
 *fill*         0x00108de9        0x7 9090
 .text          0x00108df0        0x3 repository.o
                0x00108df0                repository_init
 *fill*         0x00108df3        0x1 9090
 .text          0x00108df4      0x348 irq_handlers.o
                0x00108e9c                irq4_handler
                0x00108f44                irq7_handler
                0x00109024                irq11_handler
                0x00109104                irq15_handler
                0x00109094                irq13_handler
                0x001090cc                irq14_handler
                0x0010905c                irq12_handler
                0x00108e64                irq3_handler
                0x00108e2c                irq1_handler
                0x00108f0c                irq6_handler
                0x00108fec                irq10_handler
                0x00108df4                irq0_handler
                0x00108fb4                irq9_handler
                0x00108f7c                irq8_handler
                0x00108ed4                irq5_handler
 .text          0x0010913c      0x32b exception_lowlevel.o
                0x001092f4                EXCEPTION_HANDLER_SEGMENT_NOT_PRESENT_LOWLEVEL
                0x0010922c                EXCEPTION_HANDLER_INVALID_OPCODE_LOWLEVEL
                0x00109417                EXCEPTION_HANDLER_MACHINE_CHECK_LOWLEVEL
                0x0010931c                EXCEPTION_HANDLER_STACK_FAULT_LOWLEVEL
                0x001093c7                EXCEPTION_HANDLER_FLOATING_POINT_ERROR_LOWLEVEL
                0x001092cc                EXCEPTION_HANDLER_INVALID_TSS_LOWLEVEL
                0x00109254                EXCEPTION_HANDLER_DEVICE_NOT_AVAILABLE_LOWLEVEL
                0x0010939f                EXCEPTION_HANDLER_DUMMY_LOWLEVEL
                0x0010943f                EXCEPTION_HANDLER_STREAMING_SIMD_EXTENSIONS_LOWLEVEL
                0x0010913c                EXCEPTION_HANDLER_DIVIDE_ERROR_LOWLEVEL
                0x00109204                EXCEPTION_HANDLER_BOUND_RANGE_EXCEEDED_LOWLEVEL
                0x001092a4                EXCEPTION_HANDLER_COPROCESSOR_SEGMENT_OVERRUN_LOWLEVEL
                0x0010918c                EXCEPTION_HANDLER_NONMASKABLE_INTERRUPT_LOWLEVEL
                0x001091dc                EXCEPTION_HANDLER_OVERFLOW_LOWLEVEL
                0x00109164                EXCEPTION_HANDLER_DEBUG_LOWLEVEL
                0x00109344                EXCEPTION_HANDLER_GENERAL_PROTECTION_LOWLEVEL
                0x001093ef                EXCEPTION_HANDLER_ALIGNMENT_CHECK_LOWLEVEL
                0x0010927c                EXCEPTION_HANDLER_DOUBLE_FAULT_LOWLEVEL
                0x001091b4                EXCEPTION_HANDLER_BREAKPOINT_LOWLEVEL
                0x0010936c                EXCEPTION_HANDLER_PAGE_FAULT_LOWLEVEL
 *fill*         0x00109467        0x1 9090
 .text          0x00109468       0x49 thread_state.o
                0x0010949a                thread_exit_lowlevel
                0x001094a6                thread_load_state
                0x00109468                thread_yield
                0x001094a0                thread_load_state2
 *fill*         0x001094b1        0x3 9090
 .text          0x001094b4       0x15 process_state.o
                0x001094b4                process_load_state
 *fill*         0x001094c9        0x3 9090
 .text          0x001094cc       0x1a system_call_lowlevel.o
                0x001094cc                system_call_lowlevel
 *fill*         0x001094e6        0xa 9090
 .text          0x001094f0      0x83e ../Libraries/string.a(conversions.o)
                0x00109c50                string_to_uint32
                0x00109710                string_to_int32_with_base_autodetect
                0x00109b60                string_to_int32
                0x001094f0                string_to_double
                0x001098d0                uint32_to_string
 *fill*         0x00109d2e        0x2 9090
 .text          0x00109d30      0x9a2 ../Libraries/string.a(format.o)
                0x00109d30                string_print
                0x0010a2f0                string_scan_va
                0x00109d50                string_print_va
                0x0010a2d0                string_scan
 *fill*         0x0010a6d2        0xe 9090
 .text          0x0010a6e0      0x318 ../Libraries/string.a(general-inlines.o)
                0x0010a820                string_sep
                0x0010a930                string_scn
                0x0010a730                string_tok
                0x0010a980                string_i_compare_max
                0x0010a6e0                string_pbrk
                0x0010a8f0                string_spn
 *fill*         0x0010a9f8        0x8 9090
 .text          0x0010aa00      0x1f4 ../Libraries/string.a(character.o)
                0x0010ab80                char_is_upper
                0x0010ab20                char_is_digit
                0x0010ab40                char_is_lower
                0x0010aba0                char_is_heximal_digit
                0x0010aa20                char_to_lower_case
                0x0010aa80                int_to_char
                0x0010aa40                char_to_int
                0x0010ab60                char_is_space
                0x0010ab10                char_is_control
                0x0010abd0                char_is_number
                0x0010aaf0                char_is_alpha
                0x0010aa00                char_to_upper_case
                0x0010aab0                char_is_alpha_or_number
 *fill*         0x0010abf4        0xc 9090
 .text          0x0010ac00      0x1b4 ../Libraries/list.a(list.o)
                0x0010ac50                list_node_insert
                0x0010ad00                list_node_remove_last
                0x0010acc0                list_node_remove
                0x0010ac00                list_create
                0x0010ad40                list_get_iterator
                0x0010ad60                list_get_reverse_iterator
 *fill*         0x0010adb4        0xc 9090
 .text          0x0010adc0      0x417 ../Libraries/pool_of_integers.a(pool_of_integers.o)
                0x0010adc0                pool_of_integers_init
                0x0010af70                pool_of_integers_allocate
                0x0010b070                pool_of_integers_deallocate
                0x0010ae50                pool_of_integers_reserve
 *fill*         0x0010b1d7        0x9 9090
 .text          0x0010b1e0      0x684 ../Libraries/pool_of_ranges.a(id_pool.o)
                0x0010b800                pool_is_empty
                0x0010b6e0                pool_init
                0x0010b1e0                pool_allocate
                0x0010b7d0                pool_is_full
                0x0010b7c0                pool_get_iterator
                0x0010b4e0                pool_deallocate
                0x0010b2c0                pool_reserve
 *fill*         0x0010b864        0xc 9090
 .text          0x0010b870      0x4ff ../Libraries/avl_tree.a(avl.o)
                0x0010bc50                avl_tree_destroy
                0x0010bad0                avl_tree_search_node
                0x0010bc90                avl_tree_get_smallest_node
                0x0010bd20                avl_tree_get_reverse_iterator
                0x0010bcc0                avl_tree_get_largest_node
                0x0010bc10                avl_tree_create
                0x0010b900                avl_tree_add_node
                0x0010bb80                avl_tree_search_nearest_node
                0x0010bcf0                avl_tree_get_iterator
                0x0010b990                avl_tree_delete_node
                0x0010bc60                avl_tree_update_node
 *fill*         0x0010bd6f        0x1 9090
 .text          0x0010bd70      0x8b2 ../Libraries/avl_tree.a(avl_util.o)
                0x0010c5f0                get_most_left_node
                0x0010c5d0                get_right_level
                0x0010c610                get_most_right_node
                0x0010c5b0                get_left_level
                0x0010bd70                exchange
                0x0010c3c0                update
                0x0010c580                get_pointer_from_parent
                0x0010c480                update2
 *(.text.*)
 *(.stub)
 *(.gnu.warning)
 *(.gnu.linkonce.t.*)

.fini
 *(.fini)
                0x0010c622                PROVIDE (__etext, .)
                0x0010c622                PROVIDE (_etext, .)
                0x0010c622                PROVIDE (etext, .)

.rodata         0x0010c640     0x1c4d
 *(.rodata)
 .rodata        0x0010c640       0xf8 cpu_id.o
 .rodata        0x0010c738       0x56 irq.o
 *fill*         0x0010c78e       0x12 00
 .rodata        0x0010c7a0      0x113 pic.o
 .rodata        0x0010c8b3       0x11 exception.o
 *fill*         0x0010c8c4       0x1c 00
 .rodata        0x0010c8e0      0x80b hardware.o
 *fill*         0x0010d0eb       0x15 00
 .rodata        0x0010d100      0x18e software.o
 *fill*         0x0010d28e       0x12 00
 .rodata        0x0010d2a0       0x51 time.o
 *fill*         0x0010d2f1        0xf 00
 .rodata        0x0010d300      0x2df dma_controller.o
 *fill*         0x0010d5df        0x1 00
 .rodata        0x0010d5e0      0x173 pit.o
 .rodata        0x0010d753        0x5 timer.o
 .rodata        0x0010d758       0x2c allocate.o
 *fill*         0x0010d784       0x1c 00
 .rodata        0x0010d7a0      0x10c physical_memory_init.o
 *fill*         0x0010d8ac       0x14 00
 .rodata        0x0010d8c0       0xad virtual_memory.o
 *fill*         0x0010d96d       0x13 00
 .rodata        0x0010d980      0x1cb main.o
 *fill*         0x0010db4b       0x15 00
 .rodata        0x0010db60       0x4c debug.o
 *fill*         0x0010dbac       0x14 00
 .rodata        0x0010dbc0       0x20 slab.o
                0x0010dbc0                slab_block_size
 .rodata        0x0010dbe0        0xa thread.o
 *fill*         0x0010dbea       0x16 00
 .rodata        0x0010dc00      0x163 elf.o
 *fill*         0x0010dd63       0x1d 00
 .rodata        0x0010dd80       0xeb process.o
 .rodata        0x0010de6b       0x40 system_call.o
 *fill*         0x0010deab       0x15 00
 .rodata        0x0010dec0       0x85 ../Libraries/string.a(conversions.o)
 *fill*         0x0010df45        0xb 00
 .rodata        0x0010df50      0x32c ../Libraries/string.a(format.o)
 .rodata        0x0010e27c       0x11 ../Libraries/string.a(character.o)
 *(.rodata.*)
 *(.gnu.linkonce.r.*)

.rodata1
 *(.rodata1)

.sdata2
 *(.sdata2)
 *(.sdata2.*)
 *(.gnu.linkonce.s2.*)

.sbss2
 *(.sbss2)
 *(.sbss2.*)
 *(.gnu.linkonce.sb2.*)
                0x0010f28d                . = (ALIGN (0x1000) + (. & 0xfff))

.data           0x0010f2a0     0x22d0
 *(.data)
 .data          0x0010f2a0       0x34 init.o
 *fill*         0x0010f2d4        0xc 00
 .data          0x0010f2e0      0x284 cpu_id.o
                0x0010f480                cpu_sub_records
 .data          0x0010f564        0x4 cpu_speed.o
 .data          0x0010f568        0x4 exception.o
                0x0010f568                output_enabled
 *fill*         0x0010f56c       0x14 00
 .data          0x0010f580      0x1a4 hardware.o
                0x0010f580                exception_hardware_descriptions
 .data          0x0010f724       0x30 time.o
 .data          0x0010f754       0x1d timer.o
                0x0010f754                hz
                0x0010f758                ticks
 *fill*         0x0010f771        0x3 00
 .data          0x0010f774        0x4 timer_util.o
 .data          0x0010f778        0xc internal_memory.o
                0x0010f77c                imemory
 .data          0x0010f784        0xc virtual_memory.o
                0x0010f788                rmi
 *fill*         0x0010f790       0x10 00
 .data          0x0010f7a0     0x1cb4 main.o
                0x0011143d                parse_parameters
                0x00111450                storm_environ
                0x00111410                storm_info
                0x00111432                parse_disable
                0x00111428                parse_enable
                0x0010f7a0                subsystem_built_in
 .data          0x00111454       0x19 debug.o
 *fill*         0x0011146d        0x3 00
 .data          0x00111470        0xc memory.o
                0x00111470                memory_structure
 *fill*         0x0011147c        0x4 00
 .data          0x00111480       0x80 thread.o
                0x001114a0                waiting_threads
                0x00111480                current_thread
                0x00111484                running_threads
                0x001114f0                jump_data
                0x001114bc                threads_lock
 .data          0x00111500       0x6c process.o
                0x0011151c                processes_lock
                0x00111500                processes
                0x00111520                current_process
 .data          0x0011156c        0x4 ../Libraries/string.a(character.o)
 *(.data.*)
 *(.gnu.linkonce.d.*)

.data1
 *(.data1)

.eh_frame
 *(.eh_frame)

.gcc_except_table
 *(.gcc_except_table)

.ctors
 *crtbegin.o(.ctors)
 *(EXCLUDE_FILE(*crtend.o) .ctors)
 *(SORT(.ctors.*))
 *(.ctors)

.dtors
 *crtbegin.o(.dtors)
 *(EXCLUDE_FILE(*crtend.o) .dtors)
 *(SORT(.dtors.*))
 *(.dtors)

.got
 *(.got.plt)
 *(.got)

.dynamic
 *(.dynamic)

.sdata
 *(.sdata)
 *(.sdata.*)
 *(.gnu.linkonce.s.*)
                0x00111570                _edata = .
                0x00111570                PROVIDE (edata, .)
                0x00111570                __bss_start = .

.sbss           0x00111570        0x0
                0x00111570                PROVIDE (__sbss_start, .)
                0x00111570                PROVIDE (___sbss_start, .)
 *(.dynsbss)
 *(.sbss)
 *(.sbss.*)
 *(.gnu.linkonce.sb.*)
 *(.scommon)
                0x00111570                PROVIDE (__sbss_end, .)
                0x00111570                PROVIDE (___sbss_end, .)

.bss            0x00111580    0x1e550
 *(.dynbss)
 *(.bss)
 .bss           0x00111580      0x404 init.o
 *fill*         0x00111984       0x1c 00
 .bss           0x001119a0      0x900 multiboot.o
 .bss           0x001122a0      0x108 cpu.o
 .bss           0x001123a8        0x8 software.o
 .bss           0x001123b0        0x8 time.o
 *fill*         0x001123b8        0x8 00
 .bss           0x001123c0     0x7d14 internal_memory.o
 *fill*         0x0011a0d4        0xc 00
 .bss           0x0011a0e0     0x7d34 virtual_memory.o
 *fill*         0x00121e14        0xc 00
 .bss           0x00121e20      0x180 thread.o
 .bss           0x00121fa0      0x37c process.o
 *(.bss.*)
 *(.gnu.linkonce.b.*)
 *(COMMON)
 *fill*         0x0012231c        0x4 00
 COMMON         0x00122320     0x1000 init.o
                                  0x0 (size before relaxing)
                0x00122320                kernel_stack
 COMMON         0x00123320     0xc240 multiboot.o
                                  0x0 (size before relaxing)
                0x00123320                multiboot_info
                0x00123360                multiboot_memory_map
                0x0012f360                multiboot_module_info
 COMMON         0x0012f560       0x84 irq.o
                                  0x0 (size before relaxing)
                0x0012f560                irq_handlers
                0x0012f5a0                irq_handlers_data
                0x0012f5e0                current_stack_pointer
 *fill*         0x0012f5e4       0x1c 00
 COMMON         0x0012f600       0x54 dma.o
                                  0x0 (size before relaxing)
                0x0012f600                dma_channels
 COMMON         0x0012f654        0x9 pit.o
                                  0x0 (size before relaxing)
                0x0012f654                pit_divisor
                0x0012f65a                pit_mode
 *fill*         0x0012f65d        0x3 00
 COMMON         0x0012f660       0x1c timer.o
                                  0x0 (size before relaxing)
                0x0012f660                timers
 COMMON         0x0012f67c       0x38 timer_util.o
                                  0x0 (size before relaxing)
                0x0012f67c                sleep_timer
                0x0012f698                system_timer
 *fill*         0x0012f6b4        0xc 00
 COMMON         0x0012f6c0       0x4c physical_memory_init.o
                                  0x0 (size before relaxing)
                0x0012f6c0                block_pool
 COMMON         0x0012f70c        0x4 virtual_memory.o
                                  0x0 (size before relaxing)
                0x0012f70c                global_page_directory
 *fill*         0x0012f710       0x10 00
 COMMON         0x0012f720      0x3a0 thread.o
                                  0x0 (size before relaxing)
                0x0012f720                process_kernel
                0x0012f89c                thread_timer
                0x0012f8c0                tss_kernel
                0x0012f940                thread_main
 COMMON         0x0012fac0        0xc process.o
                                  0x0 (size before relaxing)
                0x0012fac0                parsed
 COMMON         0x0012facc        0x4 ../Libraries/string.a(general-inlines.o)
                                  0x0 (size before relaxing)
                0x0012facc                ___strtok
                0x0012fad0                . = ALIGN (0x4)
                0x0012fad0                . = ALIGN (0x4)
                0x0012fad0                _end = .
                0x0012fad0                PROVIDE (end, .)

.stab           0x00000000     0xa47c
 *(.stab)
 .stab          0x00000000     0x18b4 ../Libraries/string.a(conversions.o)
                               0x18c0 (size before relaxing)
 .stab          0x000018b4     0x1320 ../Libraries/string.a(format.o)
                               0x1728 (size before relaxing)
 .stab          0x00002bd4      0xd98 ../Libraries/string.a(general-inlines.o)
                               0x11a0 (size before relaxing)
 .stab          0x0000396c      0x864 ../Libraries/string.a(character.o)
                                0xc6c (size before relaxing)
 .stab          0x000041d0      0x8f4 ../Libraries/list.a(list.o)
                                0xc24 (size before relaxing)
 .stab          0x00004ac4      0xd38 ../Libraries/pool_of_integers.a(pool_of_integers.o)
                               0x10ec (size before relaxing)
 .stab          0x000057fc     0x1da0 ../Libraries/pool_of_ranges.a(id_pool.o)
                               0x1e6c (size before relaxing)
 .stab          0x0000759c     0x138c ../Libraries/avl_tree.a(avl.o)
                               0x19f8 (size before relaxing)
 .stab          0x00008928     0x1b54 ../Libraries/avl_tree.a(avl_util.o)
                               0x2220 (size before relaxing)

.stabstr        0x00000000     0x9343
 *(.stabstr)
 .stabstr       0x00000000     0x9343 ../Libraries/string.a(conversions.o)
                                  0x0 (size before relaxing)

.stab.excl
 *(.stab.excl)

.stab.exclstr
 *(.stab.exclstr)

.stab.index
 *(.stab.index)

.stab.indexstr
 *(.stab.indexstr)

.comment        0x00000000      0x360
 *(.comment)
 .comment       0x00000000       0x12 init.o
 .comment       0x00000012       0x12 multiboot.o
 .comment       0x00000024       0x12 parse.o
 .comment       0x00000036       0x12 cpu.o
 .comment       0x00000048       0x12 cpu_bugs.o
 .comment       0x0000005a       0x12 cpu_id.o
 .comment       0x0000006c       0x12 cpu_speed.o
 .comment       0x0000007e       0x12 halt.o
 .comment       0x00000090       0x12 lock.o
 .comment       0x000000a2       0x12 irq.o
 .comment       0x000000b4       0x12 pic.o
 .comment       0x000000c6       0x12 exception.o
 .comment       0x000000d8       0x12 hardware.o
 .comment       0x000000ea       0x12 software.o
 .comment       0x000000fc       0x12 time.o
 .comment       0x0000010e       0x12 dma.o
 .comment       0x00000120       0x12 dma_controller.o
 .comment       0x00000132       0x12 pit.o
 .comment       0x00000144       0x12 timer.o
 .comment       0x00000156       0x12 timer_util.o
 .comment       0x00000168       0x12 port.o
 .comment       0x0000017a       0x12 allocate.o
 .comment       0x0000018c       0x12 deallocate.o
 .comment       0x0000019e       0x12 internal_memory.o
 .comment       0x000001b0       0x12 physical_memory_init.o
 .comment       0x000001c2       0x12 reserve.o
 .comment       0x000001d4       0x12 page.o
 .comment       0x000001e6       0x12 virtual_memory.o
 .comment       0x000001f8       0x12 main.o
 .comment       0x0000020a       0x12 debug.o
 .comment       0x0000021c       0x12 gdb.o
 .comment       0x0000022e       0x12 memory.o
 .comment       0x00000240       0x12 slab.o
 .comment       0x00000252       0x12 thread.o
 .comment       0x00000264       0x12 elf.o
 .comment       0x00000276       0x12 process.o
 .comment       0x00000288       0x12 tss.o
 .comment       0x0000029a       0x12 system_call.o
 .comment       0x000002ac       0x12 repository.o
 .comment       0x000002be       0x12 ../Libraries/string.a(conversions.o)
 .comment       0x000002d0       0x12 ../Libraries/string.a(format.o)
 .comment       0x000002e2       0x12 ../Libraries/string.a(general-inlines.o)
 .comment       0x000002f4       0x12 ../Libraries/string.a(character.o)
 .comment       0x00000306       0x12 ../Libraries/list.a(list.o)
 .comment       0x00000318       0x12 ../Libraries/pool_of_integers.a(pool_of_integers.o)
 .comment       0x0000032a       0x12 ../Libraries/pool_of_ranges.a(id_pool.o)
 .comment       0x0000033c       0x12 ../Libraries/avl_tree.a(avl.o)
 .comment       0x0000034e       0x12 ../Libraries/avl_tree.a(avl_util.o)

.debug
 *(.debug)

.line
 *(.line)

.debug_srcinfo
 *(.debug_srcinfo)

.debug_sfnames
 *(.debug_sfnames)

.debug_aranges
 *(.debug_aranges)

.debug_pubnames
 *(.debug_pubnames)

.debug_info
 *(.debug_info)
 *(.gnu.linkonce.wi.*)

.debug_abbrev
 *(.debug_abbrev)

.debug_line
 *(.debug_line)

.debug_frame
 *(.debug_frame)

.debug_str
 *(.debug_str)

.debug_loc
 *(.debug_loc)

.debug_macinfo
 *(.debug_macinfo)

.debug_weaknames
 *(.debug_weaknames)

.debug_funcnames
 *(.debug_funcnames)

.debug_typenames
 *(.debug_typenames)

.debug_varnames
 *(.debug_varnames)
OUTPUT(storm elf32-i386)
