Archive member included because of file (symbol)

../Libraries/string.a(conversions.o)
                              timer.o (string_to_uint32)
../Libraries/string.a(format.o)
                              main.o (string_print)
../Libraries/string.a(general-inlines.o)
                              ../Libraries/string.a(format.o) (string_scn)
../Libraries/string.a(character.o)
                              ../Libraries/string.a(general-inlines.o) (char_to_lower_case)
../Libraries/list.a(list.o)   timer.o (list_create)
../Libraries/pool_of_integers.a(pool_of_integers.o)
                              internal_memory.o (pool_of_integers_init)
../Libraries/pool_of_ranges.a(id_pool.o)
                              allocate.o (pool_allocate)
../Libraries/avl_tree.a(avl.o)
                              ../Libraries/pool_of_ranges.a(id_pool.o) (avl_tree_add_node)
../Libraries/avl_tree.a(avl_util.o)
                              ../Libraries/avl_tree.a(avl.o) (exchange)

Allocating common symbols
Common symbol       size              file

global_page_directory
                    0x4               virtual_memory.o
process_kernel      0x17c             thread.o
timers              0x1c              timer.o
___strtok           0x4               ../Libraries/string.a(general-inlines.o)
multiboot_info      0x34              multiboot.o
pit_divisor         0x6               pit.o
irq_handlers        0x40              irq.o
pit_mode            0x3               pit.o
dma_channels        0x54              dma.o
multiboot_memory_map
                    0xc000            multiboot.o
sleep_timer         0x1c              timer_util.o
block_pool          0x4c              physical_memory_init.o
parsed              0xc               process.o
multiboot_module_info
                    0x200             multiboot.o
system_timer        0x1c              timer_util.o
thread_timer        0x1c              thread.o
tss_kernel          0x6c              thread.o
irq_handlers_data   0x40              irq.o
thread_main         0x180             thread.o
kernel_stack        0x1000            init.o
current_stack_pointer
                    0x4               irq.o

Memory Configuration

Name             Origin             Length             Attributes
*default*        0x00000000         0xffffffff

Linker script and memory map

LOAD main.o
LOAD init.o
LOAD multiboot.o
LOAD parse.o
LOAD debug.o
LOAD gdb.o
LOAD cpu.o
LOAD cpu_bugs.o
LOAD cpu_id.o
LOAD halt.o
LOAD lock.o
LOAD irq.o
LOAD pic.o
LOAD exception.o
LOAD hardware.o
LOAD software.o
LOAD time.o
LOAD dma.o
LOAD dma_controller.o
LOAD pit.o
LOAD timer.o
LOAD timer_util.o
LOAD port.o
LOAD thread.o
LOAD elf.o
LOAD process.o
LOAD tss.o
LOAD allocate.o
LOAD deallocate.o
LOAD internal_memory.o
LOAD physical_memory_init.o
LOAD reserve.o
LOAD page.o
LOAD virtual_memory.o
LOAD memory.o
LOAD slab.o
LOAD system_call.o
LOAD irq_handlers.o
LOAD exception_lowlevel.o
LOAD thread_state.o
LOAD process_state.o
LOAD system_call_lowlevel.o
LOAD ../Libraries/string.a
LOAD ../Libraries/list.a
LOAD ../Libraries/pool_of_integers.a
LOAD ../Libraries/pool_of_ranges.a
LOAD ../Libraries/avl_tree.a
LOAD ../Libraries/hash_table.a
                0x00100074                . = (0x100000 + SIZEOF_HEADERS)

.interp
 *(.interp)

.hash
 *(.hash)

.dynsym
 *(.dynsym)

.dynstr
 *(.dynstr)

.gnu.version
 *(.gnu.version)

.gnu.version_d
 *(.gnu.version_d)

.gnu.version_r
 *(.gnu.version_r)

.rel.init
 *(.rel.init)

.rela.init
 *(.rela.init)

.rel.text
 *(.rel.text)
 *(.rel.text.*)
 *(.rel.gnu.linkonce.t.*)

.rela.text
 *(.rela.text)
 *(.rela.text.*)
 *(.rela.gnu.linkonce.t.*)

.rel.fini
 *(.rel.fini)

.rela.fini
 *(.rela.fini)

.rel.rodata
 *(.rel.rodata)
 *(.rel.rodata.*)
 *(.rel.gnu.linkonce.r.*)

.rela.rodata
 *(.rela.rodata)
 *(.rela.rodata.*)
 *(.rela.gnu.linkonce.r.*)

.rel.data
 *(.rel.data)
 *(.rel.data.*)
 *(.rel.gnu.linkonce.d.*)

.rela.data
 *(.rela.data)
 *(.rela.data.*)
 *(.rela.gnu.linkonce.d.*)

.rel.ctors
 *(.rel.ctors)

.rela.ctors
 *(.rela.ctors)

.rel.dtors
 *(.rel.dtors)

.rela.dtors
 *(.rela.dtors)

.rel.got
 *(.rel.got)

.rela.got
 *(.rela.got)

.rel.sdata
 *(.rel.sdata)
 *(.rel.sdata.*)
 *(.rel.gnu.linkonce.s.*)

.rela.sdata
 *(.rela.sdata)
 *(.rela.sdata.*)
 *(.rela.gnu.linkonce.s.*)

.rel.sbss
 *(.rel.sbss)
 *(.rel.sbss.*)
 *(.rel.gnu.linkonce.sb.*)

.rela.sbss
 *(.rela.sbss)
 *(.rela.sbss.*)
 *(.rel.gnu.linkonce.sb.*)

.rel.sdata2
 *(.rel.sdata2)
 *(.rel.sdata2.*)
 *(.rel.gnu.linkonce.s2.*)

.rela.sdata2
 *(.rela.sdata2)
 *(.rela.sdata2.*)
 *(.rela.gnu.linkonce.s2.*)

.rel.sbss2
 *(.rel.sbss2)
 *(.rel.sbss2.*)
 *(.rel.gnu.linkonce.sb2.*)

.rela.sbss2
 *(.rela.sbss2)
 *(.rela.sbss2.*)
 *(.rela.gnu.linkonce.sb2.*)

.rel.bss
 *(.rel.bss)
 *(.rel.bss.*)
 *(.rel.gnu.linkonce.b.*)

.rela.bss
 *(.rela.bss)
 *(.rela.bss.*)
 *(.rela.gnu.linkonce.b.*)

.rel.plt
 *(.rel.plt)

.rela.plt
 *(.rela.plt)

.init.pre       0x00100074        0xc
 *(.init.pre)
 .init.pre      0x00100074        0xc multiboot.o

.init
 *(.text.init)
 *(.data.init)
                0x00101000                . = ALIGN (0x1000)

.special        0x00101000     0x1000
 *(.gdt)
 .gdt           0x00101000      0x800 init.o
                0x00101000                gdt
 *(.idt)
 .idt           0x00101800      0x800 init.o
                0x00101800                idt
                0x00102000                . = ALIGN (0x1000)
                0x00102000                _init_end = .

.text           0x00102000     0xa762
 *(.text)
 .text          0x00102000      0xb5c main.o
                0x00102710                main_bootup
 *fill*         0x00102b5c        0x4 9090
 .text          0x00102b60       0xc2 init.o
                0x00102b60                _start
 *fill*         0x00102c22        0xe 9090
 .text          0x00102c30       0xfa multiboot.o
                0x00102c30                multiboot_init
 *fill*         0x00102d2a        0x6 9090
 .text          0x00102d30       0x9e parse.o
                0x00102d30                arguments_parse
 *fill*         0x00102dce        0x2 9090
 .text          0x00102dd0      0x363 debug.o
                0x00102dd0                system_debug_print
                0x00102f40                system_debug_init
 *fill*         0x00103133        0x1 9090
 *fill*         0x00103134        0xc 9090
 .text          0x00103140       0x58 cpu.o
                0x00103140                cpu_init
                0x00103170                cpu_get_info
 *fill*         0x00103198        0x8 9090
 .text          0x001031a0       0x53 cpu_bugs.o
                0x001031a0                cpu_bugs_search
 *fill*         0x001031f3        0xd 9090
 .text          0x00103200      0x8b4 cpu_id.o
                0x00103930                response_cpu_sub_type
                0x001039f0                process_cpu_id
                0x001035b0                process_features
                0x00103a90                cpuid_get_cpu_speed
                0x00103200                cpu_id_detect
                0x00103830                process_vendor
                0x001033b0                response_cpu
                0x00103730                process_amd_features
 *fill*         0x00103ab4        0xc 9090
 .text          0x00103ac0       0x53 halt.o
                0x00103ac0                cpu_halt
 *fill*         0x00103b13        0xd 9090
 .text          0x00103b20       0x14 lock.o
                0x00103b20                cpu_lock
                0x00103b30                cpu_unlock
 *fill*         0x00103b34        0xc 9090
 .text          0x00103b40      0x517 irq.o
                0x00103f30                irq_register
                0x00104030                irq_unregister
                0x00103b40                irq_init
 *fill*         0x00104057        0x9 9090
 .text          0x00104060      0x29f pic.o
                0x00104260                pic_enable_all_irq
                0x00104110                pic_enable_irq
                0x00104290                pic_acknowledge
                0x00104060                pic_remap_irq
                0x00104280                pic_init
                0x001041c0                pic_disable_irq
                0x00104270                pic_disable_all_irq
 *fill*         0x001042ff        0x1 9090
 .text          0x00104300      0x180 exception.o
                0x00104300                exception_init
 .text          0x00104480      0x9aa hardware.o
                0x00104c90                EXCEPTION_HANDLER_DEVICE_NOT_AVAILABLE
                0x00104c10                EXCEPTION_HANDLER_BREAKPOINT
                0x00104bb0                EXCEPTION_HANDLER_DIVIDE_ERROR
                0x00104bf0                EXCEPTION_HANDLER_NONMASKABLE_INTERRUPT
                0x00104c30                EXCEPTION_HANDLER_OVERFLOW
                0x00104db0                EXCEPTION_HANDLER_FLOATING_POINT_ERROR
                0x00104bd0                EXCEPTION_HANDLER_DEBUG
                0x00104cd0                EXCEPTION_HANDLER_COPROCESSOR_SEGMENT_OVERRUN
                0x00104df0                EXCEPTION_HANDLER_MACHINE_CHECK
                0x00104d30                EXCEPTION_HANDLER_STACK_FAULT
                0x00104d70                EXCEPTION_HANDLER_PAGE_FAULT
                0x00104d90                EXCEPTION_HANDLER_DUMMY
                0x00104b30                exception_hardware_init
                0x00104e10                EXCEPTION_HANDLER_STREAMING_SIMD_EXTENSIONS
                0x00104d10                EXCEPTION_HANDLER_SEGMENT_NOT_PRESENT
                0x00104cf0                EXCEPTION_HANDLER_INVALID_TSS
                0x00104dd0                EXCEPTION_HANDLER_ALIGNMENT_CHECK
                0x00104cb0                EXCEPTION_HANDLER_DOUBLE_FAULT
                0x001049a0                exception_print_screen
                0x00104d50                EXCEPTION_HANDLER_GENERAL_PROTECTION
                0x00104c70                EXCEPTION_HANDLER_INVALID_OPCODE
                0x00104c50                EXCEPTION_HANDLER_BOUND_RANGE_EXCEEDED
 *fill*         0x00104e2a        0x6 9090
 .text          0x00104e30      0x363 software.o
                0x001050c0                exception_add_handler
                0x00104e30                exception_invoke_handler
                0x00105130                exception_remove_handler
                0x00105190                exception_software_init
 *fill*         0x00105193        0xd 9090
 .text          0x001051a0      0x462 time.o
                0x00105420                clock_init
 *fill*         0x00105602        0xe 9090
 .text          0x00105610      0x1d5 dma.o
                0x00105720                dma_unregister
                0x00105750                dma_transfer
                0x001056e0                dma_register
                0x00105610                dma_init
 *fill*         0x001057e5        0xb 9090
 .text          0x001057f0      0x6c0 dma_controller.o
                0x00105d10                dma_contoller_disable_channel
                0x00105c40                dma_contoller_enable_channel
                0x00105de0                dma_controller_transfer_cancel
                0x00105c00                dma_controller_init
                0x001057f0                dma_controller_transfer_start
 .text          0x00105eb0      0x2b4 pit.o
                0x00106080                pit_init
                0x00105eb0                pit_frequency_set
                0x00106140                pit_counter_read
                0x001060b0                pit_mode_set
 *fill*         0x00106164        0xc 9090
 .text          0x00106170      0x38a timer.o
                0x001064d0                timer_write
                0x00106320                timer_create
                0x00106440                timer_set_period
                0x00106390                timer_destroy
                0x00106270                timer_init
                0x001063c0                timer_start
                0x001064a0                timer_read
                0x00106400                timer_stop
 *fill*         0x001064fa        0x6 9090
 .text          0x00106500       0xd9 timer_util.o
                0x00106550                timer_system_read
                0x00106500                timer_sleep_milli
                0x00106590                timer_system_init
                0x00106540                timer_sleep_micro
                0x00106570                timer_sleep_init
 *fill*         0x001065d9        0x7 9090
 .text          0x001065e0       0x23 port.o
                0x001065f0                io_port_register
                0x001065e0                io_port_init
                0x00106600                io_port_unregister
 *fill*         0x00106603        0xd 9090
 .text          0x00106610      0x6fd thread.o
                0x00106ce0                thread_exit
                0x00106a20                thread_init
                0x00106790                thread_switch_to_next
                0x00106610                thread_lock
                0x00106c00                thread_unlock
                0x00106c60                thread_name_set
                0x00106cc0                thread_destroy
                0x00106c90                thread_name_get
                0x00106be0                thread_get_current
                0x00106690                thread_create
                0x001069a0                thread_print_list
 *fill*         0x00106d0d        0x3 9090
 .text          0x00106d10      0xc00 elf.o
                0x00107430                elf_load_program
                0x00107870                elf_symbol_find_by_name
                0x00106ec0                elf_resolve
                0x00107760                elf_identify
                0x00107350                elf_parse_program
                0x00107820                elf_symbol_find_by_index
                0x00107010                elf_relocate
                0x00106d10                elf_parse
                0x001071b0                elf_load_module
 .text          0x00107910      0x4e0 process.o
                0x00107d50                process_print_list
                0x00107d40                dump_stack
                0x00107ad0                process_create
                0x00107bc0                process_init
                0x00107cb0                process_name_get
                0x00107c80                process_name_set
                0x00107910                process_thread_create
                0x00107ce0                process_get_current
 .text          0x00107df0       0xa2 tss.o
                0x00107df0                tss_create
 *fill*         0x00107e92        0xe 9090
 .text          0x00107ea0       0x84 allocate.o
                0x00107ea0                physical_memory_allocate
 *fill*         0x00107f24        0xc 9090
 .text          0x00107f30       0x29 deallocate.o
                0x00107f30                physical_memory_deallocate
 *fill*         0x00107f59        0x7 9090
 .text          0x00107f60       0xa2 internal_memory.o
                0x00107f60                internal_memory_init
                0x00107f80                internal_memory_deinit
 *fill*         0x00108002        0xe 9090
 .text          0x00108010      0x2d6 physical_memory_init.o
                0x00108140                physical_memory_init
                0x001082e0                physical_memory_get_free_pages
                0x001082d0                physical_memory_get_total_pages
 *fill*         0x001082e6        0xa 9090
 .text          0x001082f0       0x29 reserve.o
                0x001082f0                physical_memory_reserve
 *fill*         0x00108319        0x7 9090
 .text          0x00108320      0x467 page.o
                0x00108730                page_lookup
                0x00108530                page_system_init
                0x00108320                page_map
                0x00108710                page_enable
 *fill*         0x00108787        0x9 9090
 .text          0x00108790      0x411 virtual_memory.o
                0x00108ab0                virtual_memory_destroy
                0x001089f0                virtual_memory_map
                0x00108b30                virtual_memory_deallocate
                0x00108790                virtual_memory_create
                0x001089b0                virtual_memory_lookup
                0x00108ae0                virtual_memory_allocate
                0x001088c0                virtual_memory_init
                0x00108b70                virtual_memory_reserve
 *fill*         0x00108ba1        0xf 9090
 .text          0x00108bb0       0x83 memory.o
                0x00108bf0                global_memory_allocate
                0x00108c30                global_memory_deallocate
                0x00108bb0                global_memory_init
 *fill*         0x00108c33        0xd 9090
 .text          0x00108c40      0x21c slab.o
                0x00108c40                slab_superblock_init
                0x00108de0                slab_heap_index
                0x00108d40                slab_heap_init
 *fill*         0x00108e5c        0x4 9090
 .text          0x00108e60       0xd9 system_call.o
                0x00108e60                system_call_init
                0x00108ef0                system_call
 *fill*         0x00108f39        0x3 9090
 .text          0x00108f3c      0x348 irq_handlers.o
                0x00108fe4                irq4_handler
                0x0010908c                irq7_handler
                0x0010916c                irq11_handler
                0x0010924c                irq15_handler
                0x001091dc                irq13_handler
                0x00109214                irq14_handler
                0x001091a4                irq12_handler
                0x00108fac                irq3_handler
                0x00108f74                irq1_handler
                0x00109054                irq6_handler
                0x00109134                irq10_handler
                0x00108f3c                irq0_handler
                0x001090fc                irq9_handler
                0x001090c4                irq8_handler
                0x0010901c                irq5_handler
 .text          0x00109284      0x32b exception_lowlevel.o
                0x0010943c                EXCEPTION_HANDLER_SEGMENT_NOT_PRESENT_LOWLEVEL
                0x00109374                EXCEPTION_HANDLER_INVALID_OPCODE_LOWLEVEL
                0x0010955f                EXCEPTION_HANDLER_MACHINE_CHECK_LOWLEVEL
                0x00109464                EXCEPTION_HANDLER_STACK_FAULT_LOWLEVEL
                0x0010950f                EXCEPTION_HANDLER_FLOATING_POINT_ERROR_LOWLEVEL
                0x00109414                EXCEPTION_HANDLER_INVALID_TSS_LOWLEVEL
                0x0010939c                EXCEPTION_HANDLER_DEVICE_NOT_AVAILABLE_LOWLEVEL
                0x001094e7                EXCEPTION_HANDLER_DUMMY_LOWLEVEL
                0x00109587                EXCEPTION_HANDLER_STREAMING_SIMD_EXTENSIONS_LOWLEVEL
                0x00109284                EXCEPTION_HANDLER_DIVIDE_ERROR_LOWLEVEL
                0x0010934c                EXCEPTION_HANDLER_BOUND_RANGE_EXCEEDED_LOWLEVEL
                0x001093ec                EXCEPTION_HANDLER_COPROCESSOR_SEGMENT_OVERRUN_LOWLEVEL
                0x001092d4                EXCEPTION_HANDLER_NONMASKABLE_INTERRUPT_LOWLEVEL
                0x00109324                EXCEPTION_HANDLER_OVERFLOW_LOWLEVEL
                0x001092ac                EXCEPTION_HANDLER_DEBUG_LOWLEVEL
                0x0010948c                EXCEPTION_HANDLER_GENERAL_PROTECTION_LOWLEVEL
                0x00109537                EXCEPTION_HANDLER_ALIGNMENT_CHECK_LOWLEVEL
                0x001093c4                EXCEPTION_HANDLER_DOUBLE_FAULT_LOWLEVEL
                0x001092fc                EXCEPTION_HANDLER_BREAKPOINT_LOWLEVEL
                0x001094b4                EXCEPTION_HANDLER_PAGE_FAULT_LOWLEVEL
 *fill*         0x001095af        0x1 9090
 .text          0x001095b0       0x49 thread_state.o
                0x001095e2                thread_exit_lowlevel
                0x001095ee                thread_load_state
                0x001095b0                thread_yield
                0x001095e8                thread_load_state2
 *fill*         0x001095f9        0x3 9090
 .text          0x001095fc       0x15 process_state.o
                0x001095fc                process_load_state
 *fill*         0x00109611        0x3 9090
 .text          0x00109614       0x1a system_call_lowlevel.o
                0x00109614                system_call_lowlevel
 *fill*         0x0010962e        0x2 9090
 .text          0x00109630      0x83e ../Libraries/string.a(conversions.o)
                0x00109d90                string_to_uint32
                0x00109850                string_to_int32_with_base_autodetect
                0x00109ca0                string_to_int32
                0x00109630                string_to_double
                0x00109a10                uint32_to_string
 *fill*         0x00109e6e        0x2 9090
 .text          0x00109e70      0x9a2 ../Libraries/string.a(format.o)
                0x00109e70                string_print
                0x0010a430                string_scan_va
                0x00109e90                string_print_va
                0x0010a410                string_scan
 *fill*         0x0010a812        0xe 9090
 .text          0x0010a820      0x318 ../Libraries/string.a(general-inlines.o)
                0x0010a960                string_sep
                0x0010aa70                string_scn
                0x0010a870                string_tok
                0x0010aac0                string_i_compare_max
                0x0010a820                string_pbrk
                0x0010aa30                string_spn
 *fill*         0x0010ab38        0x8 9090
 .text          0x0010ab40      0x1f4 ../Libraries/string.a(character.o)
                0x0010acc0                char_is_upper
                0x0010ac60                char_is_digit
                0x0010ac80                char_is_lower
                0x0010ace0                char_is_heximal_digit
                0x0010ab60                char_to_lower_case
                0x0010abc0                int_to_char
                0x0010ab80                char_to_int
                0x0010aca0                char_is_space
                0x0010ac50                char_is_control
                0x0010ad10                char_is_number
                0x0010ac30                char_is_alpha
                0x0010ab40                char_to_upper_case
                0x0010abf0                char_is_alpha_or_number
 *fill*         0x0010ad34        0xc 9090
 .text          0x0010ad40      0x1b4 ../Libraries/list.a(list.o)
                0x0010ad90                list_node_insert
                0x0010ae40                list_node_remove_last
                0x0010ae00                list_node_remove
                0x0010ad40                list_create
                0x0010ae80                list_get_iterator
                0x0010aea0                list_get_reverse_iterator
 *fill*         0x0010aef4        0xc 9090
 .text          0x0010af00      0x417 ../Libraries/pool_of_integers.a(pool_of_integers.o)
                0x0010af00                pool_of_integers_init
                0x0010b0b0                pool_of_integers_allocate
                0x0010b1b0                pool_of_integers_deallocate
                0x0010af90                pool_of_integers_reserve
 *fill*         0x0010b317        0x9 9090
 .text          0x0010b320      0x684 ../Libraries/pool_of_ranges.a(id_pool.o)
                0x0010b940                pool_is_empty
                0x0010b820                pool_init
                0x0010b320                pool_allocate
                0x0010b910                pool_is_full
                0x0010b900                pool_get_iterator
                0x0010b620                pool_deallocate
                0x0010b400                pool_reserve
 *fill*         0x0010b9a4        0xc 9090
 .text          0x0010b9b0      0x4ff ../Libraries/avl_tree.a(avl.o)
                0x0010bd90                avl_tree_destroy
                0x0010bc10                avl_tree_search_node
                0x0010bdd0                avl_tree_get_smallest_node
                0x0010be60                avl_tree_get_reverse_iterator
                0x0010be00                avl_tree_get_largest_node
                0x0010bd50                avl_tree_create
                0x0010ba40                avl_tree_add_node
                0x0010bcc0                avl_tree_search_nearest_node
                0x0010be30                avl_tree_get_iterator
                0x0010bad0                avl_tree_delete_node
                0x0010bda0                avl_tree_update_node
 *fill*         0x0010beaf        0x1 9090
 .text          0x0010beb0      0x8b2 ../Libraries/avl_tree.a(avl_util.o)
                0x0010c730                get_most_left_node
                0x0010c710                get_right_level
                0x0010c750                get_most_right_node
                0x0010c6f0                get_left_level
                0x0010beb0                exchange
                0x0010c500                update
                0x0010c6c0                get_pointer_from_parent
                0x0010c5c0                update2
 *(.text.*)
 *(.stub)
 *(.gnu.warning)
 *(.gnu.linkonce.t.*)

.fini
 *(.fini)
                0x0010c762                PROVIDE (__etext, .)
                0x0010c762                PROVIDE (_etext, .)
                0x0010c762                PROVIDE (etext, .)

.rodata         0x0010c780     0x1b8d
 *(.rodata)
 .rodata        0x0010c780      0x1cb main.o
 *fill*         0x0010c94b       0x15 00
 .rodata        0x0010c960       0x4c debug.o
 *fill*         0x0010c9ac        0x4 00
 .rodata        0x0010c9b0       0xd8 cpu_id.o
 .rodata        0x0010ca88       0x56 irq.o
 *fill*         0x0010cade        0x2 00
 .rodata        0x0010cae0       0xf3 pic.o
 .rodata        0x0010cbd3       0x11 exception.o
 *fill*         0x0010cbe4       0x1c 00
 .rodata        0x0010cc00      0x80b hardware.o
 *fill*         0x0010d40b       0x15 00
 .rodata        0x0010d420      0x16e software.o
 *fill*         0x0010d58e       0x12 00
 .rodata        0x0010d5a0       0x51 time.o
 *fill*         0x0010d5f1        0xf 00
 .rodata        0x0010d600      0x2bf dma_controller.o
 *fill*         0x0010d8bf        0x1 00
 .rodata        0x0010d8c0      0x173 pit.o
 .rodata        0x0010da33        0x5 timer.o
 .rodata        0x0010da38        0xa thread.o
 *fill*         0x0010da42       0x1e 00
 .rodata        0x0010da60      0x163 elf.o
 *fill*         0x0010dbc3       0x1d 00
 .rodata        0x0010dbe0       0xeb process.o
 .rodata        0x0010dccb       0x2c allocate.o
 *fill*         0x0010dcf7        0x9 00
 .rodata        0x0010dd00      0x10c physical_memory_init.o
 *fill*         0x0010de0c       0x14 00
 .rodata        0x0010de20       0xad virtual_memory.o
 *fill*         0x0010decd       0x13 00
 .rodata        0x0010dee0       0x20 slab.o
                0x0010dee0                slab_block_size
 .rodata        0x0010df00       0x40 system_call.o
 .rodata        0x0010df40       0x85 ../Libraries/string.a(conversions.o)
 *fill*         0x0010dfc5        0xb 00
 .rodata        0x0010dfd0      0x32c ../Libraries/string.a(format.o)
 .rodata        0x0010e2fc       0x11 ../Libraries/string.a(character.o)
 *(.rodata.*)
 *(.gnu.linkonce.r.*)

.rodata1
 *(.rodata1)

.sdata2
 *(.sdata2)
 *(.sdata2.*)
 *(.gnu.linkonce.s2.*)

.sbss2
 *(.sbss2)
 *(.sbss2.*)
 *(.gnu.linkonce.sb2.*)
                0x0010f30d                . = (ALIGN (0x1000) + (. & 0xfff))

.data           0x0010f320     0x20d4
 *(.data)
 .data          0x0010f320     0x1aac main.o
                0x00110db5                parse_parameters
                0x00110dc8                storm_environ
                0x00110d88                storm_info
                0x00110daa                parse_disable
                0x00110da0                parse_enable
                0x0010f320                subsystem_built_in
 *fill*         0x00110dcc       0x14 00
 .data          0x00110de0       0x34 init.o
 .data          0x00110e14       0x19 debug.o
 *fill*         0x00110e2d        0x3 00
 *fill*         0x00110e30       0x10 00
 .data          0x00110e40      0x288 cpu_id.o
                0x00110e40                Vendor_records
                0x00110f8a                family7
                0x00110f60                family6
                0x00110e94                family2
                0x00110e8e                family1
                0x00110f00                family5
                0x00110e88                family0
                0x00110fa0                CPU_families
                0x00110e9a                family3
                0x00110fe0                CPU_sub_records
                0x00110ea0                family4
 .data          0x001110c8        0x4 exception.o
                0x001110c8                output_enabled
 *fill*         0x001110cc       0x14 00
 .data          0x001110e0      0x1a4 hardware.o
                0x001110e0                exception_hardware_descriptions
 .data          0x00111284       0x30 time.o
 .data          0x001112b4       0x1d timer.o
                0x001112b4                hz
                0x001112b8                ticks
 *fill*         0x001112d1        0x3 00
 .data          0x001112d4        0x4 timer_util.o
 *fill*         0x001112d8        0x8 00
 .data          0x001112e0       0x80 thread.o
                0x00111300                waiting_threads
                0x001112e0                current_thread
                0x001112e4                running_threads
                0x00111350                jump_data
                0x0011131c                threads_lock
 .data          0x00111360       0x6c process.o
                0x0011137c                processes_lock
                0x00111360                processes
                0x00111380                current_process
 .data          0x001113cc        0xc internal_memory.o
                0x001113d0                imemory
 .data          0x001113d8        0xc virtual_memory.o
                0x001113dc                rmi
 .data          0x001113e4        0xc memory.o
                0x001113e4                memory_structure
 .data          0x001113f0        0x4 ../Libraries/string.a(character.o)
 *(.data.*)
 *(.gnu.linkonce.d.*)

.data1
 *(.data1)

.eh_frame
 *(.eh_frame)

.gcc_except_table
 *(.gcc_except_table)

.ctors
 *crtbegin.o(.ctors)
 *(EXCLUDE_FILE(*crtend.o) .ctors)
 *(SORT(.ctors.*))
 *(.ctors)

.dtors
 *crtbegin.o(.dtors)
 *(EXCLUDE_FILE(*crtend.o) .dtors)
 *(SORT(.dtors.*))
 *(.dtors)

.got
 *(.got.plt)
 *(.got)

.dynamic
 *(.dynamic)

.sdata
 *(.sdata)
 *(.sdata.*)
 *(.gnu.linkonce.s.*)
                0x001113f4                _edata = .
                0x001113f4                PROVIDE (edata, .)
                0x001113f4                __bss_start = .

.sbss           0x001113f4        0x0
                0x001113f4                PROVIDE (__sbss_start, .)
                0x001113f4                PROVIDE (___sbss_start, .)
 *(.dynsbss)
 *(.sbss)
 *(.sbss.*)
 *(.gnu.linkonce.sb.*)
 *(.scommon)
                0x001113f4                PROVIDE (__sbss_end, .)
                0x001113f4                PROVIDE (___sbss_end, .)

.bss            0x00111400    0x1e554
 *(.dynbss)
 *(.bss)
 .bss           0x00111400      0x404 init.o
 *fill*         0x00111804       0x1c 00
 .bss           0x00111820      0x900 multiboot.o
 .bss           0x00112120      0x108 cpu.o
 .bss           0x00112228        0x8 software.o
 .bss           0x00112230        0x8 time.o
 *fill*         0x00112238        0x8 00
 .bss           0x00112240      0x180 thread.o
 .bss           0x001123c0      0x37c process.o
 *fill*         0x0011273c        0x4 00
 .bss           0x00112740     0x7d14 internal_memory.o
 *fill*         0x0011a454        0xc 00
 .bss           0x0011a460     0x7d34 virtual_memory.o
 *(.bss.*)
 *(.gnu.linkonce.b.*)
 *(COMMON)
 *fill*         0x00122194        0xc 00
 COMMON         0x001221a0     0x1000 init.o
                                  0x0 (size before relaxing)
                0x001221a0                kernel_stack
 COMMON         0x001231a0     0xc240 multiboot.o
                                  0x0 (size before relaxing)
                0x001231a0                multiboot_info
                0x001231e0                multiboot_memory_map
                0x0012f1e0                multiboot_module_info
 COMMON         0x0012f3e0       0x84 irq.o
                                  0x0 (size before relaxing)
                0x0012f3e0                irq_handlers
                0x0012f420                irq_handlers_data
                0x0012f460                current_stack_pointer
 *fill*         0x0012f464       0x1c 00
 COMMON         0x0012f480       0x54 dma.o
                                  0x0 (size before relaxing)
                0x0012f480                dma_channels
 COMMON         0x0012f4d4        0x9 pit.o
                                  0x0 (size before relaxing)
                0x0012f4d4                pit_divisor
                0x0012f4da                pit_mode
 *fill*         0x0012f4dd        0x3 00
 COMMON         0x0012f4e0       0x1c timer.o
                                  0x0 (size before relaxing)
                0x0012f4e0                timers
 COMMON         0x0012f4fc       0x38 timer_util.o
                                  0x0 (size before relaxing)
                0x0012f4fc                sleep_timer
                0x0012f518                system_timer
 *fill*         0x0012f534        0xc 00
 COMMON         0x0012f540      0x3a0 thread.o
                                  0x0 (size before relaxing)
                0x0012f540                process_kernel
                0x0012f6bc                thread_timer
                0x0012f6e0                tss_kernel
                0x0012f760                thread_main
 COMMON         0x0012f8e0        0xc process.o
                                  0x0 (size before relaxing)
                0x0012f8e0                parsed
 *fill*         0x0012f8ec       0x14 00
 COMMON         0x0012f900       0x4c physical_memory_init.o
                                  0x0 (size before relaxing)
                0x0012f900                block_pool
 COMMON         0x0012f94c        0x4 virtual_memory.o
                                  0x0 (size before relaxing)
                0x0012f94c                global_page_directory
 COMMON         0x0012f950        0x4 ../Libraries/string.a(general-inlines.o)
                                  0x0 (size before relaxing)
                0x0012f950                ___strtok
                0x0012f954                . = ALIGN (0x4)
                0x0012f954                . = ALIGN (0x4)
                0x0012f954                _end = .
                0x0012f954                PROVIDE (end, .)

.stab           0x00000000     0xa47c
 *(.stab)
 .stab          0x00000000     0x18b4 ../Libraries/string.a(conversions.o)
                               0x18c0 (size before relaxing)
 .stab          0x000018b4     0x1320 ../Libraries/string.a(format.o)
                               0x1728 (size before relaxing)
 .stab          0x00002bd4      0xd98 ../Libraries/string.a(general-inlines.o)
                               0x11a0 (size before relaxing)
 .stab          0x0000396c      0x864 ../Libraries/string.a(character.o)
                                0xc6c (size before relaxing)
 .stab          0x000041d0      0x8f4 ../Libraries/list.a(list.o)
                                0xc24 (size before relaxing)
 .stab          0x00004ac4      0xd38 ../Libraries/pool_of_integers.a(pool_of_integers.o)
                               0x10ec (size before relaxing)
 .stab          0x000057fc     0x1da0 ../Libraries/pool_of_ranges.a(id_pool.o)
                               0x1e6c (size before relaxing)
 .stab          0x0000759c     0x138c ../Libraries/avl_tree.a(avl.o)
                               0x19f8 (size before relaxing)
 .stab          0x00008928     0x1b54 ../Libraries/avl_tree.a(avl_util.o)
                               0x2220 (size before relaxing)

.stabstr        0x00000000     0x9343
 *(.stabstr)
 .stabstr       0x00000000     0x9343 ../Libraries/string.a(conversions.o)
                                  0x0 (size before relaxing)

.stab.excl
 *(.stab.excl)

.stab.exclstr
 *(.stab.exclstr)

.stab.index
 *(.stab.index)

.stab.indexstr
 *(.stab.indexstr)

.comment        0x00000000      0x33c
 *(.comment)
 .comment       0x00000000       0x12 main.o
 .comment       0x00000012       0x12 init.o
 .comment       0x00000024       0x12 multiboot.o
 .comment       0x00000036       0x12 parse.o
 .comment       0x00000048       0x12 debug.o
 .comment       0x0000005a       0x12 gdb.o
 .comment       0x0000006c       0x12 cpu.o
 .comment       0x0000007e       0x12 cpu_bugs.o
 .comment       0x00000090       0x12 cpu_id.o
 .comment       0x000000a2       0x12 halt.o
 .comment       0x000000b4       0x12 lock.o
 .comment       0x000000c6       0x12 irq.o
 .comment       0x000000d8       0x12 pic.o
 .comment       0x000000ea       0x12 exception.o
 .comment       0x000000fc       0x12 hardware.o
 .comment       0x0000010e       0x12 software.o
 .comment       0x00000120       0x12 time.o
 .comment       0x00000132       0x12 dma.o
 .comment       0x00000144       0x12 dma_controller.o
 .comment       0x00000156       0x12 pit.o
 .comment       0x00000168       0x12 timer.o
 .comment       0x0000017a       0x12 timer_util.o
 .comment       0x0000018c       0x12 port.o
 .comment       0x0000019e       0x12 thread.o
 .comment       0x000001b0       0x12 elf.o
 .comment       0x000001c2       0x12 process.o
 .comment       0x000001d4       0x12 tss.o
 .comment       0x000001e6       0x12 allocate.o
 .comment       0x000001f8       0x12 deallocate.o
 .comment       0x0000020a       0x12 internal_memory.o
 .comment       0x0000021c       0x12 physical_memory_init.o
 .comment       0x0000022e       0x12 reserve.o
 .comment       0x00000240       0x12 page.o
 .comment       0x00000252       0x12 virtual_memory.o
 .comment       0x00000264       0x12 memory.o
 .comment       0x00000276       0x12 slab.o
 .comment       0x00000288       0x12 system_call.o
 .comment       0x0000029a       0x12 ../Libraries/string.a(conversions.o)
 .comment       0x000002ac       0x12 ../Libraries/string.a(format.o)
 .comment       0x000002be       0x12 ../Libraries/string.a(general-inlines.o)
 .comment       0x000002d0       0x12 ../Libraries/string.a(character.o)
 .comment       0x000002e2       0x12 ../Libraries/list.a(list.o)
 .comment       0x000002f4       0x12 ../Libraries/pool_of_integers.a(pool_of_integers.o)
 .comment       0x00000306       0x12 ../Libraries/pool_of_ranges.a(id_pool.o)
 .comment       0x00000318       0x12 ../Libraries/avl_tree.a(avl.o)
 .comment       0x0000032a       0x12 ../Libraries/avl_tree.a(avl_util.o)

.debug
 *(.debug)

.line
 *(.line)

.debug_srcinfo
 *(.debug_srcinfo)

.debug_sfnames
 *(.debug_sfnames)

.debug_aranges
 *(.debug_aranges)

.debug_pubnames
 *(.debug_pubnames)

.debug_info
 *(.debug_info)
 *(.gnu.linkonce.wi.*)

.debug_abbrev
 *(.debug_abbrev)

.debug_line
 *(.debug_line)

.debug_frame
 *(.debug_frame)

.debug_str
 *(.debug_str)

.debug_loc
 *(.debug_loc)

.debug_macinfo
 *(.debug_macinfo)

.debug_weaknames
 *(.debug_weaknames)

.debug_funcnames
 *(.debug_funcnames)

.debug_typenames
 *(.debug_typenames)

.debug_varnames
 *(.debug_varnames)
OUTPUT(storm elf32-i386)
