Archive member included because of file (symbol)

/root/Chaos/Binaries/DebugGDB/Modules/Static/ata.a(interface.o)
                              Kernel/Interfaces/init_init.o (ata_main)
/root/Chaos/Binaries/DebugGDB/Modules/Static/ata.a(ata.o)
                              /root/Chaos/Binaries/DebugGDB/Modules/Static/ata.a(interface.o) (ata_probe)
/root/Chaos/Binaries/DebugGDB/Modules/Static/ata.a(ata_drive_class.o)
                              /root/Chaos/Binaries/DebugGDB/Modules/Static/ata.a(interface.o) (ata_drive_class_register)
/root/Chaos/Binaries/DebugGDB/Modules/Static/ata.a(ata_manager_class.o)
                              /root/Chaos/Binaries/DebugGDB/Modules/Static/ata.a(interface.o) (ata_manager_class_register)
/root/Chaos/Binaries/DebugGDB/Modules/Static/ata.a(block_interface.o)
                              /root/Chaos/Binaries/DebugGDB/Modules/Static/ata.a(interface.o) (block_interface_register)
/root/Chaos/Binaries/DebugGDB/Modules/Static/ata.a(ata-internal.o)
                              /root/Chaos/Binaries/DebugGDB/Modules/Static/ata.a(ata.o) (ata_internal_probe)
/root/Chaos/Binaries/DebugGDB/Modules/Static/partition.a(interface.o)
                              Kernel/Interfaces/init_init.o (partition_main)
/root/Chaos/Binaries/DebugGDB/Modules/Static/partition.a(partition.o)
                              /root/Chaos/Binaries/DebugGDB/Modules/Static/partition.a(interface.o) (scan_for_partitions)
/root/Chaos/Binaries/DebugGDB/Modules/Static/partition.a(partition_class.o)
                              /root/Chaos/Binaries/DebugGDB/Modules/Static/partition.a(interface.o) (partition_class_register)
/root/Chaos/Binaries/DebugGDB/Modules/Static/partition.a(partition_manager_class.o)
                              /root/Chaos/Binaries/DebugGDB/Modules/Static/partition.a(interface.o) (partition_manager_class_register)
/root/Chaos/Binaries/DebugGDB/Modules/Static/vfat.a(interface.o)
                              Kernel/Interfaces/init_init.o (vfat_main)
/root/Chaos/Binaries/DebugGDB/Modules/Static/vfat.a(volume.o)
                              /root/Chaos/Binaries/DebugGDB/Modules/Static/vfat.a(interface.o) (vfat_has_file_system)
/root/Chaos/Binaries/DebugGDB/Modules/Static/vfat.a(directory_read_write.o)
                              /root/Chaos/Binaries/DebugGDB/Modules/Static/vfat.a(interface.o) (vfat_entry_add)
/root/Chaos/Binaries/DebugGDB/Modules/Static/vfat.a(common.o)
                              /root/Chaos/Binaries/DebugGDB/Modules/Static/vfat.a(directory_read_write.o) (vfat_8_dot_3_to_wstring)
/root/Chaos/Binaries/DebugGDB/Modules/Static/vfat.a(directory_entry.o)
                              /root/Chaos/Binaries/DebugGDB/Modules/Static/vfat.a(directory_read_write.o) (vfat_directory_entry_get_first_cluster)
/root/Chaos/Binaries/DebugGDB/Modules/Static/vfat.a(file.o)
                              /root/Chaos/Binaries/DebugGDB/Modules/Static/vfat.a(directory_entry.o) (vfat_file_read_region)
/root/Chaos/Binaries/DebugGDB/Modules/Static/vfat.a(low_fat.o)
                              /root/Chaos/Binaries/DebugGDB/Modules/Static/vfat.a(file.o) (vfat_raw_read_cluster)
/root/Chaos/Binaries/DebugGDB/Modules/Static/vfat.a(low_fat12.o)
                              /root/Chaos/Binaries/DebugGDB/Modules/Static/vfat.a(volume.o) (fat12_get_next_cluster)
/root/Chaos/Binaries/DebugGDB/Modules/Static/vfat.a(low_fat16.o)
                              /root/Chaos/Binaries/DebugGDB/Modules/Static/vfat.a(volume.o) (fat16_get_next_cluster)
/root/Chaos/Binaries/DebugGDB/Modules/Static/vfat.a(low_fat32.o)
                              /root/Chaos/Binaries/DebugGDB/Modules/Static/vfat.a(volume.o) (fat32_get_next_cluster)
/root/Chaos/Binaries/DebugGDB/Modules/Static/vfat.a(read_write.o)
                              /root/Chaos/Binaries/DebugGDB/Modules/Static/vfat.a(file.o) (next_cluster)
/root/Chaos/Binaries/Libraries/list.a(list.o)
                              Repository/Computer/system.o (list_create)
/root/Chaos/Binaries/Libraries/pool_of_integers.a(pool_of_integers.o)
                              Hardware/PhysicalMemory/internal.o (pool_of_integers_init)
/root/Chaos/Binaries/Libraries/pool_of_ranges.a(id_pool.o)
                              Hardware/PhysicalMemory/allocate.o (pool_allocate)
/root/Chaos/Binaries/Libraries/avl_tree.a(avl.o)
                              /root/Chaos/Binaries/Libraries/pool_of_ranges.a(id_pool.o) (avl_tree_delete_node)
/root/Chaos/Binaries/Libraries/avl_tree.a(avl_util.o)
                              /root/Chaos/Binaries/Libraries/avl_tree.a(avl.o) (exchange)
/root/Chaos/Binaries/Libraries/string.a(character.o)
                              /root/Chaos/Binaries/DebugGDB/Modules/Static/vfat.a(directory_read_write.o) (char_to_upper_case)
/root/Chaos/Binaries/Libraries/string.a(format.o)
                              Hardware/SystemDebug/debug.o (string_print)
/root/Chaos/Binaries/Libraries/string.a(general-inlines.o)
[...]
Memory Configuration

Name             Origin             Length             Attributes
*default*        0x00000000         0xffffffff

Linker script and memory map

LOAD ./init.o
LOAD Hardware/Boot/init.o
LOAD Hardware/Boot/multiboot.o
LOAD Hardware/Boot/parse.o
LOAD Hardware/SystemDebug/debug.o
LOAD Hardware/SystemDebug/gdb.o
LOAD Hardware/Cpu/bugs.o
LOAD Hardware/Cpu/halt.o
LOAD Hardware/Cpu/identification.o
LOAD Hardware/Cpu/init.o
LOAD Hardware/Cpu/lock.o
LOAD Hardware/Cpu/speed.o
LOAD Hardware/Irq/irq.o
LOAD Hardware/Irq/pic.o
LOAD Hardware/Exception/handlers.o
LOAD Hardware/Exception/init.o
LOAD Hardware/Clock/time.o
LOAD Hardware/Dma/controller.o
LOAD Hardware/Dma/dma.o
LOAD Hardware/Timer/pit.o
LOAD Hardware/Timer/timer.o
LOAD Hardware/PhysicalMemory/allocate.o
LOAD Hardware/PhysicalMemory/check.o
LOAD Hardware/PhysicalMemory/deallocate.o
LOAD Hardware/PhysicalMemory/init.o
LOAD Hardware/PhysicalMemory/internal.o
LOAD Hardware/PhysicalMemory/reallocate.o
LOAD Hardware/PhysicalMemory/reserve.o
LOAD Hardware/VirtualMemory/allocate.o
LOAD Hardware/VirtualMemory/create.o
LOAD Hardware/VirtualMemory/deallocate.o
LOAD Hardware/VirtualMemory/destroy.o
LOAD Hardware/VirtualMemory/init.o
LOAD Hardware/VirtualMemory/internal.o
LOAD Hardware/VirtualMemory/page.o
LOAD Hardware/VirtualMemory/reserve.o
LOAD Hardware/TaskState/task_state.o
LOAD Hardware/TaskState/tss.o
LOAD Hardware/IoPort/port.o
LOAD Hardware/Elf/elf.o
LOAD Hardware/SystemCall/system_call.o
LOAD Repository/./repository.o
LOAD Repository/Reference/system.o
LOAD Repository/Descriptions/Method/system.o
LOAD Repository/Descriptions/Interface/system.o
LOAD Repository/Descriptions/Class/system.o
LOAD Repository/Descriptions/Event/system.o
LOAD Repository/Method/init.o
LOAD Repository/Method/internal.o
LOAD Repository/Method/parameters_check.o
LOAD Repository/Method/security_check.o
LOAD Repository/Method/static.o
LOAD Repository/Method/system.o
LOAD Repository/Method/transaction.o
LOAD Repository/Interface/init.o
LOAD Repository/Interface/internal.o
LOAD Repository/Interface/parameters_check.o
LOAD Repository/Interface/security_check.o
LOAD Repository/Interface/static.o
LOAD Repository/Interface/system.o
LOAD Repository/Interface/transaction.o
LOAD Repository/EventSupplierInterface/init.o
LOAD Repository/EventSupplierInterface/internal.o
LOAD Repository/EventSupplierInterface/parameters_check.o
LOAD Repository/EventSupplierInterface/security_check.o
LOAD Repository/EventSupplierInterface/static.o
LOAD Repository/EventSupplierInterface/system.o
LOAD Repository/EventSupplierInterface/transaction.o
LOAD Repository/EventSupplier/system.o
LOAD Repository/EventConsumerInterface/init.o
LOAD Repository/EventConsumerInterface/internal.o
LOAD Repository/EventConsumerInterface/parameters_check.o
LOAD Repository/EventConsumerInterface/security_check.o
LOAD Repository/EventConsumerInterface/static.o
LOAD Repository/EventConsumerInterface/system.o
LOAD Repository/EventConsumerInterface/transaction.o
LOAD Repository/Class/init.o
LOAD Repository/Class/internal.o
LOAD Repository/Class/parameters_check.o
LOAD Repository/Class/security_check.o
LOAD Repository/Class/static.o
LOAD Repository/Class/system.o
LOAD Repository/Class/transaction.o
LOAD Repository/Security/internal.o
LOAD Repository/Security/parameters_check.o
LOAD Repository/Security/security_check.o
LOAD Repository/Security/static.o
LOAD Repository/Security/system.o
LOAD Repository/Cpu/init.o
LOAD Repository/Cpu/internal.o
LOAD Repository/Cpu/system.o
LOAD Repository/Memory/memory.o
LOAD Repository/Memory/slab.o
LOAD Repository/Memory/system.o
LOAD Repository/Computer/internal.o
LOAD Repository/Computer/scheduler.o
LOAD Repository/Computer/system.o
LOAD Repository/Object/init.o
LOAD Repository/Object/internal.o
LOAD Repository/Object/parameters_check.o
LOAD Repository/Object/security_check.o
LOAD Repository/Object/static.o
LOAD Repository/Object/system.o
LOAD Repository/Object/transaction.o
LOAD Repository/Handle/init.o
LOAD Repository/Handle/internal.o
LOAD Repository/Handle/parameters_check.o
LOAD Repository/Handle/security_check.o
LOAD Repository/Handle/static.o
LOAD Repository/Handle/system.o
LOAD Repository/EventQueue/system.o
LOAD Repository/Quality/system.o
LOAD Kernel/./init.o
LOAD Kernel/Interfaces/flat_namespace_object_factory.o
LOAD Kernel/Interfaces/flat_namespace_object_factory_interface.o
LOAD Kernel/Interfaces/init_init.o
LOAD Kernel/Interfaces/init_interface.o
LOAD Kernel/Interfaces/irq_supplier_factory_init.o
LOAD Kernel/Interfaces/irq_supplier_factory_interface.o
LOAD Kernel/Interfaces/namespace_init.o
LOAD Kernel/Interfaces/namespace_interface.o
LOAD Kernel/Interfaces/storm_module_factory.o
LOAD Kernel/Interfaces/storm_module_factory_interface.o
LOAD Kernel/Interfaces/storm_program_factory.o
LOAD Kernel/Interfaces/storm_program_factory_interface.o
LOAD Kernel/Interfaces/timer_interface.o
LOAD Kernel/Interfaces/timer_interface_init.o
LOAD Kernel/Events/debug_consumer_init.o
LOAD Kernel/Events/debug_event_class.o
LOAD Kernel/Events/debug_supplier_init.o
LOAD Kernel/Events/irq_event_class.o
LOAD Kernel/Events/irq_supplier_init.o
LOAD Kernel/Classes/flat_namespace_init.o
LOAD Kernel/Classes/flat_namespace_interface.o
LOAD Kernel/Classes/flat_namespace_object.o
LOAD Kernel/Classes/storm_module.o
LOAD Kernel/Classes/storm_module_control_init.o
LOAD Kernel/Classes/storm_module_control_interface.o
LOAD Kernel/Classes/storm_program.o
LOAD Kernel/Classes/storm_program_control_init.o
LOAD Kernel/Classes/storm_program_control_interface.o
LOAD Hardware/Irq/handlers_lowlevel.o
LOAD Hardware/Exception/handlers_lowlevel.o
LOAD Hardware/TaskState/task_state_lowlevel.o
LOAD Hardware/SystemCall/handlers_lowlevel.o
LOAD Repository/Computer/jump_lowlevel.o
LOAD /root/Chaos/Binaries/DebugGDB/Modules/Static/ata.a
LOAD /root/Chaos/Binaries/DebugGDB/Modules/Static/partition.a
LOAD /root/Chaos/Binaries/DebugGDB/Modules/Static/vfat.a
LOAD /root/Chaos/Binaries/Libraries/list.a
LOAD /root/Chaos/Binaries/Libraries/pool_of_integers.a
LOAD /root/Chaos/Binaries/Libraries/pool_of_ranges.a
LOAD /root/Chaos/Binaries/Libraries/avl_tree.a
LOAD /root/Chaos/Binaries/Libraries/string.a
LOAD /root/Chaos/Binaries/Libraries/hash_table.a
                0x00100074                . = (0x100000 + SIZEOF_HEADERS)

.interp
 *(.interp)

.hash
 *(.hash)

.dynsym
 *(.dynsym)

.dynstr
 *(.dynstr)

.gnu.version
 *(.gnu.version)

.gnu.version_d
 *(.gnu.version_d)

.gnu.version_r
 *(.gnu.version_r)

.rel.init
 *(.rel.init)

.rela.init
 *(.rela.init)

.rel.text
 *(.rel.text)
 *(.rel.text.*)
 *(.rel.gnu.linkonce.t.*)

.rela.text
 *(.rela.text)
 *(.rela.text.*)
 *(.rela.gnu.linkonce.t.*)

.rel.fini
 *(.rel.fini)

.rela.fini
 *(.rela.fini)

.rel.rodata
 *(.rel.rodata)
 *(.rel.rodata.*)
 *(.rel.gnu.linkonce.r.*)

.rela.rodata
 *(.rela.rodata)
 *(.rela.rodata.*)
 *(.rela.gnu.linkonce.r.*)

.rel.data
 *(.rel.data)
 *(.rel.data.*)
 *(.rel.gnu.linkonce.d.*)

.rela.data
 *(.rela.data)
 *(.rela.data.*)
 *(.rela.gnu.linkonce.d.*)

.rel.ctors
 *(.rel.ctors)

.rela.ctors
 *(.rela.ctors)

.rel.dtors
 *(.rel.dtors)

.rela.dtors
 *(.rela.dtors)

.rel.got
 *(.rel.got)

.rela.got
 *(.rela.got)

.rel.sdata
 *(.rel.sdata)
 *(.rel.sdata.*)
 *(.rel.gnu.linkonce.s.*)

.rela.sdata
 *(.rela.sdata)
 *(.rela.sdata.*)
 *(.rela.gnu.linkonce.s.*)

.rel.sbss
 *(.rel.sbss)
 *(.rel.sbss.*)
 *(.rel.gnu.linkonce.sb.*)

.rela.sbss
 *(.rela.sbss)
 *(.rela.sbss.*)
 *(.rel.gnu.linkonce.sb.*)

.rel.sdata2
 *(.rel.sdata2)
 *(.rel.sdata2.*)
 *(.rel.gnu.linkonce.s2.*)

.rela.sdata2
 *(.rela.sdata2)
 *(.rela.sdata2.*)
 *(.rela.gnu.linkonce.s2.*)

.rel.sbss2
 *(.rel.sbss2)
 *(.rel.sbss2.*)
 *(.rel.gnu.linkonce.sb2.*)

.rela.sbss2
 *(.rela.sbss2)
 *(.rela.sbss2.*)
 *(.rela.gnu.linkonce.sb2.*)

.rel.bss
 *(.rel.bss)
 *(.rel.bss.*)
 *(.rel.gnu.linkonce.b.*)

.rela.bss
 *(.rela.bss)
 *(.rela.bss.*)
 *(.rela.gnu.linkonce.b.*)

.rel.plt
 *(.rel.plt)

.rela.plt
 *(.rela.plt)

.init.pre       0x00100074        0xc
 *(.init.pre)
 .init.pre      0x00100074        0xc Hardware/Boot/multiboot.o
                0x00100074                multiboot_header

.init
 *(.text.init)
 *(.data.init)
                0x00101000                . = ALIGN (0x1000)

.special        0x00101000     0x1000
 *(.gdt)
 .gdt           0x00101000      0x800 Hardware/Boot/init.o
                0x00101000                gdt
 *(.idt)
 .idt           0x00101800      0x800 Hardware/Boot/init.o
                0x00101800                idt
                0x00102000                . = ALIGN (0x1000)
                0x00102000                _init_end = .

.text           0x00102000    0x2378e
 *(.text)
 .text          0x00102000      0x6de ./init.o
                0x001022e0                main_bootup
 *fill*         0x001026de        0x2 9090
 .text          0x001026e0       0xcf Hardware/Boot/init.o
                0x00102730                _start
 *fill*         0x001027af        0x1 9090
 .text          0x001027b0      0x24f Hardware/Boot/multiboot.o
                0x001027b0                multiboot_init
 *fill*         0x001029ff        0x1 9090
 .text          0x00102a00      0x10f Hardware/Boot/parse.o
                0x00102a00                arguments_parse
 *fill*         0x00102b0f        0x1 9090
 .text          0x00102b10      0x4f1 Hardware/SystemDebug/debug.o
                0x00102d90                system_debug_printw
                0x00102c30                system_debug_print
                0x00102b10                system_debug_init
 *fill*         0x00103001        0xf 9090
 .text          0x00103010     0x18f2 Hardware/SystemDebug/gdb.o
                0x00103968                catchException16
                0x00103539                catchException5
                0x001039fe                catchException13
                0x0010325e                return_to_prog
                0x00103b52                catchException14
                0x00103aa8                catchException11
                0x001034a3                catchException4
                0x001032e1                catchException3
                0x00103eb0                get_char
                0x001036fb                catchException8
                0x001046b0                gdb_set_debug_traps
                0x0010340d                catchException0
                0x001038cb                catchException12
                0x001032c0                gdb_i386vector
                0x0010382e                catchException10
                0x00103377                catchException1
                0x00103665                catchException7
                0x001041f0                handle_exception
                0x00103ec0                set_char
                0x00103798                catchException9
                0x001035cf                catchException6
                0x00103010                gdb_serial_init
 *fill*         0x00104902        0xe 9090
 .text          0x00104910       0x8b Hardware/Cpu/bugs.o
                0x00104910                cpu_bugs_search
 *fill*         0x0010499b        0x5 9090
 .text          0x001049a0       0x66 Hardware/Cpu/halt.o
                0x001049a0                cpu_halt
 *fill*         0x00104a06        0xa 9090
 .text          0x00104a10      0xc2f Hardware/Cpu/identification.o
                0x001053c0                cpu_id_detect
 *fill*         0x0010563f        0x1 9090
 .text          0x00105640      0x135 Hardware/Cpu/init.o
                0x00105670                cpu_init
                0x00105640                cpu_get_info
 *fill*         0x00105775        0xb 9090
 .text          0x00105780       0x56 Hardware/Cpu/lock.o
                0x00105780                cpu_lock
                0x001057a0                cpu_unlock
 *fill*         0x001057d6        0xa 9090
 .text          0x001057e0      0x1f8 Hardware/Cpu/speed.o
                0x00105960                cpu_speed_get
 *fill*         0x001059d8        0x8 9090
 .text          0x001059e0      0x2d3 Hardware/Irq/irq.o
                0x00105b40                irq_register
                0x00105ba0                irq_unregister
                0x001059e0                irq_init
                0x00105bd0                irq_set_post_handler
 *fill*         0x00105cb3        0xd 9090
 .text          0x00105cc0      0x304 Hardware/Irq/pic.o
                0x00105ec0                pic_enable_all_irq
                0x00105d60                pic_enable_irq
                0x00105f40                pic_acknowledge
                0x00105cc0                pic_remap_irq
                0x00105f30                pic_init
                0x00105e10                pic_disable_irq
                0x00105ef0                pic_disable_all_irq
 *fill*         0x00105fc4        0xc 9090
 .text          0x00105fd0      0xba4 Hardware/Exception/init.o
                0x00106940                exception_register
                0x00106a50                exception_unregister
                0x001066f0                exception_print_screen
                0x00106ae0                exception_init
 *fill*         0x00106b74        0xc 9090
 .text          0x00106b80      0x3c8 Hardware/Clock/time.o
                0x00106e10                clock_init
 *fill*         0x00106f48        0x8 9090
 .text          0x00106f50      0x490 Hardware/Dma/controller.o
                0x00107060                dma_contoller_disable_channel
                0x00107020                dma_contoller_enable_channel
                0x00107380                dma_controller_transfer_cancel
                0x00106f50                dma_controller_init
                0x001070b0                dma_controller_transfer_start
 .text          0x001073e0      0x1d8 Hardware/Dma/dma.o
                0x001074d0                dma_unregister
                0x00107500                dma_transfer
                0x00107480                dma_register
                0x001073e0                dma_init
 *fill*         0x001075b8        0x8 9090
 .text          0x001075c0      0x158 Hardware/Timer/pit.o
                0x001075c0                pit_init
                0x00107600                pit_frequency_set
                0x00107680                pit_counter_read
                0x001075d0                pit_mode_set
 *fill*         0x00107718        0x8 9090
 .text          0x00107720      0x308 Hardware/Timer/timer.o
                0x00107940                timer_write
                0x001079c0                timer_unregister_handler
                0x00107880                timer_set_period
                0x00107a00                timer_init
                0x00107970                timer_register_handler
                0x001077b0                timer_start
                0x00107910                timer_read
                0x00107830                timer_stop
                0x001078d0                timer_set_mode
 *fill*         0x00107a28        0x8 9090
 .text          0x00107a30       0xa9 Hardware/PhysicalMemory/allocate.o
                0x00107a30                physical_memory_allocate
 *fill*         0x00107ad9        0x7 9090
 .text          0x00107ae0        0xa Hardware/PhysicalMemory/check.o
                0x00107ae0                physical_memory_check
 *fill*         0x00107aea        0x6 9090
 .text          0x00107af0       0x41 Hardware/PhysicalMemory/deallocate.o
                0x00107af0                physical_memory_deallocate
 *fill*         0x00107b31        0xf 9090
 .text          0x00107b40      0x411 Hardware/PhysicalMemory/init.o
                0x00107d20                physical_memory_init
                0x00107d10                physical_memory_get_free_pages
                0x00107d00                physical_memory_get_total_pages
 *fill*         0x00107f51        0xf 9090
 .text          0x00107f60       0xc3 Hardware/PhysicalMemory/internal.o
                0x00107fe0                internal_memory_deallocate
                0x00107f60                internal_memory_init
                0x00107f80                internal_memory_deinit
                0x00107f90                internal_memory_allocate
 *fill*         0x00108023        0xd 9090
 .text          0x00108030        0xa Hardware/PhysicalMemory/reallocate.o
                0x00108030                physical_memory_reallocate
 *fill*         0x0010803a        0x6 9090
 .text          0x00108040       0x41 Hardware/PhysicalMemory/reserve.o
                0x00108040                physical_memory_reserve
 *fill*         0x00108081        0xf 9090
 .text          0x00108090      0x329 Hardware/VirtualMemory/allocate.o
                0x00108090                virtual_memory_allocate
 *fill*         0x001083b9        0x7 9090
 .text          0x001083c0      0x293 Hardware/VirtualMemory/create.o
                0x001083c0                virtual_memory_create
 *fill*         0x00108653        0xd 9090
 .text          0x00108660       0x36 Hardware/VirtualMemory/deallocate.o
                0x00108660                virtual_memory_deallocate
 *fill*         0x00108696        0xa 9090
 .text          0x001086a0       0x33 Hardware/VirtualMemory/destroy.o
                0x001086a0                virtual_memory_destroy
 *fill*         0x001086d3        0xd 9090
 .text          0x001086e0      0x114 Hardware/VirtualMemory/init.o
                0x001086e0                virtual_memory_map
                0x00108760                virtual_memory_lookup
                0x001087e0                virtual_memory_init
 *fill*         0x001087f4        0xc 9090
 .text          0x00108800       0xd3 Hardware/VirtualMemory/internal.o
                0x00108890                internal_memory_deallocate2
                0x00108800                internal_memory_init2
                0x00108830                internal_memory_deinit2
                0x00108840                internal_memory_allocate2
 *fill*         0x001088d3        0xd 9090
 .text          0x001088e0      0x653 Hardware/VirtualMemory/page.o
                0x001088e0                page_lookup
                0x00108ac0                page_map
                0x00108c90                page_map_4mb
                0x00108d50                page_init
 *fill*         0x00108f33        0xd 9090
 .text          0x00108f40      0x2ab Hardware/VirtualMemory/reserve.o
                0x00108f40                virtual_memory_reserve
 *fill*         0x001091eb        0x5 9090
 .text          0x001091f0      0x187 Hardware/TaskState/task_state.o
                0x00109290                task_state_init
                0x00109280                task_state_switch_finish_internal
                0x00109260                task_state_switch_prepare
                0x00109250                task_state_destroy
                0x001091f0                task_state_create
 *fill*         0x00109377        0x9 9090
 .text          0x00109380      0x217 Hardware/TaskState/tss.o
                0x00109380                tss_create
                0x00109460                tss_switch_prepare
 *fill*         0x00109597        0x9 9090
 .text          0x001095a0       0x2a Hardware/IoPort/port.o
                0x001095b0                io_port_register
                0x001095a0                io_port_init
                0x001095c0                io_port_unregister
 *fill*         0x001095ca        0x6 9090
 .text          0x001095d0      0xd74 Hardware/Elf/elf.o
                0x00109fc0                elf_load_program
                0x00109d50                elf_symbol_find_by_name
                0x0010a2b0                elf_get_entry_point
                0x00109830                elf_resolve
                0x001095d0                elf_identify
                0x00109f80                elf_parse_program
                0x00109cf0                elf_symbol_find_by_index
                0x001099e0                elf_relocate
                0x001096e0                elf_parse
                0x00109e00                elf_load_module
 *fill*         0x0010a344        0xc 9090
 .text          0x0010a350      0x273 Hardware/SystemCall/system_call.o
                0x0010a350                system_call_init
                0x0010a3c0                system_call
 *fill*         0x0010a5c3        0xd 9090
 .text          0x0010a5d0       0x4e Repository/./repository.o
                0x0010a5d0                repository_init
 *fill*         0x0010a61e        0x2 9090
 .text          0x0010a620      0x23a Repository/Reference/system.o
                0x0010a6a0                reference_get_number_of_references
                0x0010a700                reference_equals
                0x0010a680                reference_get_owner
                0x0010a620                reference_acquire
                0x0010a6e0                reference_is_exists
                0x0010a6c0                reference_is_nill
                0x0010a640                reference_release
                0x0010a660                reference_get_type
 *fill*         0x0010a85a        0x6 9090
 .text          0x0010a860       0x75 Repository/Descriptions/Method/system.o
                0x0010a8d0                method_description_unregister
                0x0010a860                method_description_register
 *fill*         0x0010a8d5        0xb 9090
 .text          0x0010a8e0       0x65 Repository/Descriptions/Interface/system.o
                0x0010a940                interface_description_unregister
                0x0010a8e0                interface_description_register
 *fill*         0x0010a945        0xb 9090
 .text          0x0010a950       0x75 Repository/Descriptions/Class/system.o
                0x0010a950                class_description_register
                0x0010a9c0                class_description_unregister
 *fill*         0x0010a9c5        0xb 9090
 .text          0x0010a9d0       0x55 Repository/Descriptions/Event/system.o
                0x0010a9d0                event_description_register
                0x0010aa20                event_description_unregister
 *fill*         0x0010aa25        0xb 9090
 .text          0x0010aa30        0xd Repository/Method/init.o
                0x0010aa30                repository_method_init
 *fill*         0x0010aa3d        0x3 9090
 .text          0x0010aa40      0x259 Repository/Method/static.o
                0x0010aa40                method_create_static
                0x0010aa70                method_destroy_static
 *fill*         0x0010ac99        0x7 9090
 .text          0x0010aca0      0x449 Repository/Method/system.o
                0x0010ad20                method_invoke
                0x0010aca0                method_create
                0x0010acf0                method_destroy
 *fill*         0x0010b0e9        0x3 9090
 *fill*         0x0010b0ec        0x4 9090
 .text          0x0010b0f0        0xd Repository/Interface/init.o
                0x0010b0f0                repository_interface_init
 *fill*         0x0010b0fd        0x3 9090
 .text          0x0010b100      0x3b9 Repository/Interface/static.o
                0x0010b130                interface_destroy_static
                0x0010b100                interface_create_static
 *fill*         0x0010b4b9        0x7 9090
 .text          0x0010b4c0      0x519 Repository/Interface/system.o
                0x0010b4c0                interface_create
                0x0010b510                interface_destroy
 *fill*         0x0010b9d9        0x3 9090
 *fill*         0x0010b9dc        0x4 9090
 .text          0x0010b9e0        0xd Repository/EventSupplierInterface/init.o
                0x0010b9e0                repository_event_supplier_interface_init
 *fill*         0x0010b9ed        0x3 9090
 .text          0x0010b9f0      0x2e9 Repository/EventSupplierInterface/static.o
                0x0010b9f0                event_supplier_interface_create_static
                0x0010ba20                event_supplier_interface_destroy_static
 *fill*         0x0010bcd9        0x7 9090
 .text          0x0010bce0      0x379 Repository/EventSupplierInterface/system.o
                0x0010bd20                event_supplier_interface_destroy
                0x0010bd40                event_supplier_interface_set_factory
                0x0010bce0                event_supplier_interface_create
 *fill*         0x0010c059        0x3 9090
 *fill*         0x0010c05c        0x4 9090
 .text          0x0010c060      0xd7b Repository/EventSupplier/system.o
                0x0010c250                event_consumer_destroy
                0x0010c1a0                event_supplier_set_queue
                0x0010c110                event_supplier_fire_event
                0x0010c2c0                event_consumer_set_queue
                0x0010c1d0                event_consumer_create
                0x0010c300                repository_event_consumer_init
                0x0010c150                event_supplier_set_data
                0x0010c2f0                repository_event_supplier_init
                0x0010c180                event_supplier_get_data
                0x0010c280                event_consumer_wait_event
                0x0010c060                event_supplier_create
                0x0010c0e0                event_supplier_destroy
 *fill*         0x0010cddb        0x5 9090
 .text          0x0010cde0        0xd Repository/EventConsumerInterface/init.o
                0x0010cde0                repository_event_consumer_interface_init
 *fill*         0x0010cded        0x3 9090
 .text          0x0010cdf0      0x2e9 Repository/EventConsumerInterface/static.o
                0x0010ce20                event_consumer_interface_destroy_static
                0x0010cdf0                event_consumer_interface_create_static
 *fill*         0x0010d0d9        0x7 9090
 .text          0x0010d0e0      0x379 Repository/EventConsumerInterface/system.o
                0x0010d0e0                event_consumer_interface_create
                0x0010d120                event_consumer_interface_destroy
                0x0010d140                event_consumer_interface_set_factory
 *fill*         0x0010d459        0x3 9090
 *fill*         0x0010d45c        0x4 9090
 .text          0x0010d460        0xd Repository/Class/init.o
                0x0010d460                repository_class_init
 *fill*         0x0010d46d        0x3 9090
 .text          0x0010d470      0x569 Repository/Class/static.o
                0x0010d4a0                class_destroy_static
                0x0010d470                class_create_static
 *fill*         0x0010d9d9        0x7 9090
 .text          0x0010d9e0      0x8f9 Repository/Class/system.o
                0x0010dac0                class_get_interface_by_id
                0x0010da50                class_destroy
                0x0010d9e0                class_create
                0x0010da80                class_set_interfaces
 *fill*         0x0010e2d9        0x3 9090
 *fill*         0x0010e2dc        0x4 9090
 .text          0x0010e2e0      0x289 Repository/Security/internal.o
                0x0010e320                security_create_internal
                0x0010e380                security_destroy_internal
                0x0010e300                security_destroy_static_internal
                0x0010e2e0                security_create_static_internal
 *fill*         0x0010e569        0x3 9090
 *fill*         0x0010e56c        0x4 9090
 .text          0x0010e570       0x4e Repository/Security/static.o
                0x0010e5a0                security_destroy_static
                0x0010e570                security_create_static
 *fill*         0x0010e5be        0x2 9090
 .text          0x0010e5c0       0xa7 Repository/Security/system.o
                0x0010e620                security_get_current
                0x0010e5f0                security_destroy
                0x0010e5c0                security_create
 *fill*         0x0010e667        0x9 9090
 .text          0x0010e670        0x5 Repository/Cpu/init.o
                0x0010e670                repository_cpu_init
 *fill*         0x0010e675        0xb 9090
 .text          0x0010e680      0x100 Repository/Cpu/internal.o
                0x0010e680                cpu_create_internal
                0x0010e6f0                cpu_get_current
                0x0010e700                cpu_sleep_milli
                0x0010e6d0                cpu_destroy_internal
 .text          0x0010e780       0x18 Repository/Cpu/system.o
                0x0010e780                cpu_create
 *fill*         0x0010e798        0x8 9090
 .text          0x0010e7a0       0x5a Repository/Memory/memory.o
                0x0010e7f0                memory_deallocate
                0x0010e7a0                memory_allocate
 *fill*         0x0010e7fa        0x6 9090
 .text          0x0010e800      0x23c Repository/Memory/slab.o
                0x0010e890                slab_superblock_init
                0x0010e800                slab_heap_index
                0x0010e840                slab_heap_init
 *fill*         0x0010ea3c        0x4 9090
 .text          0x0010ea40      0x12b Repository/Memory/system.o
                0x0010ea40                memory_create
                0x0010ea90                repository_memory_init
 *fill*         0x0010eb6b        0x5 9090
 .text          0x0010eb70     0x123e Repository/Computer/internal.o
                0x0010fa90                computer_call_function
                0x0010ec20                computer_stop
                0x0010eca0                computer_schedule_prepare
                0x0010ed50                computer_invoke_internal
                0x0010f460                computer_begin
                0x0010f120                computer_invoke_async_internal
                0x0010f8a0                computer_return
                0x0010eb70                computer_start
 *fill*         0x0010fdae        0x2 9090
 .text          0x0010fdb0       0xa3 Repository/Computer/scheduler.o
                0x0010fdb0                scheduler_get_next_computer
                0x0010fe00                scheduler_add_computer
                0x0010fe30                scheduler_remove_computer
 *fill*         0x0010fe53        0xd 9090
 .text          0x0010fe60      0x543 Repository/Computer/system.o
                0x0010fe60                computer_create
                0x0010ffc0                computer_reset
                0x0010ffa0                computer_destroy
                0x001100a0                computer_remove_exception_context
                0x00110320                repository_computer_init
                0x00110020                computer_get_current
                0x00110030                computer_add_exception_context
                0x001100e0                computer_fire_exception
 *fill*         0x001103a3        0xd 9090
 .text          0x001103b0        0xd Repository/Object/init.o
                0x001103b0                repository_object_init
 *fill*         0x001103bd        0x3 9090
 .text          0x001103c0      0x76b Repository/Object/static.o
                0x001103c0                object_create_static
                0x00110400                object_destroy_static
 *fill*         0x00110b2b        0x5 9090
 .text          0x00110b30      0xaeb Repository/Object/system.o
                0x00110c40                object_set_data
                0x00110c10                object_get_data
                0x00110bd0                object_get_current
                0x00110ba0                object_destroy
                0x00110cb0                object_get_interface_by_id
                0x00110c80                object_get_class
                0x00110c00                object_get_kernel
                0x00110d10                object_set_security
                0x00110b30                object_create
                0x00110ce0                object_get_security
 *fill*         0x0011161b        0x1 9090
 *fill*         0x0011161c        0x4 9090
 .text          0x00111620        0xd Repository/Handle/init.o
                0x00111620                repository_handle_init
 *fill*         0x0011162d        0x3 9090
 .text          0x00111630      0x399 Repository/Handle/static.o
                0x00111630                handle_create_static
                0x00111670                handle_destroy_static
                0x00111690                handle_clone_static
 *fill*         0x001119c9        0x7 9090
 .text          0x001119d0      0x80e Repository/Handle/system.o
                0x00111a30                handle_destroy
                0x00111a60                handle_clone
                0x001119d0                handle_create
                0x00111aa0                handle_invoke_method
 *fill*         0x001121de        0x2 9090
 .text          0x001121e0      0x1a9 Repository/EventQueue/system.o
                0x00112230                event_queue_destroy
                0x001121e0                event_queue_create
 *fill*         0x00112389        0x7 9090
 .text          0x00112390       0x15 Repository/Quality/system.o
                0x001123a0                quality_reset
                0x00112390                quality_set
 *fill*         0x001123a5        0xb 9090
 .text          0x001123b0      0x23b Kernel/./init.o
                0x001123b0                kernel_init
 *fill*         0x001125eb        0x5 9090
 .text          0x001125f0      0x1b2 Kernel/Interfaces/flat_namespace_object_factory.o
                0x00112750                flat_namespace_object_factory_init
 *fill*         0x001127a2        0xe 9090
 .text          0x001127b0      0x22a Kernel/Interfaces/flat_namespace_object_factory_interface.o
                0x00112860                flat_namespace_object_factory_interface_register
 *fill*         0x001129da        0x6 9090
 .text          0x001129e0      0xa75 Kernel/Interfaces/init_init.o
                0x00113100                kernel_control_init
 *fill*         0x00113455        0xb 9090
 .text          0x00113460      0x2ba Kernel/Interfaces/init_interface.o
                0x00113580                kernel_control_interface_register
 *fill*         0x0011371a        0x6 9090
 .text          0x00113720       0xdb Kernel/Interfaces/irq_supplier_factory_init.o
                0x001137b0                irq_supplier_factory_init
 *fill*         0x001137fb        0x5 9090
 .text          0x00113800      0x1fa Kernel/Interfaces/irq_supplier_factory_interface.o
                0x00113890                irq_supplier_factory_interface_register
 *fill*         0x001139fa        0x6 9090
 .text          0x00113a00      0xcd1 Kernel/Interfaces/namespace_init.o
                0x001143b0                namespace_init
 *fill*         0x001146d1        0xf 9090
 .text          0x001146e0      0x39a Kernel/Interfaces/namespace_interface.o
                0x00114890                namespace_interface_register
 *fill*         0x00114a7a        0x6 9090
 .text          0x00114a80      0x572 Kernel/Interfaces/storm_module_factory.o
                0x00114fa0                storm_module_factory_interface_init
 *fill*         0x00114ff2        0xe 9090
 .text          0x00115000      0x23a Kernel/Interfaces/storm_module_factory_interface.o
                0x001150c0                storm_module_factory_interface_register
 *fill*         0x0011523a        0x6 9090
 .text          0x00115240      0x4aa Kernel/Interfaces/storm_program_factory.o
                0x00115660                storm_program_factory_interface_init
 *fill*         0x001156ea        0x6 9090
 .text          0x001156f0      0x23a Kernel/Interfaces/storm_program_factory_interface.o
                0x001157b0                storm_program_factory_interface_register
 *fill*         0x0011592a        0x6 9090
 .text          0x00115930      0x14a Kernel/Interfaces/timer_interface.o
                0x00115990                timer_interface_register
 *fill*         0x00115a7a        0x6 9090
 .text          0x00115a80       0x6a Kernel/Interfaces/timer_interface_init.o
                0x00115ad0                timer_interface_init
 *fill*         0x00115aea        0x6 9090
 .text          0x00115af0       0x54 Kernel/Events/debug_consumer_init.o
                0x00115b20                debug_consumer_init
 *fill*         0x00115b44        0xc 9090
 .text          0x00115b50      0x33a Kernel/Events/debug_event_class.o
                0x00115c10                debug_supplier_interface_register
                0x00115b50                debug_description_register
                0x00115d60                debug_consumer_interface_register
 *fill*         0x00115e8a        0x6 9090
 .text          0x00115e90       0x2b Kernel/Events/debug_supplier_init.o
                0x00115e90                debug_supplier_init
 *fill*         0x00115ebb        0x5 9090
 .text          0x00115ec0      0x2ba Kernel/Events/irq_event_class.o
                0x00115ec0                irq_description_register
                0x00116050                irq_consumer_interface_register
                0x00115f30                irq_supplier_interface_register
 *fill*         0x0011617a        0x6 9090
 .text          0x00116180       0x35 Kernel/Events/irq_supplier_init.o
                0x00116180                irq_supplier_init
 *fill*         0x001161b5        0xb 9090
 .text          0x001161c0      0x2c2 Kernel/Classes/flat_namespace_init.o
                0x00116430                flat_namespace_init
 *fill*         0x00116482        0xe 9090
 .text          0x00116490      0x3aa Kernel/Classes/flat_namespace_interface.o
                0x00116650                flat_namespace_interface_register
 *fill*         0x0011683a        0x6 9090
 .text          0x00116840       0x8b Kernel/Classes/flat_namespace_object.o
                0x00116840                flat_namespace_class_init
 *fill*         0x001168cb        0x5 9090
 .text          0x001168d0       0x8b Kernel/Classes/storm_module.o
                0x001168d0                storm_module_class_init
 *fill*         0x0011695b        0x5 9090
 .text          0x00116960      0x10a Kernel/Classes/storm_module_control_init.o
                0x00116a50                storm_module_control_init
 *fill*         0x00116a6a        0x6 9090
 .text          0x00116a70      0x22a Kernel/Classes/storm_module_control_interface.o
                0x00116b60                storm_module_control_interface_register
 *fill*         0x00116c9a        0x6 9090
 .text          0x00116ca0       0x8b Kernel/Classes/storm_program.o
                0x00116ca0                storm_program_class_init
 *fill*         0x00116d2b        0x5 9090
 .text          0x00116d30      0x14a Kernel/Classes/storm_program_control_init.o
                0x00116e60                storm_program_control_init
 *fill*         0x00116e7a        0x6 9090
 .text          0x00116e80      0x17a Kernel/Classes/storm_program_control_interface.o
                0x00116f10                storm_program_control_interface_register
 *fill*         0x00116ffa        0x2 9090
 .text          0x00116ffc      0x429 Hardware/Irq/handlers_lowlevel.o
                0x001170d1                irq4_handler
                0x001171a6                irq7_handler
                0x001172c2                irq11_handler
                0x001173de                irq15_handler
                0x00117350                irq13_handler
                0x00117397                irq14_handler
                0x00117309                irq12_handler
                0x0011708a                irq3_handler
                0x00117043                irq1_handler
                0x0011715f                irq6_handler
                0x0011727b                irq10_handler
                0x00116ffc                irq0_handler
                0x00117234                irq9_handler
                0x001171ed                irq8_handler
                0x00117118                irq5_handler
 *fill*         0x00117425        0x3 9090
 .text          0x00117428      0x47c Hardware/Exception/handlers_lowlevel.o
                0x0011769b                EXCEPTION_HANDLER_SEGMENT_NOT_PRESENT_LOWLEVEL
                0x0011757e                EXCEPTION_HANDLER_INVALID_OPCODE_LOWLEVEL
                0x00117832                EXCEPTION_HANDLER_MACHINE_CHECK_LOWLEVEL
                0x001176d4                EXCEPTION_HANDLER_STACK_FAULT_LOWLEVEL
                0x001177c0                EXCEPTION_HANDLER_FLOATING_POINT_ERROR_LOWLEVEL
                0x00117662                EXCEPTION_HANDLER_INVALID_TSS_LOWLEVEL
                0x001175b7                EXCEPTION_HANDLER_DEVICE_NOT_AVAILABLE_LOWLEVEL
                0x00117787                EXCEPTION_HANDLER_DUMMY_LOWLEVEL
                0x0011786b                EXCEPTION_HANDLER_STREAMING_SIMD_EXTENSIONS_LOWLEVEL
                0x00117428                EXCEPTION_HANDLER_DIVIDE_ERROR_LOWLEVEL
                0x00117545                EXCEPTION_HANDLER_BOUND_RANGE_EXCEEDED_LOWLEVEL
                0x00117629                EXCEPTION_HANDLER_COPROCESSOR_SEGMENT_OVERRUN_LOWLEVEL
                0x0011749a                EXCEPTION_HANDLER_NONMASKABLE_INTERRUPT_LOWLEVEL
                0x0011750c                EXCEPTION_HANDLER_OVERFLOW_LOWLEVEL
                0x00117461                EXCEPTION_HANDLER_DEBUG_LOWLEVEL
                0x0011770d                EXCEPTION_HANDLER_GENERAL_PROTECTION_LOWLEVEL
                0x001177f9                EXCEPTION_HANDLER_ALIGNMENT_CHECK_LOWLEVEL
                0x001175f0                EXCEPTION_HANDLER_DOUBLE_FAULT_LOWLEVEL
                0x001174d3                EXCEPTION_HANDLER_BREAKPOINT_LOWLEVEL
                0x00117746                EXCEPTION_HANDLER_PAGE_FAULT_LOWLEVEL
 .text          0x001178a4        0xe Hardware/TaskState/task_state_lowlevel.o
                0x001178aa                task_state_switch_finish2
                0x001178a4                task_state_switch_finish
 *fill*         0x001178b2        0x2 9090
 .text          0x001178b4       0x1e Hardware/SystemCall/handlers_lowlevel.o
                0x001178b4                system_call_lowlevel
 *fill*         0x001178d2        0x2 9090
 .text          0x001178d4       0x54 Repository/Computer/jump_lowlevel.o
                0x00117901                iret_to_func
                0x001178d4                jump_lowlevel
 *fill*         0x00117928        0x8 9090
 .text          0x00117930      0x400 /root/Chaos/Binaries/DebugGDB/Modules/Static/ata.a(interface.o)
                0x00117a70                ata_main
 .text          0x00117d30      0xa56 /root/Chaos/Binaries/DebugGDB/Modules/Static/ata.a(ata.o)
                0x001181b0                ata_command
                0x00117e20                ata_probe
                0x00117d30                ata_select
 *fill*         0x00118786        0xa 9090
 .text          0x00118790       0x72 /root/Chaos/Binaries/DebugGDB/Modules/Static/ata.a(ata_drive_class.o)
                0x00118790                ata_drive_class_register
 *fill*         0x00118802        0xe 9090
 .text          0x00118810       0x96 /root/Chaos/Binaries/DebugGDB/Modules/Static/ata.a(ata_manager_class.o)
                0x00118810                ata_manager_class_register
 *fill*         0x001188a6        0xa 9090
 .text          0x001188b0      0x25a /root/Chaos/Binaries/DebugGDB/Modules/Static/ata.a(block_interface.o)
                0x001189d0                block_interface_register
 *fill*         0x00118b0a        0x6 9090
 .text          0x00118b10      0x57b /root/Chaos/Binaries/DebugGDB/Modules/Static/ata.a(ata-internal.o)
                0x00118b10                ata_internal_probe
                0x00118e90                ata_internal_command
 *fill*         0x0011908b        0x5 9090
 .text          0x00119090      0x536 /root/Chaos/Binaries/DebugGDB/Modules/Static/partition.a(interface.o)
                0x00119350                partition_block_destroy
                0x00119110                partition_main
                0x00119260                partition_block_create
 *fill*         0x001195c6        0xa 9090
 .text          0x001195d0      0x594 /root/Chaos/Binaries/DebugGDB/Modules/Static/partition.a(partition.o)
                0x001198b0                scan_for_partitions
 *fill*         0x00119b64        0xc 9090
 .text          0x00119b70       0x82 /root/Chaos/Binaries/DebugGDB/Modules/Static/partition.a(partition_class.o)
                0x00119b70                partition_class_register
 *fill*         0x00119bf2        0xe 9090
 .text          0x00119c00       0x96 /root/Chaos/Binaries/DebugGDB/Modules/Static/partition.a(partition_manager_class.o)
                0x00119c00                partition_manager_class_register
 *fill*         0x00119c96        0xa 9090
 .text          0x00119ca0      0x258 /root/Chaos/Binaries/DebugGDB/Modules/Static/vfat.a(interface.o)
                0x00119ca0                vfat_main
 *fill*         0x00119ef8        0x8 9090
 .text          0x00119f00      0x8f4 /root/Chaos/Binaries/DebugGDB/Modules/Static/vfat.a(volume.o)
                0x0011a650                vfat_volume_add_file_data
                0x00119f00                vfat_has_file_system
                0x0011a090                vfat_volume_create_data
                0x0011a660                vfat_volume_get_file_data
                0x0011a670                vfat_volume_remove_file_data
 *fill*         0x0011a7f4        0xc 9090
 .text          0x0011a800     0x1562 /root/Chaos/Binaries/DebugGDB/Modules/Static/vfat.a(directory_read_write.o)
                0x0011a800                vfat_entry_find
                0x0011bac0                vfat_entry_delete
                0x0011aac0                vfat_entry_add
 *fill*         0x0011bd62        0xe 9090
 .text          0x0011bd70      0x332 /root/Chaos/Binaries/DebugGDB/Modules/Static/vfat.a(common.o)
                0x0011c070                vfat_sub_string
                0x0011c030                vfat_get_next_path_element
                0x0011bd70                cluster_to_sector
                0x0011bf10                wstrcmpjoki
                0x0011be60                vfat_8_dot_3_to_volume_label
                0x0011bd90                vfat_8_dot_3_to_wstring
 *fill*         0x0011c0a2        0xe 9090
 .text          0x0011c0b0      0x942 /root/Chaos/Binaries/DebugGDB/Modules/Static/vfat.a(directory_entry.o)
                0x0011c1a0                vfat_directory_entry_get_next
                0x0011c0b0                vfat_directory_entry_get_first_cluster
                0x0011c110                vfat_directory_entry_is_end_marker
                0x0011c130                vfat_directory_entry_is_long_name
                0x0011c170                vfat_directory_entry_get_name
                0x0011c150                vfat_directory_entry_is_volume
                0x0011c0f0                vfat_directory_entry_is_deleted
 *fill*         0x0011c9f2        0xe 9090
 .text          0x0011ca00      0xf32 /root/Chaos/Binaries/DebugGDB/Modules/Static/vfat.a(file.o)
                0x0011d3a0                vfat_file_get_data_for_name
                0x0011cee0                vfat_file_open_root
                0x0011cbc0                vfat_file_release
                0x0011caf0                vfat_file_destroy_data
                0x0011cbd0                vfat_file_read_region
                0x0011d090                vfat_directory_find_file
                0x0011cd90                vfat_file_create_root_data
                0x0011cb50                vfat_file_is_directory
                0x0011cb70                vfat_file_is_root
                0x0011ca00                vfat_file_create_data
                0x0011cf20                vfat_file_create_data_from_directory_entry
                0x0011cbb0                vfat_file_acquire
 *fill*         0x0011d932        0xe 9090
 .text          0x0011d940      0x464 /root/Chaos/Binaries/DebugGDB/Modules/Static/vfat.a(low_fat.o)
                0x0011d9b0                vfat_raw_write_cluster
                0x0011da20                get_next_cluster
                0x0011d940                vfat_raw_read_cluster
                0x0011db50                get_next_sector
 *fill*         0x0011dda4        0xc 9090
 .text          0x0011ddb0      0x764 /root/Chaos/Binaries/DebugGDB/Modules/Static/vfat.a(low_fat12.o)
                0x0011e050                fat12_count_available_clusters
                0x0011ddb0                fat12_get_next_cluster
                0x0011ded0                fat12_find_available_cluster
                0x0011e1b0                fat12_write_cluster
 *fill*         0x0011e514        0xc 9090
 .text          0x0011e520      0x6b4 /root/Chaos/Binaries/DebugGDB/Modules/Static/vfat.a(low_fat16.o)
                0x0011e8f0                fat16_write_cluster
                0x0011e7c0                fat16_count_available_clusters
                0x0011e520                fat16_get_next_cluster
                0x0011e620                fat16_find_available_cluster
 *fill*         0x0011ebd4        0xc 9090
 .text          0x0011ebe0      0x6c4 /root/Chaos/Binaries/DebugGDB/Modules/Static/vfat.a(low_fat32.o)
                0x0011ebe0                fat32_get_next_cluster
                0x0011efc0                fat32_write_cluster
                0x0011ee90                fat32_count_available_clusters
                0x0011ecf0                fat32_find_available_cluster
 *fill*         0x0011f2a4        0xc 9090
 .text          0x0011f2b0      0xd7f /root/Chaos/Binaries/DebugGDB/Modules/Static/vfat.a(read_write.o)
                0x0011f610                vfat_read_cluster
                0x0011f670                vfat_read_file
                0x0011f2b0                next_cluster
                0x0011f4e0                vfat_read_small_cluster
                0x0011fa00                vfat_write_small_cluster
                0x0011fc90                vfat_write_cluster
                0x0011fcf0                vfat_write_file
                0x0011f330                offset_to_cluster
                0x0011f3f0                vfat_read_big_cluster
                0x0011f900                vfat_write_big_cluster
 *fill*         0x0012002f        0x1 9090
 .text          0x00120030      0x1b4 /root/Chaos/Binaries/Libraries/list.a(list.o)
                0x00120080                list_node_insert
                0x00120130                list_node_remove_last
                0x001200f0                list_node_remove
                0x00120030                list_create
                0x00120170                list_get_iterator
                0x00120190                list_get_reverse_iterator
 *fill*         0x001201e4        0xc 9090
 .text          0x001201f0      0x52a /root/Chaos/Binaries/Libraries/pool_of_integers.a(pool_of_integers.o)
                0x001201f0                pool_of_integers_init
                0x00120460                pool_of_integers_allocate
                0x001205d0                pool_of_integers_deallocate
                0x00120370                pool_of_integers_reserve
 *fill*         0x0012071a        0x6 9090
 .text          0x00120720      0x6d4 /root/Chaos/Binaries/Libraries/pool_of_ranges.a(id_pool.o)
                0x00120d90                pool_is_empty
                0x00120c70                pool_init
                0x00120720                pool_allocate
                0x00120d60                pool_is_full
                0x00120d50                pool_get_iterator
                0x00120a50                pool_deallocate
                0x00120810                pool_reserve
 *fill*         0x00120df4        0xc 9090
 .text          0x00120e00      0x4bf /root/Chaos/Binaries/Libraries/avl_tree.a(avl.o)
                0x00120f70                avl_tree_destroy
                0x00121090                avl_tree_search_node
                0x001211b0                avl_tree_get_smallest_node
                0x00121210                avl_tree_get_reverse_iterator
                0x001211d0                avl_tree_get_largest_node
                0x00120f30                avl_tree_create
                0x00120f80                avl_tree_add_node
                0x00121130                avl_tree_search_nearest_node
                0x001211f0                avl_tree_get_iterator
                0x00120e00                avl_tree_delete_node
                0x00121000                avl_tree_update_node
 *fill*         0x001212bf        0x1 9090
 .text          0x001212c0      0x8b2 /root/Chaos/Binaries/Libraries/avl_tree.a(avl_util.o)
                0x00121b40                get_most_left_node
                0x00121b20                get_right_level
                0x00121b60                get_most_right_node
                0x00121b00                get_left_level
                0x001212c0                exchange
                0x00121910                update
                0x00121ad0                get_pointer_from_parent
                0x001219d0                update2
 *fill*         0x00121b72        0xe 9090
 .text          0x00121b80      0x1f4 /root/Chaos/Binaries/Libraries/string.a(character.o)
                0x00121d00                char_is_upper
                0x00121ca0                char_is_digit
                0x00121cc0                char_is_lower
                0x00121d20                char_is_heximal_digit
                0x00121ba0                char_to_lower_case
                0x00121c00                int_to_char
                0x00121bc0                char_to_int
                0x00121ce0                char_is_space
                0x00121c90                char_is_control
                0x00121d50                char_is_number
                0x00121c70                char_is_alpha
                0x00121b80                char_to_upper_case
                0x00121c30                char_is_alpha_or_number
 *fill*         0x00121d74        0xc 9090
 .text          0x00121d80      0xb63 /root/Chaos/Binaries/Libraries/string.a(format.o)
                0x00121d80                string_print
                0x00122500                string_scan_va
                0x00121da0                string_print_va
                0x001224e0                string_scan
 *fill*         0x001228e3        0xd 9090
 .text          0x001228f0      0x3cb /root/Chaos/Binaries/Libraries/string.a(general-inlines.o)
                0x00122a30                string_sep
                0x00122b40                string_scn
                0x00122940                string_tok
                0x00122b90                string_i_compare_max
                0x001228f0                string_pbrk
                0x00122b00                string_spn
 *fill*         0x00122cbb        0x5 9090
 .text          0x00122cc0      0xc4f /root/Chaos/Binaries/Libraries/string.a(wformat.o)
                0x00122cc0                wstring_print
                0x00123460                wstring_scan
                0x00123480                wstring_scan_va
                0x00122ce0                wstring_print_va
 *fill*         0x0012390f        0x1 9090
 .text          0x00123910      0x606 /root/Chaos/Binaries/Libraries/string.a(wstring-inlines.o)
                0x00123a70                wstring_compare
                0x00123910                wstring_scn
                0x00123d60                wstring_find_substring
                0x00123b60                wstring_length
                0x00123bc0                wstring_compare_template
                0x00123aa0                wstring_compare_max
                0x00123950                wstring_copy
                0x00123980                wstring_copy_max
                0x00123b80                wstring_length_max
                0x00123cb0                wstring_find_last_char
                0x001239e0                wstring_append
                0x00123a20                wstring_append_max
                0x00123c80                wstring_find_first_char
 *fill*         0x00123f16        0xa 9090
 .text          0x00123f20      0xa0e /root/Chaos/Binaries/Libraries/string.a(conversions.o)
                0x00124850                string_to_uint32
                0x00124170                string_to_int32_with_base_autodetect
                0x00124760                string_to_int32
                0x00123f20                string_to_double
                0x00124330                uint32_to_string
 *fill*         0x0012492e        0x2 9090
 .text          0x00124930      0xab0 /root/Chaos/Binaries/Libraries/string.a(wconversions.o)
                0x00124930                wstring_to_double
                0x00124ba0                wstring_to_int32_with_base_autodetect
                0x00124d20                uint32_to_wstring
                0x001251f0                wstring_to_int32
                0x001252f0                wstring_to_uint32
 .text          0x001253e0      0x3ae /root/Chaos/Binaries/Libraries/hash_table.a(hash_table.o)
                0x001254e0                hash_table_add_element
                0x001253e0                hash_table_create
                0x00125490                hash_table_search_element
                0x001255a0                hash_table_get_iterator
                0x00125520                hash_table_delete_element
                0x00125650                string_to_hash
                0x00125430                hash_table_destroy
 *(.text.*)
 *(.stub)
 *(.gnu.warning)
 *(.gnu.linkonce.t.*)

.fini
 *(.fini)
                0x0012578e                PROVIDE (__etext, .)
                0x0012578e                PROVIDE (_etext, .)
                0x0012578e                PROVIDE (etext, .)

.rodata         0x001257a0     0x5f14
 *(.rodata)
 .rodata        0x001257a0       0x39 ./init.o
 *fill*         0x001257d9        0x7 00
 .rodata        0x001257e0       0x84 Hardware/SystemDebug/debug.o
 *fill*         0x00125864        0xc 00
 .rodata        0x00125870      0x154 Hardware/SystemDebug/gdb.o
 *fill*         0x001259c4        0xc 00
 .rodata        0x001259d0       0xf8 Hardware/Cpu/identification.o
 *fill*         0x00125ac8       0x18 00
 .rodata        0x00125ae0      0x522 Hardware/Exception/handlers.o
 *fill*         0x00126002       0x1e 00
 .rodata        0x00126020      0x3e9 Hardware/Exception/init.o
 *fill*         0x00126409       0x17 00
 .rodata        0x00126420       0x54 Hardware/Clock/time.o
 *fill*         0x00126474        0xc 00
 .rodata        0x00126480       0xc0 Hardware/Dma/controller.o
 .rodata        0x00126540       0x62 Hardware/PhysicalMemory/allocate.o
 *fill*         0x001265a2       0x1e 00
 .rodata        0x001265c0      0x116 Hardware/PhysicalMemory/init.o
 .rodata        0x001266d6       0x89 Hardware/VirtualMemory/allocate.o
 *fill*         0x0012675f        0x1 00
 .rodata        0x00126760       0x9a Hardware/VirtualMemory/create.o
 *fill*         0x001267fa        0x6 00
 .rodata        0x00126800       0x92 Hardware/VirtualMemory/init.o
 *fill*         0x00126892        0xe 00
 .rodata        0x001268a0      0x11b Hardware/VirtualMemory/page.o
 .rodata        0x001269bb       0x6e Hardware/VirtualMemory/reserve.o
 *fill*         0x00126a29       0x17 00
 .rodata        0x00126a40      0x143 Hardware/Elf/elf.o
 *fill*         0x00126b83       0x1d 00
 .rodata        0x00126ba0       0x87 Hardware/SystemCall/system_call.o
 .rodata        0x00126c27       0x36 Repository/Method/static.o
 .rodata        0x00126c5d       0x2c Repository/Interface/static.o
 .rodata        0x00126c89       0x2c Repository/EventSupplierInterface/static.o
 .rodata        0x00126cb5       0x2c Repository/EventConsumerInterface/static.o
 .rodata        0x00126ce1       0x56 Repository/Class/static.o
 .rodata        0x00126d37       0x36 Repository/Security/internal.o
 *fill*         0x00126d6d       0x13 00
 .rodata        0x00126d80       0x20 Repository/Memory/slab.o
                0x00126d80                slab_block_size
 .rodata        0x00126da0      0x2b8 Repository/Computer/internal.o
 *fill*         0x00127058        0x8 00
 .rodata        0x00127060       0x6a Repository/Computer/system.o
 .rodata        0x001270ca       0x93 Repository/Object/static.o
 .rodata        0x0012715d       0x36 Repository/Handle/static.o
 *fill*         0x00127193        0xd 00
 .rodata        0x001271a0      0x254 Kernel/./init.o
 *fill*         0x001273f4        0xc 00
 .rodata        0x00127400       0xb8 Kernel/Interfaces/flat_namespace_object_factory_interface.o
 *fill*         0x001274b8        0x8 00
 .rodata        0x001274c0      0x6b0 Kernel/Interfaces/init_init.o
 *fill*         0x00127b70       0x10 00
 .rodata        0x00127b80       0x7c Kernel/Interfaces/init_interface.o
 *fill*         0x00127bfc        0x4 00
 .rodata        0x00127c00       0x94 Kernel/Interfaces/irq_supplier_factory_interface.o
 *fill*         0x00127c94        0xc 00
 .rodata        0x00127ca0      0x183 Kernel/Interfaces/namespace_init.o
 *fill*         0x00127e23       0x1d 00
 .rodata        0x00127e40       0xa8 Kernel/Interfaces/namespace_interface.o
 *fill*         0x00127ee8       0x18 00
 .rodata        0x00127f00      0x532 Kernel/Interfaces/storm_module_factory.o
 *fill*         0x00128432        0xe 00
 .rodata        0x00128440       0x94 Kernel/Interfaces/storm_module_factory_interface.o
 *fill*         0x001284d4        0xc 00
 .rodata        0x001284e0      0x10d Kernel/Interfaces/storm_program_factory.o
 *fill*         0x001285ed       0x13 00
 .rodata        0x00128600       0x98 Kernel/Interfaces/storm_program_factory_interface.o
 *fill*         0x00128698        0x8 00
 .rodata        0x001286a0       0x44 Kernel/Interfaces/timer_interface.o
 *fill*         0x001286e4       0x1c 00
 .rodata        0x00128700       0xdc Kernel/Events/debug_event_class.o
 *fill*         0x001287dc        0x4 00
 .rodata        0x001287e0       0xd4 Kernel/Events/irq_event_class.o
 *fill*         0x001288b4        0xc 00
 .rodata        0x001288c0       0xec Kernel/Classes/flat_namespace_init.o
 *fill*         0x001289ac       0x14 00
 .rodata        0x001289c0      0x13c Kernel/Classes/flat_namespace_interface.o
 *fill*         0x00128afc        0x4 00
 .rodata        0x00128b00       0x38 Kernel/Classes/flat_namespace_object.o
 *fill*         0x00128b38        0x8 00
 .rodata        0x00128b40       0x34 Kernel/Classes/storm_module.o
 .rodata        0x00128b74       0x44 Kernel/Classes/storm_module_control_init.o
 *fill*         0x00128bb8        0x8 00
 .rodata        0x00128bc0       0x94 Kernel/Classes/storm_module_control_interface.o
 *fill*         0x00128c54        0xc 00
 .rodata        0x00128c60       0x38 Kernel/Classes/storm_program.o
 .rodata        0x00128c98       0x38 Kernel/Classes/storm_program_control_init.o
 *fill*         0x00128cd0       0x10 00
 .rodata        0x00128ce0       0x78 Kernel/Classes/storm_program_control_interface.o
 *fill*         0x00128d58        0x8 00
 .rodata        0x00128d60       0xec /root/Chaos/Binaries/DebugGDB/Modules/Static/ata.a(interface.o)
 *fill*         0x00128e4c       0x14 00
 .rodata        0x00128e60       0x4c /root/Chaos/Binaries/DebugGDB/Modules/Static/ata.a(ata.o)
 *fill*         0x00128eac       0x14 00
 .rodata        0x00128ec0       0x28 /root/Chaos/Binaries/DebugGDB/Modules/Static/ata.a(ata_drive_class.o)
 *fill*         0x00128ee8       0x18 00
 .rodata        0x00128f00       0x30 /root/Chaos/Binaries/DebugGDB/Modules/Static/ata.a(ata_manager_class.o)
 .rodata        0x00128f30       0x44 /root/Chaos/Binaries/DebugGDB/Modules/Static/ata.a(block_interface.o)
 *fill*         0x00128f74        0xc 00
 .rodata        0x00128f80       0x3c /root/Chaos/Binaries/DebugGDB/Modules/Static/partition.a(interface.o)
 *fill*         0x00128fbc        0x4 00
 .rodata        0x00128fc0      0x7f0 /root/Chaos/Binaries/DebugGDB/Modules/Static/partition.a(partition.o)
 *fill*         0x001297b0       0x10 00
 .rodata        0x001297c0       0x28 /root/Chaos/Binaries/DebugGDB/Modules/Static/partition.a(partition_class.o)
 *fill*         0x001297e8       0x18 00
 .rodata        0x00129800       0x44 /root/Chaos/Binaries/DebugGDB/Modules/Static/partition.a(partition_manager_class.o)
 *fill*         0x00129844       0x1c 00
 .rodata        0x00129860      0x280 /root/Chaos/Binaries/DebugGDB/Modules/Static/vfat.a(interface.o)
 .rodata        0x00129ae0      0x2f4 /root/Chaos/Binaries/DebugGDB/Modules/Static/vfat.a(volume.o)
 *fill*         0x00129dd4        0xc 00
 .rodata        0x00129de0      0x3ec /root/Chaos/Binaries/DebugGDB/Modules/Static/vfat.a(directory_read_write.o)
 *fill*         0x0012a1cc       0x14 00
 .rodata        0x0012a1e0      0x2e4 /root/Chaos/Binaries/DebugGDB/Modules/Static/vfat.a(directory_entry.o)
 *fill*         0x0012a4c4       0x1c 00
 .rodata        0x0012a4e0      0x830 /root/Chaos/Binaries/DebugGDB/Modules/Static/vfat.a(file.o)
 .rodata        0x0012ad10       0x11 /root/Chaos/Binaries/Libraries/string.a(character.o)
 *fill*         0x0012ad21        0xf 00
 .rodata        0x0012ad30      0x34c /root/Chaos/Binaries/Libraries/string.a(format.o)
 *fill*         0x0012b07c        0x4 00
 .rodata        0x0012b080      0x43c /root/Chaos/Binaries/Libraries/string.a(wformat.o)
 *fill*         0x0012b4bc        0x4 00
 .rodata        0x0012b4c0       0x85 /root/Chaos/Binaries/Libraries/string.a(conversions.o)
 *fill*         0x0012b545       0x1b 00
 .rodata        0x0012b560      0x154 /root/Chaos/Binaries/Libraries/string.a(wconversions.o)
 *(.rodata.*)
 *(.gnu.linkonce.r.*)

.rodata1
 *(.rodata1)

.sdata2
 *(.sdata2)
 *(.sdata2.*)
 *(.gnu.linkonce.s2.*)

.sbss2
 *(.sbss2)
 *(.sbss2.*)
 *(.gnu.linkonce.sb2.*)
                0x0012c6b4                . = (ALIGN (0x1000) + (. & 0xfff))

.data           0x0012d000     0xbce0
 *(.data)
 .data          0x0012d000     0x872c ./init.o
                0x00135715                parse_parameters
                0x0012d000                storm_info
                0x0013570a                parse_disable
                0x00135700                parse_enable
                0x00133ea0                subsystem_built_in
 *fill*         0x0013572c       0x14 00
 .data          0x00135740       0x34 Hardware/Boot/init.o
 .data          0x00135774       0x19 Hardware/SystemDebug/debug.o
 *fill*         0x0013578d        0x3 00
 .data          0x00135790       0x24 Hardware/SystemDebug/gdb.o
                0x001357a4                remote_debug
                0x00135790                i386at_serial_basetable
                0x001357a0                i386at_serial_iobase
 *fill*         0x001357b4        0xc 00
 .data          0x001357c0      0x284 Hardware/Cpu/identification.o
                0x00135960                cpu_sub_records
 .data          0x00135a44        0x4 Hardware/Cpu/speed.o
 *fill*         0x00135a48       0x18 00
 .data          0x00135a60       0xc4 Hardware/Irq/irq.o
                0x00135b20                irq_tmp_post_handler
                0x00135a60                irq_handlers
                0x00135aa0                irq_handlers_data
                0x00135ae0                irq_post_handlers
 *fill*         0x00135b24       0x1c 00
 .data          0x00135b40      0x190 Hardware/Exception/handlers.o
                0x00135b40                exception_hardware_descriptions
 .data          0x00135cd0        0x4 Hardware/Exception/init.o
 .data          0x00135cd4       0x30 Hardware/Clock/time.o
 .data          0x00135d04       0x1c Hardware/Timer/timer.o
 .data          0x00135d20       0x5c Hardware/PhysicalMemory/init.o
                0x00135d20                physical_memory_global
 *fill*         0x00135d7c        0x4 00
 .data          0x00135d80       0x2e Hardware/VirtualMemory/init.o
                0x00135d80                virtual_memory_global
 *fill*         0x00135dae        0x2 00
 *fill*         0x00135db0      0x250 00
 .data          0x00136000     0x1000 Hardware/VirtualMemory/page.o
                0x00136000                page_directory_global
 .data          0x00137000       0x6c Hardware/TaskState/task_state.o
                0x00137000                task_state_kernel
 .data          0x0013706c        0xc Hardware/TaskState/tss.o
                0x00137070                jump_data
 *fill*         0x00137078        0x8 00
 .data          0x00137080       0x2c Repository/Reference/system.o
                0x00137080                magic_number_table
 *fill*         0x001370ac       0x14 00
 .data          0x001370c0       0x60 Repository/Security/internal.o
                0x001370c0                security_absolute
 .data          0x00137120       0x30 Repository/Cpu/init.o
                0x00137120                global_cpu
 *fill*         0x00137150       0x10 00
 .data          0x00137160       0x28 Repository/Memory/system.o
                0x00137160                memory_global
 *fill*         0x00137188       0x18 00
 .data          0x001371a0     0x1194 Repository/Computer/system.o
                0x001371a0                computer_kernel
                0x00138330                computer_current
 *fill*         0x00138334        0xc 00
 .data          0x00138340       0xac Kernel/./init.o
                0x00138340                kernel_interfaces_info
                0x001383d8                kernel_event_consumer_interfaces_info
                0x001383b8                kernel_event_supplier_interfaces_info
 .data          0x001383ec        0x8 Kernel/Interfaces/flat_namespace_object_factory.o
 .data          0x001383f4        0x8 Kernel/Interfaces/flat_namespace_object_factory_interface.o
 *fill*         0x001383fc        0x4 00
 .data          0x00138400       0x90 Kernel/Interfaces/init_init.o
                0x00138460                static_modules_info
                0x00138430                kernel_object_root_flat_namespace
                0x00138440                kernel_debug_queue
                0x00138434                kernel_handle_root_flat_namespace
                0x00138438                kernel_handle_namespace
                0x00138448                kernel_consumer_debug
                0x00138400                kernel_classes_info
                0x0013843c                kernel_handle_timer
                0x00138444                kernel_supplier_debug
 .data          0x00138490        0x8 Kernel/Interfaces/init_interface.o
 .data          0x00138498        0x8 Kernel/Interfaces/irq_supplier_factory_init.o
 .data          0x001384a0        0x8 Kernel/Interfaces/irq_supplier_factory_interface.o
 .data          0x001384a8       0x14 Kernel/Interfaces/namespace_init.o
                0x001384a8                char_illegals
 .data          0x001384bc        0x8 Kernel/Interfaces/namespace_interface.o
 *fill*         0x001384c4       0x1c 00
 .data          0x001384e0      0x170 Kernel/Interfaces/storm_module_factory.o
                0x001384e0                functions_table
 .data          0x00138650        0x8 Kernel/Interfaces/storm_module_factory_interface.o
 .data          0x00138658        0xc Kernel/Interfaces/storm_program_factory.o
 .data          0x00138664        0x8 Kernel/Interfaces/storm_program_factory_interface.o
 .data          0x0013866c        0x8 Kernel/Interfaces/timer_interface.o
 .data          0x00138674        0x4 Kernel/Interfaces/timer_interface_init.o
 .data          0x00138678        0x4 Kernel/Events/debug_event_class.o
 .data          0x0013867c        0x4 Kernel/Events/irq_event_class.o
 .data          0x00138680       0x10 Kernel/Classes/flat_namespace_init.o
 .data          0x00138690        0x8 Kernel/Classes/flat_namespace_interface.o
 .data          0x00138698        0x8 Kernel/Classes/storm_module_control_init.o
 .data          0x001386a0        0x8 Kernel/Classes/storm_module_control_interface.o
 .data          0x001386a8        0x4 Kernel/Classes/storm_program_control_init.o
 .data          0x001386ac        0x8 Kernel/Classes/storm_program_control_interface.o
 .data          0x001386b4        0xc /root/Chaos/Binaries/DebugGDB/Modules/Static/ata.a(interface.o)
                0x001386bc                ata_debug_supplier
 .data          0x001386c0        0x8 /root/Chaos/Binaries/DebugGDB/Modules/Static/ata.a(block_interface.o)
 *fill*         0x001386c8       0x18 00
 .data          0x001386e0      0x424 /root/Chaos/Binaries/DebugGDB/Modules/Static/partition.a(interface.o)
                0x00138b00                partition_debug_supplier
 *fill*         0x00138b04       0x1c 00
 .data          0x00138b20      0x1b6 /root/Chaos/Binaries/DebugGDB/Modules/Static/partition.a(partition.o)
                0x00138b20                partition_record
 *fill*         0x00138cd6        0x2 00
 .data          0x00138cd8        0x4 /root/Chaos/Binaries/DebugGDB/Modules/Static/vfat.a(directory_read_write.o)
 .data          0x00138cdc        0x4 /root/Chaos/Binaries/Libraries/string.a(character.o)
 *(.data.*)
 *(.gnu.linkonce.d.*)

.data1
 *(.data1)

.eh_frame
 *(.eh_frame)

.gcc_except_table
 *(.gcc_except_table)

.ctors
 *crtbegin.o(.ctors)
 *(EXCLUDE_FILE(*crtend.o) .ctors)
 *(SORT(.ctors.*))
 *(.ctors)

.dtors
 *crtbegin.o(.dtors)
 *(EXCLUDE_FILE(*crtend.o) .dtors)
 *(SORT(.dtors.*))
 *(.dtors)

.got
 *(.got.plt)
 *(.got)

.dynamic
 *(.dynamic)

.sdata
 *(.sdata)
 *(.sdata.*)
 *(.gnu.linkonce.s.*)
                0x00138ce0                _edata = .
                0x00138ce0                PROVIDE (edata, .)
                0x00138ce0                __bss_start = .

.sbss           0x00138ce0        0x0
                0x00138ce0                PROVIDE (__sbss_start, .)
                0x00138ce0                PROVIDE (___sbss_start, .)
 *(.dynsbss)
 *(.sbss)
 *(.sbss.*)
 *(.gnu.linkonce.sb.*)
 *(.scommon)
                0x00138ce0                PROVIDE (__sbss_end, .)
                0x00138ce0                PROVIDE (___sbss_end, .)

.bss            0x00138ce0    0x1a9e0
 *(.dynbss)
 *(.bss)
 .bss           0x00138ce0      0x404 Hardware/Boot/init.o
 *fill*         0x001390e4       0x1c 00
 .bss           0x00139100      0x350 Hardware/SystemDebug/gdb.o
 .bss           0x00139450        0x8 Hardware/Clock/time.o
 .bss           0x00139458       0x58 Kernel/./init.o
 .bss           0x001394b0       0x18 Kernel/Interfaces/flat_namespace_object_factory_interface.o
 .bss           0x001394c8       0x1c Kernel/Interfaces/init_interface.o
 .bss           0x001394e4       0x14 Kernel/Interfaces/irq_supplier_factory_interface.o
 .bss           0x001394f8       0x24 Kernel/Interfaces/namespace_interface.o
 .bss           0x0013951c       0x18 Kernel/Interfaces/storm_module_factory_interface.o
 .bss           0x00139534       0x18 Kernel/Interfaces/storm_program_factory_interface.o
 .bss           0x0013954c        0xc Kernel/Interfaces/timer_interface.o
 .bss           0x00139558       0x24 Kernel/Classes/flat_namespace_interface.o
 .bss           0x0013957c        0x4 Kernel/Classes/flat_namespace_object.o
 .bss           0x00139580        0x4 Kernel/Classes/storm_module.o
 .bss           0x00139584       0x14 Kernel/Classes/storm_module_control_interface.o
 .bss           0x00139598        0x4 Kernel/Classes/storm_program.o
 .bss           0x0013959c        0xc Kernel/Classes/storm_program_control_interface.o
 .bss           0x001395a8        0x8 /root/Chaos/Binaries/DebugGDB/Modules/Static/ata.a(interface.o)
 *fill*         0x001395b0       0x10 00
 .bss           0x001395c0       0x80 /root/Chaos/Binaries/DebugGDB/Modules/Static/ata.a(ata.o)
 .bss           0x00139640       0x14 /root/Chaos/Binaries/DebugGDB/Modules/Static/ata.a(block_interface.o)
 .bss           0x00139654        0x8 /root/Chaos/Binaries/DebugGDB/Modules/Static/partition.a(interface.o)
 *fill*         0x0013965c        0x4 00
 .bss           0x00139660      0x200 /root/Chaos/Binaries/DebugGDB/Modules/Static/partition.a(partition.o)
 .bss           0x00139860        0x4 /root/Chaos/Binaries/DebugGDB/Modules/Static/partition.a(partition_class.o)
 *fill*         0x00139864       0x1c 00
 .bss           0x00139880      0x264 /root/Chaos/Binaries/DebugGDB/Modules/Static/vfat.a(interface.o)
 *(.bss.*)
 *(.gnu.linkonce.b.*)
 *(COMMON)
 *fill*         0x00139ae4       0x1c 00
 COMMON         0x00139b00    0x10000 Hardware/Boot/init.o
                                  0x0 (size before relaxing)
                0x00139b00                kernel_stack
 COMMON         0x00149b00       0x34 Hardware/Boot/multiboot.o
                                  0x0 (size before relaxing)
                0x00149b00                multiboot_info
 *fill*         0x00149b34        0xc 00
 COMMON         0x00149b40     0x2754 Hardware/SystemDebug/gdb.o
                                  0x0 (size before relaxing)
                0x00149b40                registers
                0x00149b80                remcomStack
                0x0014c290                gdb_i386errcode
 *fill*         0x0014c294        0xc 00
 COMMON         0x0014c2a0      0x105 Hardware/Cpu/init.o
                                  0x0 (size before relaxing)
                0x0014c2a0                cpu_info_global
 *fill*         0x0014c3a5       0x1b 00
 COMMON         0x0014c3c0       0xb0 Hardware/Exception/init.o
                                  0x0 (size before relaxing)
                0x0014c3c0                exception_handlers_data
                0x0014c420                exception_handlers
 *fill*         0x0014c470       0x10 00
 COMMON         0x0014c480       0x54 Hardware/Dma/dma.o
                                  0x0 (size before relaxing)
                0x0014c480                dma_channels
 COMMON         0x0014c4d4        0x9 Hardware/Timer/pit.o
                                  0x0 (size before relaxing)
                0x0014c4d4                pit_divisor
                0x0014c4da                pit_mode
 *fill*         0x0014c4dd        0x3 00
 COMMON         0x0014c4e0     0x7160 Hardware/PhysicalMemory/internal.o
                                  0x0 (size before relaxing)
                0x0014c4e0                node_allocator_global
                0x0014c8e0                node_pool_global
 COMMON         0x00153640       0x30 Repository/Cpu/system.o
                                  0x0 (size before relaxing)
                0x00153640                cpu_kernel
 COMMON         0x00153670       0x1c Repository/Computer/internal.o
                                  0x0 (size before relaxing)
                0x00153670                computers
 COMMON         0x0015368c        0x8 Kernel/./init.o
                                  0x0 (size before relaxing)
                0x0015368c                kernel_class
                0x00153690                kernel_object
 COMMON         0x00153694        0x4 Kernel/Interfaces/init_init.o
                                  0x0 (size before relaxing)
                0x00153694                storm_module_objects
 COMMON         0x00153698        0x4 Kernel/Events/debug_supplier_init.o
                                  0x0 (size before relaxing)
                0x00153698                debug_event_class
 COMMON         0x0015369c       0x1c /root/Chaos/Binaries/DebugGDB/Modules/Static/ata.a(interface.o)
                                  0x0 (size before relaxing)
                0x0015369c                irq14_supplier
                0x001536a0                irq14_queue
                0x001536a4                irq14_consumer
                0x001536a8                irq15_consumer
                0x001536ac                irq15_queue
                0x001536b0                ata_drive_class
                0x001536b4                irq15_supplier
 COMMON         0x001536b8        0x4 /root/Chaos/Binaries/DebugGDB/Modules/Static/partition.a(interface.o)
                                  0x0 (size before relaxing)
                0x001536b8                partition_class
 COMMON         0x001536bc        0x4 /root/Chaos/Binaries/Libraries/string.a(general-inlines.o)
                                  0x0 (size before relaxing)
                0x001536bc                ___strtok
                0x001536c0                . = ALIGN (0x4)
                0x001536c0                . = ALIGN (0x4)
                0x001536c0                _end = .
                0x001536c0                PROVIDE (end, .)

.stab
 *(.stab)

.stabstr
 *(.stabstr)

.stab.excl
 *(.stab.excl)

.stab.exclstr
 *(.stab.exclstr)

.stab.index
 *(.stab.index)

.stab.indexstr
 *(.stab.indexstr)

.comment        0x00000000      0xc4e
 *(.comment)
 .comment       0x00000000       0x12 ./init.o
 .comment       0x00000012       0x12 Hardware/Boot/init.o
 .comment       0x00000024       0x12 Hardware/Boot/multiboot.o
 .comment       0x00000036       0x12 Hardware/Boot/parse.o
 .comment       0x00000048       0x12 Hardware/SystemDebug/debug.o
 .comment       0x0000005a       0x12 Hardware/SystemDebug/gdb.o
 .comment       0x0000006c       0x12 Hardware/Cpu/bugs.o
 .comment       0x0000007e       0x12 Hardware/Cpu/halt.o
 .comment       0x00000090       0x12 Hardware/Cpu/identification.o
 .comment       0x000000a2       0x12 Hardware/Cpu/init.o
 .comment       0x000000b4       0x12 Hardware/Cpu/lock.o
 .comment       0x000000c6       0x12 Hardware/Cpu/speed.o
 .comment       0x000000d8       0x12 Hardware/Irq/irq.o
 .comment       0x000000ea       0x12 Hardware/Irq/pic.o
 .comment       0x000000fc       0x12 Hardware/Exception/handlers.o
 .comment       0x0000010e       0x12 Hardware/Exception/init.o
 .comment       0x00000120       0x12 Hardware/Clock/time.o
 .comment       0x00000132       0x12 Hardware/Dma/controller.o
 .comment       0x00000144       0x12 Hardware/Dma/dma.o
 .comment       0x00000156       0x12 Hardware/Timer/pit.o
 .comment       0x00000168       0x12 Hardware/Timer/timer.o
 .comment       0x0000017a       0x12 Hardware/PhysicalMemory/allocate.o
 .comment       0x0000018c       0x12 Hardware/PhysicalMemory/check.o
 .comment       0x0000019e       0x12 Hardware/PhysicalMemory/deallocate.o
 .comment       0x000001b0       0x12 Hardware/PhysicalMemory/init.o
 .comment       0x000001c2       0x12 Hardware/PhysicalMemory/internal.o
 .comment       0x000001d4       0x12 Hardware/PhysicalMemory/reallocate.o
 .comment       0x000001e6       0x12 Hardware/PhysicalMemory/reserve.o
 .comment       0x000001f8       0x12 Hardware/VirtualMemory/allocate.o
 .comment       0x0000020a       0x12 Hardware/VirtualMemory/create.o
 .comment       0x0000021c       0x12 Hardware/VirtualMemory/deallocate.o
 .comment       0x0000022e       0x12 Hardware/VirtualMemory/destroy.o
 .comment       0x00000240       0x12 Hardware/VirtualMemory/init.o
 .comment       0x00000252       0x12 Hardware/VirtualMemory/internal.o
 .comment       0x00000264       0x12 Hardware/VirtualMemory/page.o
 .comment       0x00000276       0x12 Hardware/VirtualMemory/reserve.o
 .comment       0x00000288       0x12 Hardware/TaskState/task_state.o
 .comment       0x0000029a       0x12 Hardware/TaskState/tss.o
 .comment       0x000002ac       0x12 Hardware/IoPort/port.o
 .comment       0x000002be       0x12 Hardware/Elf/elf.o
 .comment       0x000002d0       0x12 Hardware/SystemCall/system_call.o
 .comment       0x000002e2       0x12 Repository/./repository.o
 .comment       0x000002f4       0x12 Repository/Reference/system.o
 .comment       0x00000306       0x12 Repository/Descriptions/Method/system.o
 .comment       0x00000318       0x12 Repository/Descriptions/Interface/system.o
 .comment       0x0000032a       0x12 Repository/Descriptions/Class/system.o
 .comment       0x0000033c       0x12 Repository/Descriptions/Event/system.o
 .comment       0x0000034e       0x12 Repository/Method/init.o
 .comment       0x00000360       0x12 Repository/Method/internal.o
 .comment       0x00000372       0x12 Repository/Method/parameters_check.o
 .comment       0x00000384       0x12 Repository/Method/security_check.o
 .comment       0x00000396       0x12 Repository/Method/static.o
 .comment       0x000003a8       0x12 Repository/Method/system.o
 .comment       0x000003ba       0x12 Repository/Method/transaction.o
 .comment       0x000003cc       0x12 Repository/Interface/init.o
 .comment       0x000003de       0x12 Repository/Interface/internal.o
 .comment       0x000003f0       0x12 Repository/Interface/parameters_check.o
 .comment       0x00000402       0x12 Repository/Interface/security_check.o
 .comment       0x00000414       0x12 Repository/Interface/static.o
 .comment       0x00000426       0x12 Repository/Interface/system.o
 .comment       0x00000438       0x12 Repository/Interface/transaction.o
 .comment       0x0000044a       0x12 Repository/EventSupplierInterface/init.o
 .comment       0x0000045c       0x12 Repository/EventSupplierInterface/internal.o
 .comment       0x0000046e       0x12 Repository/EventSupplierInterface/parameters_check.o
 .comment       0x00000480       0x12 Repository/EventSupplierInterface/security_check.o
 .comment       0x00000492       0x12 Repository/EventSupplierInterface/static.o
 .comment       0x000004a4       0x12 Repository/EventSupplierInterface/system.o
 .comment       0x000004b6       0x12 Repository/EventSupplierInterface/transaction.o
 .comment       0x000004c8       0x12 Repository/EventSupplier/system.o
 .comment       0x000004da       0x12 Repository/EventConsumerInterface/init.o
 .comment       0x000004ec       0x12 Repository/EventConsumerInterface/internal.o
 .comment       0x000004fe       0x12 Repository/EventConsumerInterface/parameters_check.o
 .comment       0x00000510       0x12 Repository/EventConsumerInterface/security_check.o
 .comment       0x00000522       0x12 Repository/EventConsumerInterface/static.o
 .comment       0x00000534       0x12 Repository/EventConsumerInterface/system.o
 .comment       0x00000546       0x12 Repository/EventConsumerInterface/transaction.o
 .comment       0x00000558       0x12 Repository/Class/init.o
 .comment       0x0000056a       0x12 Repository/Class/internal.o
 .comment       0x0000057c       0x12 Repository/Class/parameters_check.o
 .comment       0x0000058e       0x12 Repository/Class/security_check.o
 .comment       0x000005a0       0x12 Repository/Class/static.o
 .comment       0x000005b2       0x12 Repository/Class/system.o
 .comment       0x000005c4       0x12 Repository/Class/transaction.o
 .comment       0x000005d6       0x12 Repository/Security/internal.o
 .comment       0x000005e8       0x12 Repository/Security/parameters_check.o
 .comment       0x000005fa       0x12 Repository/Security/security_check.o
 .comment       0x0000060c       0x12 Repository/Security/static.o
 .comment       0x0000061e       0x12 Repository/Security/system.o
 .comment       0x00000630       0x12 Repository/Cpu/init.o
 .comment       0x00000642       0x12 Repository/Cpu/internal.o
 .comment       0x00000654       0x12 Repository/Cpu/system.o
 .comment       0x00000666       0x12 Repository/Memory/memory.o
 .comment       0x00000678       0x12 Repository/Memory/slab.o
 .comment       0x0000068a       0x12 Repository/Memory/system.o
 .comment       0x0000069c       0x12 Repository/Computer/internal.o
 .comment       0x000006ae       0x12 Repository/Computer/scheduler.o
 .comment       0x000006c0       0x12 Repository/Computer/system.o
 .comment       0x000006d2       0x12 Repository/Object/init.o
 .comment       0x000006e4       0x12 Repository/Object/internal.o
 .comment       0x000006f6       0x12 Repository/Object/parameters_check.o
 .comment       0x00000708       0x12 Repository/Object/security_check.o
 .comment       0x0000071a       0x12 Repository/Object/static.o
 .comment       0x0000072c       0x12 Repository/Object/system.o
 .comment       0x0000073e       0x12 Repository/Object/transaction.o
 .comment       0x00000750       0x12 Repository/Handle/init.o
 .comment       0x00000762       0x12 Repository/Handle/internal.o
 .comment       0x00000774       0x12 Repository/Handle/parameters_check.o
 .comment       0x00000786       0x12 Repository/Handle/security_check.o
 .comment       0x00000798       0x12 Repository/Handle/static.o
 .comment       0x000007aa       0x12 Repository/Handle/system.o
 .comment       0x000007bc       0x12 Repository/EventQueue/system.o
 .comment       0x000007ce       0x12 Repository/Quality/system.o
 .comment       0x000007e0       0x12 Kernel/./init.o
 .comment       0x000007f2       0x12 Kernel/Interfaces/flat_namespace_object_factory.o
 .comment       0x00000804       0x12 Kernel/Interfaces/flat_namespace_object_factory_interface.o
 .comment       0x00000816       0x12 Kernel/Interfaces/init_init.o
 .comment       0x00000828       0x12 Kernel/Interfaces/init_interface.o
 .comment       0x0000083a       0x12 Kernel/Interfaces/irq_supplier_factory_init.o
 .comment       0x0000084c       0x12 Kernel/Interfaces/irq_supplier_factory_interface.o
 .comment       0x0000085e       0x12 Kernel/Interfaces/namespace_init.o
 .comment       0x00000870       0x12 Kernel/Interfaces/namespace_interface.o
 .comment       0x00000882       0x12 Kernel/Interfaces/storm_module_factory.o
 .comment       0x00000894       0x12 Kernel/Interfaces/storm_module_factory_interface.o
 .comment       0x000008a6       0x12 Kernel/Interfaces/storm_program_factory.o
 .comment       0x000008b8       0x12 Kernel/Interfaces/storm_program_factory_interface.o
 .comment       0x000008ca       0x12 Kernel/Interfaces/timer_interface.o
 .comment       0x000008dc       0x12 Kernel/Interfaces/timer_interface_init.o
 .comment       0x000008ee       0x12 Kernel/Events/debug_consumer_init.o
 .comment       0x00000900       0x12 Kernel/Events/debug_event_class.o
 .comment       0x00000912       0x12 Kernel/Events/debug_supplier_init.o
 .comment       0x00000924       0x12 Kernel/Events/irq_event_class.o
 .comment       0x00000936       0x12 Kernel/Events/irq_supplier_init.o
 .comment       0x00000948       0x12 Kernel/Classes/flat_namespace_init.o
 .comment       0x0000095a       0x12 Kernel/Classes/flat_namespace_interface.o
 .comment       0x0000096c       0x12 Kernel/Classes/flat_namespace_object.o
 .comment       0x0000097e       0x12 Kernel/Classes/storm_module.o
 .comment       0x00000990       0x12 Kernel/Classes/storm_module_control_init.o
 .comment       0x000009a2       0x12 Kernel/Classes/storm_module_control_interface.o
 .comment       0x000009b4       0x12 Kernel/Classes/storm_program.o
 .comment       0x000009c6       0x12 Kernel/Classes/storm_program_control_init.o
 .comment       0x000009d8       0x12 Kernel/Classes/storm_program_control_interface.o
 .comment       0x000009ea       0x12 /root/Chaos/Binaries/DebugGDB/Modules/Static/ata.a(interface.o)
 .comment       0x000009fc       0x12 /root/Chaos/Binaries/DebugGDB/Modules/Static/ata.a(ata.o)
 .comment       0x00000a0e       0x12 /root/Chaos/Binaries/DebugGDB/Modules/Static/ata.a(ata_drive_class.o)
 .comment       0x00000a20       0x12 /root/Chaos/Binaries/DebugGDB/Modules/Static/ata.a(ata_manager_class.o)
 .comment       0x00000a32       0x12 /root/Chaos/Binaries/DebugGDB/Modules/Static/ata.a(block_interface.o)
 .comment       0x00000a44       0x12 /root/Chaos/Binaries/DebugGDB/Modules/Static/ata.a(ata-internal.o)
 .comment       0x00000a56       0x12 /root/Chaos/Binaries/DebugGDB/Modules/Static/partition.a(interface.o)
 .comment       0x00000a68       0x12 /root/Chaos/Binaries/DebugGDB/Modules/Static/partition.a(partition.o)
 .comment       0x00000a7a       0x12 /root/Chaos/Binaries/DebugGDB/Modules/Static/partition.a(partition_class.o)
 .comment       0x00000a8c       0x12 /root/Chaos/Binaries/DebugGDB/Modules/Static/partition.a(partition_manager_class.o)
 .comment       0x00000a9e       0x12 /root/Chaos/Binaries/DebugGDB/Modules/Static/vfat.a(interface.o)
 .comment       0x00000ab0       0x12 /root/Chaos/Binaries/DebugGDB/Modules/Static/vfat.a(volume.o)
 .comment       0x00000ac2       0x12 /root/Chaos/Binaries/DebugGDB/Modules/Static/vfat.a(directory_read_write.o)
 .comment       0x00000ad4       0x12 /root/Chaos/Binaries/DebugGDB/Modules/Static/vfat.a(common.o)
 .comment       0x00000ae6       0x12 /root/Chaos/Binaries/DebugGDB/Modules/Static/vfat.a(directory_entry.o)
 .comment       0x00000af8       0x12 /root/Chaos/Binaries/DebugGDB/Modules/Static/vfat.a(file.o)
 .comment       0x00000b0a       0x12 /root/Chaos/Binaries/DebugGDB/Modules/Static/vfat.a(low_fat.o)
 .comment       0x00000b1c       0x12 /root/Chaos/Binaries/DebugGDB/Modules/Static/vfat.a(low_fat12.o)
 .comment       0x00000b2e       0x12 /root/Chaos/Binaries/DebugGDB/Modules/Static/vfat.a(low_fat16.o)
 .comment       0x00000b40       0x12 /root/Chaos/Binaries/DebugGDB/Modules/Static/vfat.a(low_fat32.o)
 .comment       0x00000b52       0x12 /root/Chaos/Binaries/DebugGDB/Modules/Static/vfat.a(read_write.o)
 .comment       0x00000b64       0x12 /root/Chaos/Binaries/Libraries/list.a(list.o)
 .comment       0x00000b76       0x12 /root/Chaos/Binaries/Libraries/pool_of_integers.a(pool_of_integers.o)
 .comment       0x00000b88       0x12 /root/Chaos/Binaries/Libraries/pool_of_ranges.a(id_pool.o)
 .comment       0x00000b9a       0x12 /root/Chaos/Binaries/Libraries/avl_tree.a(avl.o)
 .comment       0x00000bac       0x12 /root/Chaos/Binaries/Libraries/avl_tree.a(avl_util.o)
 .comment       0x00000bbe       0x12 /root/Chaos/Binaries/Libraries/string.a(character.o)
 .comment       0x00000bd0       0x12 /root/Chaos/Binaries/Libraries/string.a(format.o)
 .comment       0x00000be2       0x12 /root/Chaos/Binaries/Libraries/string.a(general-inlines.o)
 .comment       0x00000bf4       0x12 /root/Chaos/Binaries/Libraries/string.a(wformat.o)
 .comment       0x00000c06       0x12 /root/Chaos/Binaries/Libraries/string.a(wstring-inlines.o)
 .comment       0x00000c18       0x12 /root/Chaos/Binaries/Libraries/string.a(conversions.o)
 .comment       0x00000c2a       0x12 /root/Chaos/Binaries/Libraries/string.a(wconversions.o)
 .comment       0x00000c3c       0x12 /root/Chaos/Binaries/Libraries/hash_table.a(hash_table.o)

.debug
 *(.debug)

.line
 *(.line)

.debug_srcinfo
 *(.debug_srcinfo)

.debug_sfnames
 *(.debug_sfnames)

.debug_aranges  0x00000000     0x1080
 *(.debug_aranges)
 .debug_aranges
                0x00000000       0x20 ./init.o
 .debug_aranges
                0x00000020       0x20 Hardware/Boot/init.o
 .debug_aranges
                0x00000040       0x20 Hardware/Boot/multiboot.o
 .debug_aranges