Archive member included because of file (symbol)

../Libraries/string.a(conversions.o)
                              timer.o (string_to_uint32)
../Libraries/string.a(format.o)
                              main.o (string_print)
../Libraries/string.a(general-inlines.o)
                              ../Libraries/string.a(format.o) (string_scn)
../Libraries/string.a(character.o)
                              ../Libraries/string.a(general-inlines.o) (char_to_lower_case)
../Libraries/list.a(list.o)   timer.o (list_create)
../Libraries/pool_of_integers.a(pool_of_integers.o)
                              internal_memory.o (pool_of_integers_init)
../Libraries/pool_of_ranges.a(id_pool.o)
                              allocate.o (pool_allocate)
../Libraries/avl_tree.a(avl.o)
                              ../Libraries/pool_of_ranges.a(id_pool.o) (avl_tree_add_node)
../Libraries/avl_tree.a(avl_util.o)
                              ../Libraries/avl_tree.a(avl.o) (exchange)

Allocating common symbols
Common symbol       size              file

global_page_directory
                    0x4               virtual_memory.o
process_kernel      0x17c             thread.o
timers              0x1c              timer.o
___strtok           0x4               ../Libraries/string.a(general-inlines.o)
multiboot_info      0x34              multiboot.o
pit_divisor         0x6               pit.o
irq_handlers        0x40              irq.o
pit_mode            0x3               pit.o
dma_channels        0x54              dma.o
multiboot_memory_map
                    0xc000            multiboot.o
sleep_timer         0x1c              timer_util.o
block_pool          0x4c              physical_memory_init.o
parsed              0xc               process.o
multiboot_module_info
                    0x200             multiboot.o
system_timer        0x1c              timer_util.o
thread_timer        0x1c              thread.o
tss_kernel          0x6c              thread.o
irq_handlers_data   0x40              irq.o
thread_main         0x180             thread.o
kernel_stack        0x1000            init.o
current_stack_pointer
                    0x4               irq.o

Memory Configuration

Name             Origin             Length             Attributes
*default*        0x00000000         0xffffffff

Linker script and memory map

LOAD main.o
LOAD init.o
LOAD multiboot.o
LOAD parse.o
LOAD debug.o
LOAD gdb.o
LOAD cpu.o
LOAD cpu_bugs.o
LOAD cpu_id.o
LOAD halt.o
LOAD lock.o
LOAD irq.o
LOAD pic.o
LOAD exception.o
LOAD hardware.o
LOAD software.o
LOAD time.o
LOAD dma.o
LOAD dma_controller.o
LOAD pit.o
LOAD timer.o
LOAD timer_util.o
LOAD port.o
LOAD thread.o
LOAD elf.o
LOAD process.o
LOAD tss.o
LOAD allocate.o
LOAD deallocate.o
LOAD internal_memory.o
LOAD physical_memory_init.o
LOAD reserve.o
LOAD page.o
LOAD virtual_memory.o
LOAD memory.o
LOAD slab.o
LOAD system_call.o
LOAD irq_handlers.o
LOAD exception_lowlevel.o
LOAD thread_state.o
LOAD process_state.o
LOAD system_call_lowlevel.o
LOAD ../Libraries/string.a
LOAD ../Libraries/list.a
LOAD ../Libraries/pool_of_integers.a
LOAD ../Libraries/pool_of_ranges.a
LOAD ../Libraries/avl_tree.a
                0x00100074                . = (0x100000 + SIZEOF_HEADERS)

.interp
 *(.interp)

.hash
 *(.hash)

.dynsym
 *(.dynsym)

.dynstr
 *(.dynstr)

.gnu.version
 *(.gnu.version)

.gnu.version_d
 *(.gnu.version_d)

.gnu.version_r
 *(.gnu.version_r)

.rel.init
 *(.rel.init)

.rela.init
 *(.rela.init)

.rel.text
 *(.rel.text)
 *(.rel.text.*)
 *(.rel.gnu.linkonce.t.*)

.rela.text
 *(.rela.text)
 *(.rela.text.*)
 *(.rela.gnu.linkonce.t.*)

.rel.fini
 *(.rel.fini)

.rela.fini
 *(.rela.fini)

.rel.rodata
 *(.rel.rodata)
 *(.rel.rodata.*)
 *(.rel.gnu.linkonce.r.*)

.rela.rodata
 *(.rela.rodata)
 *(.rela.rodata.*)
 *(.rela.gnu.linkonce.r.*)

.rel.data
 *(.rel.data)
 *(.rel.data.*)
 *(.rel.gnu.linkonce.d.*)

.rela.data
 *(.rela.data)
 *(.rela.data.*)
 *(.rela.gnu.linkonce.d.*)

.rel.ctors
 *(.rel.ctors)

.rela.ctors
 *(.rela.ctors)

.rel.dtors
 *(.rel.dtors)

.rela.dtors
 *(.rela.dtors)

.rel.got
 *(.rel.got)

.rela.got
 *(.rela.got)

.rel.sdata
 *(.rel.sdata)
 *(.rel.sdata.*)
 *(.rel.gnu.linkonce.s.*)

.rela.sdata
 *(.rela.sdata)
 *(.rela.sdata.*)
 *(.rela.gnu.linkonce.s.*)

.rel.sbss
 *(.rel.sbss)
 *(.rel.sbss.*)
 *(.rel.gnu.linkonce.sb.*)

.rela.sbss
 *(.rela.sbss)
 *(.rela.sbss.*)
 *(.rel.gnu.linkonce.sb.*)

.rel.sdata2
 *(.rel.sdata2)
 *(.rel.sdata2.*)
 *(.rel.gnu.linkonce.s2.*)

.rela.sdata2
 *(.rela.sdata2)
 *(.rela.sdata2.*)
 *(.rela.gnu.linkonce.s2.*)

.rel.sbss2
 *(.rel.sbss2)
 *(.rel.sbss2.*)
 *(.rel.gnu.linkonce.sb2.*)

.rela.sbss2
 *(.rela.sbss2)
 *(.rela.sbss2.*)
 *(.rela.gnu.linkonce.sb2.*)

.rel.bss
 *(.rel.bss)
 *(.rel.bss.*)
 *(.rel.gnu.linkonce.b.*)

.rela.bss
 *(.rela.bss)
 *(.rela.bss.*)
 *(.rela.gnu.linkonce.b.*)

.rel.plt
 *(.rel.plt)

.rela.plt
 *(.rela.plt)

.init.pre       0x00100074        0xc
 *(.init.pre)
 .init.pre      0x00100074        0xc multiboot.o

.init
 *(.text.init)
 *(.data.init)
                0x00101000                . = ALIGN (0x1000)

.special        0x00101000     0x1000
 *(.gdt)
 .gdt           0x00101000      0x800 init.o
                0x00101000                gdt
 *(.idt)
 .idt           0x00101800      0x800 init.o
                0x00101800                idt
                0x00102000                . = ALIGN (0x1000)
                0x00102000                _init_end = .

.text           0x00102000     0xc102
 *(.text)
 .text          0x00102000      0x7d3 main.o
                0x00102480                main_bootup
 *fill*         0x001027d3        0xd 9090
 .text          0x001027e0       0xe3 init.o
                0x00102830                _start
 *fill*         0x001028c3        0xd 9090
 .text          0x001028d0      0x1f7 multiboot.o
                0x001028d0                multiboot_init
 *fill*         0x00102ac7        0x9 9090
 .text          0x00102ad0      0x10f parse.o
                0x00102ad0                arguments_parse
 *fill*         0x00102bdf        0x1 9090
 .text          0x00102be0      0x341 debug.o
                0x00102cd0                system_debug_print
                0x00102be0                system_debug_init
 *fill*         0x00102f21        0x3 9090
 *fill*         0x00102f24        0xc 9090
 .text          0x00102f30       0xe4 cpu.o
                0x00102f60                cpu_init
                0x00102f30                cpu_get_info
 *fill*         0x00103014        0xc 9090
 .text          0x00103020       0x8a cpu_bugs.o
                0x00103020                cpu_bugs_search
 *fill*         0x001030aa        0x6 9090
 .text          0x001030b0      0xda7 cpu_id.o
                0x00103780                response_cpu_sub_type
                0x00103230                process_cpu_id
                0x00103870                process_features
                0x001034d0                cpuid_get_cpu_speed
                0x001030b0                cpu_id_detect
                0x00103520                process_vendor
                0x001035b0                response_cpu
                0x00103b50                process_amd_features
 *fill*         0x00103e57        0x9 9090
 .text          0x00103e60       0x66 halt.o
                0x00103e60                cpu_halt
 *fill*         0x00103ec6        0xa 9090
 .text          0x00103ed0       0x56 lock.o
                0x00103ed0                cpu_lock
                0x00103ef0                cpu_unlock
 *fill*         0x00103f26        0xa 9090
 .text          0x00103f30      0x433 irq.o
                0x001040a0                irq_register
                0x001041e0                irq_unregister
                0x00103f30                irq_init
 *fill*         0x00104363        0xd 9090
 .text          0x00104370      0x474 pic.o
                0x00104690                pic_enable_all_irq
                0x00104470                pic_enable_irq
                0x00104710                pic_acknowledge
                0x00104370                pic_remap_irq
                0x00104700                pic_init
                0x00104580                pic_disable_irq
                0x001046c0                pic_disable_all_irq
 *fill*         0x001047e4        0xc 9090
 .text          0x001047f0       0xb4 exception.o
                0x001047f0                exception_init
 *fill*         0x001048a4        0xc 9090
 .text          0x001048b0      0xd43 hardware.o
                0x00104990                EXCEPTION_HANDLER_DEVICE_NOT_AVAILABLE
                0x00104910                EXCEPTION_HANDLER_BREAKPOINT
                0x001048b0                EXCEPTION_HANDLER_DIVIDE_ERROR
                0x001048f0                EXCEPTION_HANDLER_NONMASKABLE_INTERRUPT
                0x00104930                EXCEPTION_HANDLER_OVERFLOW
                0x00104ab0                EXCEPTION_HANDLER_FLOATING_POINT_ERROR
                0x001048d0                EXCEPTION_HANDLER_DEBUG
                0x001049d0                EXCEPTION_HANDLER_COPROCESSOR_SEGMENT_OVERRUN
                0x00104af0                EXCEPTION_HANDLER_MACHINE_CHECK
                0x00104a30                EXCEPTION_HANDLER_STACK_FAULT
                0x00104a70                EXCEPTION_HANDLER_PAGE_FAULT
                0x00104a90                EXCEPTION_HANDLER_DUMMY
                0x001054d0                exception_hardware_init
                0x00104b10                EXCEPTION_HANDLER_STREAMING_SIMD_EXTENSIONS
                0x00104a10                EXCEPTION_HANDLER_SEGMENT_NOT_PRESENT
                0x001049f0                EXCEPTION_HANDLER_INVALID_TSS
                0x00104ad0                EXCEPTION_HANDLER_ALIGNMENT_CHECK
                0x001049b0                EXCEPTION_HANDLER_DOUBLE_FAULT
                0x00105280                exception_print_screen
                0x00104a50                EXCEPTION_HANDLER_GENERAL_PROTECTION
                0x00104970                EXCEPTION_HANDLER_INVALID_OPCODE
                0x00104950                EXCEPTION_HANDLER_BOUND_RANGE_EXCEEDED
 *fill*         0x001055f3        0xd 9090
 .text          0x00105600      0x41a software.o
                0x00105600                exception_add_handler
                0x00105710                exception_invoke_handler
                0x00105670                exception_remove_handler
                0x00105a10                exception_software_init
 *fill*         0x00105a1a        0x6 9090
 .text          0x00105a20      0x748 time.o
                0x00105ff0                clock_init
 *fill*         0x00106168        0x8 9090
 .text          0x00106170      0x1c5 dma.o
                0x00106240                dma_unregister
                0x00106270                dma_transfer
                0x00106200                dma_register
                0x00106170                dma_init
 *fill*         0x00106335        0xb 9090
 .text          0x00106340      0x8e0 dma_controller.o
                0x00106510                dma_contoller_disable_channel
                0x00106410                dma_contoller_enable_channel
                0x00106b10                dma_controller_transfer_cancel
                0x00106340                dma_controller_init
                0x00106610                dma_controller_transfer_start
 .text          0x00106c20      0x388 pit.o
                0x00106c20                pit_init
                0x00106ce0                pit_frequency_set
                0x00106f10                pit_counter_read
                0x00106c50                pit_mode_set
 *fill*         0x00106fa8        0x8 9090
 .text          0x00106fb0      0x4b4 timer.o
                0x00107340                timer_write
                0x00107110                timer_create
                0x00107270                timer_set_period
                0x001071b0                timer_destroy
                0x00107370                timer_init
                0x001071e0                timer_start
                0x001072e0                timer_read
                0x00107230                timer_stop
 *fill*         0x00107464        0xc 9090
 .text          0x00107470      0x126 timer_util.o
                0x00107520                timer_system_read
                0x00107480                timer_sleep_milli
                0x00107540                timer_system_init
                0x001074e0                timer_sleep_micro
                0x001074f0                timer_sleep_init
 *fill*         0x00107596        0xa 9090
 .text          0x001075a0       0x2a port.o
                0x001075b0                io_port_register
                0x001075a0                io_port_init
                0x001075c0                io_port_unregister
 *fill*         0x001075ca        0x6 9090
 .text          0x001075d0      0x94f thread.o
                0x00107830                thread_exit
                0x00107b80                thread_init
                0x001078b0                thread_switch_to_next
                0x001075f0                thread_lock
                0x00107680                thread_unlock
                0x00107850                thread_name_set
                0x00107810                thread_destroy
                0x00107880                thread_name_get
                0x001075d0                thread_get_current
                0x001076e0                thread_create
                0x00107a90                thread_print_list
 *fill*         0x00107f1f        0x1 9090
 .text          0x00107f20      0xef4 elf.o
                0x001088c0                elf_load_program
                0x00108650                elf_symbol_find_by_name
                0x00108170                elf_resolve
                0x00107f20                elf_identify
                0x00108880                elf_parse_program
                0x001085f0                elf_symbol_find_by_index
                0x00108320                elf_relocate
                0x00108030                elf_parse
                0x00108700                elf_load_module
 *fill*         0x00108e14        0xc 9090
 .text          0x00108e20      0x70f process.o
                0x00109260                process_print_list
                0x00108e90                dump_stack
                0x001090d0                process_create
                0x00109320                process_init
                0x00109230                process_name_get
                0x00109200                process_name_set
                0x00108eb0                process_thread_create
                0x00108e20                process_get_current
 *fill*         0x0010952f        0x1 9090
 .text          0x00109530       0xf4 tss.o
                0x00109530                tss_create
 *fill*         0x00109624        0xc 9090
 .text          0x00109630       0x8d allocate.o
                0x00109630                physical_memory_allocate
 *fill*         0x001096bd        0x3 9090
 .text          0x001096c0       0x43 deallocate.o
                0x001096c0                physical_memory_deallocate
 *fill*         0x00109703        0xd 9090
 .text          0x00109710       0xa8 internal_memory.o
                0x00109710                internal_memory_init
                0x00109730                internal_memory_deinit
 *fill*         0x001097b8        0x8 9090
 .text          0x001097c0      0x42b physical_memory_init.o
                0x001099d0                physical_memory_init
                0x001099c0                physical_memory_get_free_pages
                0x001099b0                physical_memory_get_total_pages
 *fill*         0x00109beb        0x5 9090
 .text          0x00109bf0       0x4a reserve.o
                0x00109bf0                physical_memory_reserve
 *fill*         0x00109c3a        0x6 9090
 .text          0x00109c40      0x2a3 page.o
                0x00109c40                page_lookup
                0x00109e00                page_system_init
                0x00109d20                page_map
                0x00109e40                page_enable
 *fill*         0x00109ee3        0xd 9090
 .text          0x00109ef0      0x563 virtual_memory.o
                0x0010a0b0                virtual_memory_destroy
                0x0010a1b0                virtual_memory_map
                0x0010a130                virtual_memory_deallocate
                0x00109f70                virtual_memory_create
                0x0010a1e0                virtual_memory_lookup
                0x0010a0f0                virtual_memory_allocate
                0x0010a210                virtual_memory_init
                0x0010a170                virtual_memory_reserve
 *fill*         0x0010a453        0xd 9090
 .text          0x0010a460       0xaa memory.o
                0x0010a4b0                global_memory_allocate
                0x0010a500                global_memory_deallocate
                0x0010a460                global_memory_init
 *fill*         0x0010a50a        0x6 9090
 .text          0x0010a510      0x23c slab.o
                0x0010a5a0                slab_superblock_init
                0x0010a510                slab_heap_index
                0x0010a550                slab_heap_init
 *fill*         0x0010a74c        0x4 9090
 .text          0x0010a750      0x183 system_call.o
                0x0010a750                system_call_init
                0x0010a7c0                system_call
 *fill*         0x0010a8d3        0x1 9090
 .text          0x0010a8d4      0x348 irq_handlers.o
                0x0010a97c                irq4_handler
                0x0010aa24                irq7_handler
                0x0010ab04                irq11_handler
                0x0010abe4                irq15_handler
                0x0010ab74                irq13_handler
                0x0010abac                irq14_handler
                0x0010ab3c                irq12_handler
                0x0010a944                irq3_handler
                0x0010a90c                irq1_handler
                0x0010a9ec                irq6_handler
                0x0010aacc                irq10_handler
                0x0010a8d4                irq0_handler
                0x0010aa94                irq9_handler
                0x0010aa5c                irq8_handler
                0x0010a9b4                irq5_handler
 .text          0x0010ac1c      0x32b exception_lowlevel.o
                0x0010add4                EXCEPTION_HANDLER_SEGMENT_NOT_PRESENT_LOWLEVEL
                0x0010ad0c                EXCEPTION_HANDLER_INVALID_OPCODE_LOWLEVEL
                0x0010aef7                EXCEPTION_HANDLER_MACHINE_CHECK_LOWLEVEL
                0x0010adfc                EXCEPTION_HANDLER_STACK_FAULT_LOWLEVEL
                0x0010aea7                EXCEPTION_HANDLER_FLOATING_POINT_ERROR_LOWLEVEL
                0x0010adac                EXCEPTION_HANDLER_INVALID_TSS_LOWLEVEL
                0x0010ad34                EXCEPTION_HANDLER_DEVICE_NOT_AVAILABLE_LOWLEVEL
                0x0010ae7f                EXCEPTION_HANDLER_DUMMY_LOWLEVEL
                0x0010af1f                EXCEPTION_HANDLER_STREAMING_SIMD_EXTENSIONS_LOWLEVEL
                0x0010ac1c                EXCEPTION_HANDLER_DIVIDE_ERROR_LOWLEVEL
                0x0010ace4                EXCEPTION_HANDLER_BOUND_RANGE_EXCEEDED_LOWLEVEL
                0x0010ad84                EXCEPTION_HANDLER_COPROCESSOR_SEGMENT_OVERRUN_LOWLEVEL
                0x0010ac6c                EXCEPTION_HANDLER_NONMASKABLE_INTERRUPT_LOWLEVEL
                0x0010acbc                EXCEPTION_HANDLER_OVERFLOW_LOWLEVEL
                0x0010ac44                EXCEPTION_HANDLER_DEBUG_LOWLEVEL
                0x0010ae24                EXCEPTION_HANDLER_GENERAL_PROTECTION_LOWLEVEL
                0x0010aecf                EXCEPTION_HANDLER_ALIGNMENT_CHECK_LOWLEVEL
                0x0010ad5c                EXCEPTION_HANDLER_DOUBLE_FAULT_LOWLEVEL
                0x0010ac94                EXCEPTION_HANDLER_BREAKPOINT_LOWLEVEL
                0x0010ae4c                EXCEPTION_HANDLER_PAGE_FAULT_LOWLEVEL
 *fill*         0x0010af47        0x1 9090
 .text          0x0010af48       0x49 thread_state.o
                0x0010af7a                thread_exit_lowlevel
                0x0010af86                thread_load_state
                0x0010af48                thread_yield
                0x0010af80                thread_load_state2
 *fill*         0x0010af91        0x3 9090
 .text          0x0010af94       0x15 process_state.o
                0x0010af94                process_load_state
 *fill*         0x0010afa9        0x3 9090
 .text          0x0010afac       0x1a system_call_lowlevel.o
                0x0010afac                system_call_lowlevel
 *fill*         0x0010afc6        0xa 9090
 .text          0x0010afd0      0x83e ../Libraries/string.a(conversions.o)
                0x0010b730                string_to_uint32
                0x0010b1f0                string_to_int32_with_base_autodetect
                0x0010b640                string_to_int32
                0x0010afd0                string_to_double
                0x0010b3b0                uint32_to_string
 *fill*         0x0010b80e        0x2 9090
 .text          0x0010b810      0x9a2 ../Libraries/string.a(format.o)
                0x0010b810                string_print
                0x0010bdd0                string_scan_va
                0x0010b830                string_print_va
                0x0010bdb0                string_scan
 *fill*         0x0010c1b2        0xe 9090
 .text          0x0010c1c0      0x318 ../Libraries/string.a(general-inlines.o)
                0x0010c300                string_sep
                0x0010c410                string_scn
                0x0010c210                string_tok
                0x0010c460                string_i_compare_max
                0x0010c1c0                string_pbrk
                0x0010c3d0                string_spn
 *fill*         0x0010c4d8        0x8 9090
 .text          0x0010c4e0      0x1f4 ../Libraries/string.a(character.o)
                0x0010c660                char_is_upper
                0x0010c600                char_is_digit
                0x0010c620                char_is_lower
                0x0010c680                char_is_heximal_digit
                0x0010c500                char_to_lower_case
                0x0010c560                int_to_char
                0x0010c520                char_to_int
                0x0010c640                char_is_space
                0x0010c5f0                char_is_control
                0x0010c6b0                char_is_number
                0x0010c5d0                char_is_alpha
                0x0010c4e0                char_to_upper_case
                0x0010c590                char_is_alpha_or_number
 *fill*         0x0010c6d4        0xc 9090
 .text          0x0010c6e0      0x1b4 ../Libraries/list.a(list.o)
                0x0010c730                list_node_insert
                0x0010c7e0                list_node_remove_last
                0x0010c7a0                list_node_remove
                0x0010c6e0                list_create
                0x0010c820                list_get_iterator
                0x0010c840                list_get_reverse_iterator
 *fill*         0x0010c894        0xc 9090
 .text          0x0010c8a0      0x417 ../Libraries/pool_of_integers.a(pool_of_integers.o)
                0x0010c8a0                pool_of_integers_init
                0x0010ca50                pool_of_integers_allocate
                0x0010cb50                pool_of_integers_deallocate
                0x0010c930                pool_of_integers_reserve
 *fill*         0x0010ccb7        0x9 9090
 .text          0x0010ccc0      0x684 ../Libraries/pool_of_ranges.a(id_pool.o)
                0x0010d2e0                pool_is_empty
                0x0010d1c0                pool_init
                0x0010ccc0                pool_allocate
                0x0010d2b0                pool_is_full
                0x0010d2a0                pool_get_iterator
                0x0010cfc0                pool_deallocate
                0x0010cda0                pool_reserve
 *fill*         0x0010d344        0xc 9090
 .text          0x0010d350      0x4ff ../Libraries/avl_tree.a(avl.o)
                0x0010d730                avl_tree_destroy
                0x0010d5b0                avl_tree_search_node
                0x0010d770                avl_tree_get_smallest_node
                0x0010d800                avl_tree_get_reverse_iterator
                0x0010d7a0                avl_tree_get_largest_node
                0x0010d6f0                avl_tree_create
                0x0010d3e0                avl_tree_add_node
                0x0010d660                avl_tree_search_nearest_node
                0x0010d7d0                avl_tree_get_iterator
                0x0010d470                avl_tree_delete_node
                0x0010d740                avl_tree_update_node
 *fill*         0x0010d84f        0x1 9090
 .text          0x0010d850      0x8b2 ../Libraries/avl_tree.a(avl_util.o)
                0x0010e0d0                get_most_left_node
                0x0010e0b0                get_right_level
                0x0010e0f0                get_most_right_node
                0x0010e090                get_left_level
                0x0010d850                exchange
                0x0010dea0                update
                0x0010e060                get_pointer_from_parent
                0x0010df60                update2
 *(.text.*)
 *(.stub)
 *(.gnu.warning)
 *(.gnu.linkonce.t.*)

.fini
 *(.fini)
                0x0010e102                PROVIDE (__etext, .)
                0x0010e102                PROVIDE (_etext, .)
                0x0010e102                PROVIDE (etext, .)

.rodata         0x0010e120     0x1bad
 *(.rodata)
 .rodata        0x0010e120      0x1cd main.o
 *fill*         0x0010e2ed       0x13 00
 .rodata        0x0010e300       0x53 debug.o
 *fill*         0x0010e353        0xd 00
 .rodata        0x0010e360       0xd8 cpu_id.o
 .rodata        0x0010e438       0x65 irq.o
 *fill*         0x0010e49d        0x3 00
 .rodata        0x0010e4a0       0xf3 pic.o
 .rodata        0x0010e593       0x11 exception.o
 *fill*         0x0010e5a4       0x1c 00
 .rodata        0x0010e5c0      0x80b hardware.o
 *fill*         0x0010edcb       0x15 00
 .rodata        0x0010ede0      0x180 software.o
 .rodata        0x0010ef60       0x51 time.o
 *fill*         0x0010efb1        0xf 00
 .rodata        0x0010efc0      0x2df dma_controller.o
 *fill*         0x0010f29f        0x1 00
 .rodata        0x0010f2a0      0x162 pit.o
 .rodata        0x0010f402        0x5 timer.o
 .rodata        0x0010f407        0xa thread.o
 *fill*         0x0010f411        0xf 00
 .rodata        0x0010f420      0x163 elf.o
 *fill*         0x0010f583       0x1d 00
 .rodata        0x0010f5a0       0xdf process.o
 .rodata        0x0010f67f       0x2c allocate.o
 *fill*         0x0010f6ab       0x15 00
 .rodata        0x0010f6c0      0x10c physical_memory_init.o
 *fill*         0x0010f7cc       0x14 00
 .rodata        0x0010f7e0       0xad virtual_memory.o
 *fill*         0x0010f88d       0x13 00
 .rodata        0x0010f8a0       0x20 slab.o
                0x0010f8a0                slab_block_size
 .rodata        0x0010f8c0       0x40 system_call.o
 .rodata        0x0010f900       0x85 ../Libraries/string.a(conversions.o)
 *fill*         0x0010f985        0xb 00
 .rodata        0x0010f990      0x32c ../Libraries/string.a(format.o)
 .rodata        0x0010fcbc       0x11 ../Libraries/string.a(character.o)
 *(.rodata.*)
 *(.gnu.linkonce.r.*)

.rodata1
 *(.rodata1)

.sdata2
 *(.sdata2)
 *(.sdata2.*)
 *(.gnu.linkonce.s2.*)

.sbss2
 *(.sbss2)
 *(.sbss2.*)
 *(.gnu.linkonce.sb2.*)
                0x00110ccd                . = (ALIGN (0x1000) + (. & 0xfff))

.data           0x00110ce0     0x20d4
 *(.data)
 .data          0x00110ce0     0x1aac main.o
                0x00112775                parse_parameters
                0x00112788                storm_environ
                0x00112748                storm_info
                0x0011276a                parse_disable
                0x00112760                parse_enable
                0x00110ce0                subsystem_built_in
 *fill*         0x0011278c       0x14 00
 .data          0x001127a0       0x34 init.o
 .data          0x001127d4       0x19 debug.o
 *fill*         0x001127ed        0x3 00
 *fill*         0x001127f0       0x10 00
 .data          0x00112800      0x288 cpu_id.o
                0x00112800                Vendor_records
                0x0011294a                family7
                0x00112920                family6
                0x00112854                family2
                0x0011284e                family1
                0x001128c0                family5
                0x00112848                family0
                0x00112960                CPU_families
                0x0011285a                family3
                0x001129a0                CPU_sub_records
                0x00112860                family4
 .data          0x00112a88        0x4 exception.o
                0x00112a88                output_enabled
 *fill*         0x00112a8c       0x14 00
 .data          0x00112aa0      0x1a4 hardware.o
                0x00112aa0                exception_hardware_descriptions
 .data          0x00112c44       0x30 time.o
 .data          0x00112c74       0x1d timer.o
                0x00112c74                hz
                0x00112c78                ticks
 *fill*         0x00112c91        0x3 00
 .data          0x00112c94        0x4 timer_util.o
 *fill*         0x00112c98        0x8 00
 .data          0x00112ca0       0x80 thread.o
                0x00112cc0                waiting_threads
                0x00112ca0                current_thread
                0x00112ca4                running_threads
                0x00112d10                jump_data
                0x00112cdc                threads_lock
 .data          0x00112d20       0x6c process.o
                0x00112d3c                processes_lock
                0x00112d20                processes
                0x00112d40                current_process
 .data          0x00112d8c        0xc internal_memory.o
                0x00112d90                imemory
 .data          0x00112d98        0xc virtual_memory.o
                0x00112d9c                rmi
 .data          0x00112da4        0xc memory.o
                0x00112da4                memory_structure
 .data          0x00112db0        0x4 ../Libraries/string.a(character.o)
 *(.data.*)
 *(.gnu.linkonce.d.*)

.data1
 *(.data1)

.eh_frame
 *(.eh_frame)

.gcc_except_table
 *(.gcc_except_table)

.ctors
 *crtbegin.o(.ctors)
 *(EXCLUDE_FILE(*crtend.o) .ctors)
 *(SORT(.ctors.*))
 *(.ctors)

.dtors
 *crtbegin.o(.dtors)
 *(EXCLUDE_FILE(*crtend.o) .dtors)
 *(SORT(.dtors.*))
 *(.dtors)

.got
 *(.got.plt)
 *(.got)

.dynamic
 *(.dynamic)

.sdata
 *(.sdata)
 *(.sdata.*)
 *(.gnu.linkonce.s.*)
                0x00112db4                _edata = .
                0x00112db4                PROVIDE (edata, .)
                0x00112db4                __bss_start = .

.sbss           0x00112db4        0x0
                0x00112db4                PROVIDE (__sbss_start, .)
                0x00112db4                PROVIDE (___sbss_start, .)
 *(.dynsbss)
 *(.sbss)
 *(.sbss.*)
 *(.gnu.linkonce.sb.*)
 *(.scommon)
                0x00112db4                PROVIDE (__sbss_end, .)
                0x00112db4                PROVIDE (___sbss_end, .)

.bss            0x00112dc0    0x1e554
 *(.dynbss)
 *(.bss)
 .bss           0x00112dc0      0x404 init.o
 *fill*         0x001131c4       0x1c 00
 .bss           0x001131e0      0x900 multiboot.o
 .bss           0x00113ae0      0x108 cpu.o
 .bss           0x00113be8        0x8 software.o
 .bss           0x00113bf0        0x8 time.o
 *fill*         0x00113bf8        0x8 00
 .bss           0x00113c00      0x180 thread.o
 .bss           0x00113d80      0x37c process.o
 *fill*         0x001140fc        0x4 00
 .bss           0x00114100     0x7d14 internal_memory.o
 *fill*         0x0011be14        0xc 00
 .bss           0x0011be20     0x7d34 virtual_memory.o
 *(.bss.*)
 *(.gnu.linkonce.b.*)
 *(COMMON)
 *fill*         0x00123b54        0xc 00
 COMMON         0x00123b60     0x1000 init.o
                                  0x0 (size before relaxing)
                0x00123b60                kernel_stack
 COMMON         0x00124b60     0xc240 multiboot.o
                                  0x0 (size before relaxing)
                0x00124b60                multiboot_info
                0x00124ba0                multiboot_memory_map
                0x00130ba0                multiboot_module_info
 COMMON         0x00130da0       0x84 irq.o
                                  0x0 (size before relaxing)
                0x00130da0                irq_handlers
                0x00130de0                irq_handlers_data
                0x00130e20                current_stack_pointer
 *fill*         0x00130e24       0x1c 00
 COMMON         0x00130e40       0x54 dma.o
                                  0x0 (size before relaxing)
                0x00130e40                dma_channels
 COMMON         0x00130e94        0x9 pit.o
                                  0x0 (size before relaxing)
                0x00130e94                pit_divisor
                0x00130e9a                pit_mode
 *fill*         0x00130e9d        0x3 00
 COMMON         0x00130ea0       0x1c timer.o
                                  0x0 (size before relaxing)
                0x00130ea0                timers
 COMMON         0x00130ebc       0x38 timer_util.o
                                  0x0 (size before relaxing)
                0x00130ebc                sleep_timer
                0x00130ed8                system_timer
 *fill*         0x00130ef4        0xc 00
 COMMON         0x00130f00      0x3a0 thread.o
                                  0x0 (size before relaxing)
                0x00130f00                process_kernel
                0x0013107c                thread_timer
                0x001310a0                tss_kernel
                0x00131120                thread_main
 COMMON         0x001312a0        0xc process.o
                                  0x0 (size before relaxing)
                0x001312a0                parsed
 *fill*         0x001312ac       0x14 00
 COMMON         0x001312c0       0x4c physical_memory_init.o
                                  0x0 (size before relaxing)
                0x001312c0                block_pool
 COMMON         0x0013130c        0x4 virtual_memory.o
                                  0x0 (size before relaxing)
                0x0013130c                global_page_directory
 COMMON         0x00131310        0x4 ../Libraries/string.a(general-inlines.o)
                                  0x0 (size before relaxing)
                0x00131310                ___strtok
                0x00131314                . = ALIGN (0x4)
                0x00131314                . = ALIGN (0x4)
                0x00131314                _end = .
                0x00131314                PROVIDE (end, .)

.stab           0x00000000    0x2511c
 *(.stab)
 .stab          0x00000000     0x1ac4 main.o
                               0x1b54 (size before relaxing)
 .stab          0x00001ac4      0x6c0 init.o
                               0x10e0 (size before relaxing)
 .stab          0x00002184      0xa74 multiboot.o
                               0x15d8 (size before relaxing)
 .stab          0x00002bf8      0x6e4 parse.o
                               0x10d4 (size before relaxing)
 .stab          0x000032dc      0xcc0 debug.o
                               0x180c (size before relaxing)
 .stab          0x00003f9c      0x648 gdb.o
                               0x117c (size before relaxing)
 .stab          0x000045e4      0x8e8 cpu.o
                               0x141c (size before relaxing)
 .stab          0x00004ecc      0x780 cpu_bugs.o
                               0x12c0 (size before relaxing)
 .stab          0x0000564c     0x168c cpu_id.o
                               0x21cc (size before relaxing)
 .stab          0x00006cd8      0x750 halt.o
                               0x1284 (size before relaxing)
 .stab          0x00007428      0x75c lock.o
                               0x1290 (size before relaxing)
 .stab          0x00007b84      0xc60 irq.o
                               0x1794 (size before relaxing)
 .stab          0x000087e4      0xb7c pic.o
                               0x16c8 (size before relaxing)
 .stab          0x00009360      0x804 exception.o
                               0x1338 (size before relaxing)
 .stab          0x00009b64     0x159c hardware.o
                               0x20f4 (size before relaxing)
 .stab          0x0000b100      0xa98 software.o
                               0x15f0 (size before relaxing)
 .stab          0x0000bb98      0xbac time.o
                               0x16e0 (size before relaxing)
 .stab          0x0000c744      0x99c dma.o
                               0x14d0 (size before relaxing)
 .stab          0x0000d0e0      0xdf8 dma_controller.o
                               0x1938 (size before relaxing)
 .stab          0x0000ded8      0xaf8 pit.o
                               0x162c (size before relaxing)
 .stab          0x0000e9d0      0xcc0 timer.o
                               0x183c (size before relaxing)
 .stab          0x0000f690      0x8d0 timer_util.o
                               0x144c (size before relaxing)
 .stab          0x0000ff60      0x618 port.o
                                0xffc (size before relaxing)
 .stab          0x00010578     0x15f0 thread.o
                               0x213c (size before relaxing)
 .stab          0x00011b68     0x1974 elf.o
                               0x24c0 (size before relaxing)
 .stab          0x000134dc     0x11ac process.o
                               0x1e30 (size before relaxing)
 .stab          0x00014688      0x870 tss.o
                               0x13c8 (size before relaxing)
 .stab          0x00014ef8      0x768 allocate.o
                               0x12a8 (size before relaxing)
 .stab          0x00015660      0x6fc deallocate.o
                               0x1248 (size before relaxing)
 .stab          0x00015d5c      0x870 internal_memory.o
                               0x13bc (size before relaxing)
 .stab          0x000165cc      0xabc physical_memory_init.o
                               0x1650 (size before relaxing)
 .stab          0x00017088      0x708 reserve.o
                               0x1254 (size before relaxing)
 .stab          0x00017790      0xb40 page.o
                               0x1530 (size before relaxing)
 .stab          0x000182d0     0x1014 virtual_memory.o
                               0x1b9c (size before relaxing)
 .stab          0x000192e4      0x87c memory.o
                               0x13bc (size before relaxing)
 .stab          0x00019b60      0x96c slab.o
                               0x14dc (size before relaxing)
 .stab          0x0001a4cc      0x7ec system_call.o
                               0x1320 (size before relaxing)
 .stab          0x0001acb8     0x18a8 ../Libraries/string.a(conversions.o)
                               0x18c0 (size before relaxing)
 .stab          0x0001c560     0x1320 ../Libraries/string.a(format.o)
                               0x1728 (size before relaxing)
 .stab          0x0001d880      0xd98 ../Libraries/string.a(general-inlines.o)
                               0x11a0 (size before relaxing)
 .stab          0x0001e618      0x864 ../Libraries/string.a(character.o)
                                0xc6c (size before relaxing)
 .stab          0x0001ee7c      0x8f4 ../Libraries/list.a(list.o)
                                0xc24 (size before relaxing)
 .stab          0x0001f770      0xd2c ../Libraries/pool_of_integers.a(pool_of_integers.o)
                               0x10ec (size before relaxing)
 .stab          0x0002049c     0x1da0 ../Libraries/pool_of_ranges.a(id_pool.o)
                               0x1e6c (size before relaxing)
 .stab          0x0002223c     0x138c ../Libraries/avl_tree.a(avl.o)
                               0x19f8 (size before relaxing)
 .stab          0x000235c8     0x1b54 ../Libraries/avl_tree.a(avl_util.o)
                               0x2220 (size before relaxing)

.stabstr        0x00000000    0x13ce7
 *(.stabstr)
 .stabstr       0x00000000    0x13ce7 main.o
                                  0x0 (size before relaxing)

.stab.excl
 *(.stab.excl)

.stab.exclstr
 *(.stab.exclstr)

.stab.index
 *(.stab.index)

.stab.indexstr
 *(.stab.indexstr)

.comment        0x00000000      0x33c
 *(.comment)
 .comment       0x00000000       0x12 main.o
 .comment       0x00000012       0x12 init.o
 .comment       0x00000024       0x12 multiboot.o
 .comment       0x00000036       0x12 parse.o
 .comment       0x00000048       0x12 debug.o
 .comment       0x0000005a       0x12 gdb.o
 .comment       0x0000006c       0x12 cpu.o
 .comment       0x0000007e       0x12 cpu_bugs.o
 .comment       0x00000090       0x12 cpu_id.o
 .comment       0x000000a2       0x12 halt.o
 .comment       0x000000b4       0x12 lock.o
 .comment       0x000000c6       0x12 irq.o
 .comment       0x000000d8       0x12 pic.o
 .comment       0x000000ea       0x12 exception.o
 .comment       0x000000fc       0x12 hardware.o
 .comment       0x0000010e       0x12 software.o
 .comment       0x00000120       0x12 time.o
 .comment       0x00000132       0x12 dma.o
 .comment       0x00000144       0x12 dma_controller.o
 .comment       0x00000156       0x12 pit.o
 .comment       0x00000168       0x12 timer.o
 .comment       0x0000017a       0x12 timer_util.o
 .comment       0x0000018c       0x12 port.o
 .comment       0x0000019e       0x12 thread.o
 .comment       0x000001b0       0x12 elf.o
 .comment       0x000001c2       0x12 process.o
 .comment       0x000001d4       0x12 tss.o
 .comment       0x000001e6       0x12 allocate.o
 .comment       0x000001f8       0x12 deallocate.o
 .comment       0x0000020a       0x12 internal_memory.o
 .comment       0x0000021c       0x12 physical_memory_init.o
 .comment       0x0000022e       0x12 reserve.o
 .comment       0x00000240       0x12 page.o
 .comment       0x00000252       0x12 virtual_memory.o
 .comment       0x00000264       0x12 memory.o
 .comment       0x00000276       0x12 slab.o
 .comment       0x00000288       0x12 system_call.o
 .comment       0x0000029a       0x12 ../Libraries/string.a(conversions.o)
 .comment       0x000002ac       0x12 ../Libraries/string.a(format.o)
 .comment       0x000002be       0x12 ../Libraries/string.a(general-inlines.o)
 .comment       0x000002d0       0x12 ../Libraries/string.a(character.o)
 .comment       0x000002e2       0x12 ../Libraries/list.a(list.o)
 .comment       0x000002f4       0x12 ../Libraries/pool_of_integers.a(pool_of_integers.o)
 .comment       0x00000306       0x12 ../Libraries/pool_of_ranges.a(id_pool.o)
 .comment       0x00000318       0x12 ../Libraries/avl_tree.a(avl.o)
 .comment       0x0000032a       0x12 ../Libraries/avl_tree.a(avl_util.o)

.debug
 *(.debug)

.line
 *(.line)

.debug_srcinfo
 *(.debug_srcinfo)

.debug_sfnames
 *(.debug_sfnames)

.debug_aranges
 *(.debug_aranges)

.debug_pubnames
 *(.debug_pubnames)

.debug_info
 *(.debug_info)
 *(.gnu.linkonce.wi.*)

.debug_abbrev
 *(.debug_abbrev)

.debug_line
 *(.debug_line)

.debug_frame
 *(.debug_frame)

.debug_str
 *(.debug_str)

.debug_loc
 *(.debug_loc)

.debug_macinfo
 *(.debug_macinfo)

.debug_weaknames
 *(.debug_weaknames)

.debug_funcnames
 *(.debug_funcnames)

.debug_typenames
 *(.debug_typenames)

.debug_varnames
 *(.debug_varnames)
OUTPUT(storm elf32-i386)
