
Memory Configuration

Name             Origin             Length             Attributes
*default*        0x00000000         0xffffffff

Linker script and memory map

LOAD /usr/lib/crt1.o
LOAD /usr/lib/crti.o
LOAD /usr/local/lib/gcc-lib/i686-pc-linux-gnu/3.0.4/crtbegin.o
LOAD test.o
LOAD /usr/local/lib/gcc-lib/i686-pc-linux-gnu/3.0.4/../../../libstdc++.so
LOAD /usr/lib/libm.so
LOAD /usr/local/lib/gcc-lib/i686-pc-linux-gnu/3.0.4/../../../libgcc_s.so
LOAD /usr/local/lib/gcc-lib/i686-pc-linux-gnu/3.0.4/libgcc.a
LOAD /usr/lib/libc.so
START GROUP
LOAD /lib/libc.so.6
LOAD /usr/lib/libc_nonshared.a
END GROUP
LOAD /usr/local/lib/gcc-lib/i686-pc-linux-gnu/3.0.4/../../../libgcc_s.so
LOAD /usr/local/lib/gcc-lib/i686-pc-linux-gnu/3.0.4/libgcc.a
LOAD /usr/local/lib/gcc-lib/i686-pc-linux-gnu/3.0.4/crtend.o
LOAD /usr/lib/crtn.o
                0x080480f4                . = (0x8048000 + SIZEOF_HEADERS)

.interp         0x080480f4       0x13
 *(.interp)
 .interp        0x080480f4       0x13 /usr/lib/crt1.o

.note.ABI-tag   0x08048108       0x20
 .note.ABI-tag  0x08048108       0x20 /usr/lib/crt1.o

.hash           0x08048128       0xb0
 *(.hash)
 .hash          0x08048128       0xb0 /usr/lib/crt1.o

.dynsym         0x080481d8      0x190
 *(.dynsym)
 .dynsym        0x080481d8      0x190 /usr/lib/crt1.o

.dynstr         0x08048368      0x1b3
 *(.dynstr)
 .dynstr        0x08048368      0x1b3 /usr/lib/crt1.o

.gnu.version    0x0804851c       0x32
 *(.gnu.version)
 .gnu.version   0x0804851c       0x32 /usr/lib/crt1.o

.gnu.version_d
 *(.gnu.version_d)

.gnu.version_r  0x08048550       0x50
 *(.gnu.version_r)
 .gnu.version_r
                0x08048550       0x50 /usr/lib/crt1.o

.rel.dyn        0x080485a0       0x10
 *(.rel.init)
 *(.rel.text .rel.text.* .rel.gnu.linkonce.t.*)
 *(.rel.fini)
 *(.rel.rodata .rel.rodata.* .rel.gnu.linkonce.r.*)
 *(.rel.data .rel.data.* .rel.gnu.linkonce.d.*)
 *(.rel.tdata .rel.tdata.* .rel.gnu.linkonce.td.*)
 *(.rel.tbss .rel.tbss.* .rel.gnu.linkonce.tb.*)
 *(.rel.ctors)
 *(.rel.dtors)
 *(.rel.got)
 .rel.got       0x080485a0        0x8 /usr/lib/crt1.o
 *(.rel.bss .rel.bss.* .rel.gnu.linkonce.b.*)
 .rel.bss       0x080485a8        0x8 /usr/lib/crt1.o

.rela.dyn
 *(.rela.init)
 *(.rela.text .rela.text.* .rela.gnu.linkonce.t.*)
 *(.rela.fini)
 *(.rela.rodata .rela.rodata.* .rela.gnu.linkonce.r.*)
 *(.rela.data .rela.data.* .rela.gnu.linkonce.d.*)
 *(.rela.tdata .rela.tdata.* .rela.gnu.linkonce.td.*)
 *(.rela.tbss .rela.tbss.* .rela.gnu.linkonce.tb.*)
 *(.rela.ctors)
 *(.rela.dtors)
 *(.rela.got)
 *(.rela.bss .rela.bss.* .rela.gnu.linkonce.b.*)

.rel.plt        0x080485b0       0x48
 *(.rel.plt)
 .rel.plt       0x080485b0       0x48 /usr/lib/crt1.o

.rela.plt
 *(.rela.plt)

.init           0x080485f8       0x2f
 *(.init)
 .init          0x080485f8       0x20 /usr/lib/crti.o
                0x080485f8                _init
 .init          0x08048618        0x5 /usr/local/lib/gcc-lib/i686-pc-linux-gnu/3.0.4/crtbegin.o
 .init          0x0804861d        0x5 /usr/local/lib/gcc-lib/i686-pc-linux-gnu/3.0.4/crtend.o
 .init          0x08048622        0x5 /usr/lib/crtn.o

.plt            0x08048628       0xa0
 *(.plt)
 .plt           0x08048628       0xa0 /usr/lib/crt1.o
                0x08048638                __deregister_frame_info_bases@@GCC_3.0
                0x08048648                __cxa_end_catch
                0x08048658                __gxx_personality_v0
                0x08048668                __cxa_throw
                0x08048678                __register_frame_info_bases@@GCC_3.0
                0x08048688                __libc_start_main@@GLIBC_2.0
                0x08048698                __cxa_begin_catch
                0x080486a8                __cxa_allocate_exception

.text           0x080486d0      0x1cc
 *(.text .stub .text.* .gnu.linkonce.t.*)
 .text          0x080486d0       0x24 /usr/lib/crt1.o
                0x080486d0                _start
 *fill*         0x080486f4        0xc 90909090
 .text          0x08048700       0xda /usr/local/lib/gcc-lib/i686-pc-linux-gnu/3.0.4/crtbegin.o
 *fill*         0x080487da        0x6 90909090
 .text          0x080487e0       0x5a test.o
                0x080487e0                main
 *fill*         0x0804883a        0x6 90909090
 .text          0x08048840       0x5a /usr/local/lib/gcc-lib/i686-pc-linux-gnu/3.0.4/crtend.o
 *fill*         0x0804889a        0x2 90909090
 *(.gnu.warning)

.fini           0x0804889c       0x1a
 *(.fini)
 .fini          0x0804889c       0x10 /usr/lib/crti.o
                0x0804889c                _fini
 .fini          0x080488ac        0x5 /usr/local/lib/gcc-lib/i686-pc-linux-gnu/3.0.4/crtbegin.o
 .fini          0x080488b1        0x5 /usr/lib/crtn.o
                0x080488b6                PROVIDE (__etext, .)
                0x080488b6                PROVIDE (_etext, .)
                0x080488b6                PROVIDE (etext, .)

.rodata         0x080488b8        0x8
 *(.rodata .rodata.* .gnu.linkonce.r.*)
 .rodata        0x080488b8        0x8 /usr/lib/crt1.o
                0x080488bc                _IO_stdin_used

.rodata1
 *(.rodata1)

.eh_frame_hdr
 *(.eh_frame_hdr)
                0x080498c0                . = (0x1000 DATA_SEGMENT_ALIGN 0x1000)
                0x080498c0                . = ALIGN (0x4)
                0x080498c0                PROVIDE (__preinit_array_start, .)

.preinit_array
 *(.preinit_array)
                0x080498c0                PROVIDE (__preinit_array_end, .)
                0x080498c0                PROVIDE (__init_array_start, .)

.init_array
 *(.init_array)
                0x080498c0                PROVIDE (__init_array_end, .)
                0x080498c0                PROVIDE (__fini_array_start, .)

.fini_array
 *(.fini_array)
                0x080498c0                PROVIDE (__fini_array_end, .)

.data           0x080498c0       0x14
 *(.data .data.* .gnu.linkonce.d.*)
 .data          0x080498c0        0x4 /usr/lib/crt1.o
                0x080498c0                data_start
                0x080498c0                __data_start
 .data          0x080498c4        0xc /usr/local/lib/gcc-lib/i686-pc-linux-gnu/3.0.4/crtbegin.o
                0x080498c4                __dso_handle
 .data          0x080498d0        0x4 /usr/local/lib/gcc-lib/i686-pc-linux-gnu/3.0.4/crtend.o

.data1
 *(.data1)

.tdata
 *(.tdata .tdata.* .gnu.linkonce.td.*)

.tbss
 *(.tbss .tbss.* .gnu.linkonce.tb.*)
 *(.tcommon)

.eh_frame       0x080498d4       0x54
 *(.eh_frame)
 .eh_frame      0x080498d4       0x50 test.o
 .eh_frame      0x08049924        0x4 /usr/local/lib/gcc-lib/i686-pc-linux-gnu/3.0.4/crtend.o

.gcc_except_table
                0x08049928       0x28
 *(.gcc_except_table)
 .gcc_except_table
                0x08049928       0x28 test.o

.dynamic        0x08049950       0xe0
 *(.dynamic)
 .dynamic       0x08049950       0xe0 /usr/lib/crt1.o
                0x08049950                _DYNAMIC

.ctors          0x08049a30        0x8
 *crtbegin.o(.ctors)
 .ctors         0x08049a30        0x4 /usr/local/lib/gcc-lib/i686-pc-linux-gnu/3.0.4/crtbegin.o
 *(EXCLUDE_FILE(*crtend.o) .ctors)
 *(SORT(.ctors.*))
 *(.ctors)
 .ctors         0x08049a34        0x4 /usr/local/lib/gcc-lib/i686-pc-linux-gnu/3.0.4/crtend.o

.dtors          0x08049a38        0x8
 *crtbegin.o(.dtors)
 .dtors         0x08049a38        0x4 /usr/local/lib/gcc-lib/i686-pc-linux-gnu/3.0.4/crtbegin.o
 *(EXCLUDE_FILE(*crtend.o) .dtors)
 *(SORT(.dtors.*))
 *(.dtors)
 .dtors         0x08049a3c        0x4 /usr/local/lib/gcc-lib/i686-pc-linux-gnu/3.0.4/crtend.o

.jcr
 *(.jcr)

.got            0x08049a40       0x34
 *(.got.plt)
 .got.plt       0x08049a40       0x30 /usr/lib/crt1.o
                0x08049a40                _GLOBAL_OFFSET_TABLE_
 *(.got)
 .got           0x08049a70        0x4 /usr/lib/crt1.o
                0x08049a74                _edata = .
                0x08049a74                PROVIDE (edata, .)
                0x08049a74                __bss_start = .

.bss            0x08049a74       0x28
 *(.dynbss)
 *fill*         0x08049a74        0x4 00
 .dynbss        0x08049a78        0x8 /usr/lib/crt1.o
                0x08049a78                typeinfo for int
 *(.bss .bss.* .gnu.linkonce.b.*)
 .bss           0x08049a80       0x1c /usr/local/lib/gcc-lib/i686-pc-linux-gnu/3.0.4/crtbegin.o
 *(COMMON)
                0x08049a9c                . = ALIGN (0x4)
                0x08049a9c                . = ALIGN (0x4)
                0x08049a9c                _end = .
                0x08049a9c                PROVIDE (end, .)
                0x08049a9c                . = DATA_SEGMENT_END (.)

.stab           0x00000000      0x918
 *(.stab)
 .stab          0x00000000      0x744 /usr/lib/crt1.o
                                0x750 (size before relaxing)
 .stab          0x00000744      0x1d4 test.o
                                0x1e0 (size before relaxing)

.stabstr        0x00000000     0x167e
 *(.stabstr)
 .stabstr       0x00000000     0x167e /usr/lib/crt1.o
                                  0x0 (size before relaxing)

.stab.excl
 *(.stab.excl)

.stab.exclstr
 *(.stab.exclstr)

.stab.index
 *(.stab.index)

.stab.indexstr
 *(.stab.indexstr)

.comment        0x00000000       0xed
 *(.comment)
 .comment       0x00000000       0x3d /usr/lib/crt1.o
 .comment       0x0000003d       0x3d /usr/lib/crti.o
 .comment       0x0000007a       0x12 /usr/local/lib/gcc-lib/i686-pc-linux-gnu/3.0.4/crtbegin.o
 .comment       0x0000008c       0x12 test.o
 .comment       0x0000009e       0x12 /usr/local/lib/gcc-lib/i686-pc-linux-gnu/3.0.4/crtend.o
 .comment       0x000000b0       0x3d /usr/lib/crtn.o

.debug
 *(.debug)

.line
 *(.line)

.debug_srcinfo
 *(.debug_srcinfo)

.debug_sfnames
 *(.debug_sfnames)

.debug_aranges
 *(.debug_aranges)

.debug_pubnames
 *(.debug_pubnames)

.debug_info
 *(.debug_info .gnu.linkonce.wi.*)

.debug_abbrev
 *(.debug_abbrev)

.debug_line
 *(.debug_line)

.debug_frame
 *(.debug_frame)

.debug_str
 *(.debug_str)

.debug_loc
 *(.debug_loc)

.debug_macinfo
 *(.debug_macinfo)

.debug_weaknames
 *(.debug_weaknames)

.debug_funcnames
 *(.debug_funcnames)

.debug_typenames
 *(.debug_typenames)

.debug_varnames
 *(.debug_varnames)
OUTPUT(test elf32-i386)

.note           0x00000000       0x3c
 .note          0x00000000       0x14 /usr/lib/crt1.o
 .note          0x00000014       0x14 /usr/lib/crti.o
 .note          0x00000028       0x14 /usr/lib/crtn.o
